50.28.26.55 - - [24/Mar/2012:06:41:48 +0000]  "GET /v1/deals/?key=P5xxUChcwZuDvA7L&radius=50&lat=38.895425&lon=-99.045268 HTTP/1.1" 200 200 "-" "-" 0.324 0.324 .
183.82.97.2 - - [24/Mar/2012:06:41:48 +0000]  "GET /ajax/done_calculating/ HTTP/1.1" 200 55 "http://yipit.com/nation/" "Mozilla/5.0 (Windows NT 6.1) AppleWebKit/535.11 (KHTML, like Gecko) Chrome/17.0.963.79 Safari/535.11" 0.025 0.025 .
50.57.121.254 - - [24/Mar/2012:06:41:48 +0000]  "GET / HTTP/1.1" 200 4803 "-" "Mozilla/5.0 (Windows NT 6.1; WOW64) AppleWebKit/535.1 (KHTML, like Gecko) Chrome/13.0.782.220 Safari/535.1" 0.029 0.029 .
91.217.58.50 - - [24/Mar/2012:06:41:48 +0000]  "GET /ajax/done_calculating/ HTTP/1.1" 200 55 "http://yipit.com/nation/categories/home/" "Mozilla/5.0 (Windows NT 6.1; WOW64) AppleWebKit/535.11 (KHTML, like Gecko) Chrome/17.0.963.83 Safari/535.11" 0.025 0.025 .
50.28.26.55 - - [24/Mar/2012:06:41:49 +0000]  "GET /v1/deals/?key=P5xxUChcwZuDvA7L&radius=50&lat=41.212315&lon=-86.116245 HTTP/1.1" 200 8241 "-" "-" 0.324 0.324 .
50.57.121.254 - - [24/Mar/2012:06:41:49 +0000]  "GET /tucson/living-social/eight-30-minute-group-swimming-lessons/frame/?subid1=web HTTP/1.1" 200 2585 "http://yipit.com/tucson/living-social/eight-30-minute-group-swimming-lessons/?bp_ad=1" "Mozilla/5.0 (Windows NT 6.1; WOW64) AppleWebKit/535.1 (KHTML, like Gecko) Chrome/13.0.782.220 Safari/535.1" 0.051 0.051 .
69.171.224.244 - - [24/Mar/2012:06:41:49 +0000]  "GET /denver/ HTTP/1.1" 200 8285 "-" "facebookexternalhit/1.1 (+http://www.facebook.com/externalhit_uatext.php)" 0.765 0.765 .
50.57.121.254 - - [24/Mar/2012:06:41:49 +0000]  "GET /aff/click/?subid1=web&key=F38tgRdb&deal=TEJtUMJP HTTP/1.1" 302 0 "http://yipit.com/tucson/living-social/eight-30-minute-group-swimming-lessons/frame/?subid1=web" "Mozilla/5.0 (Windows NT 6.1; WOW64) AppleWebKit/535.1 (KHTML, like Gecko) Chrome/13.0.782.220 Safari/535.1" 0.101 0.101 .
63.131.50.135 - - [24/Mar/2012:06:41:50 +0000]  "GET /new-york/categories/dining-nightlife/?ajax=true HTTP/1.1" 200 5439 "http://yipit.com/new-york/all/" "Mozilla/5.0 (Macintosh; Intel Mac OS X 10_6_8) AppleWebKit/535.11 (KHTML, like Gecko) Chrome/17.0.963.79 Safari/535.11" 1.906 1.906 .
183.82.97.2 - - [24/Mar/2012:06:41:50 +0000]  "GET /ajax/done_calculating/ HTTP/1.1" 200 55 "http://yipit.com/nation/" "Mozilla/5.0 (Windows NT 6.1) AppleWebKit/535.11 (KHTML, like Gecko) Chrome/17.0.963.79 Safari/535.11" 0.120 0.120 .
91.217.58.50 - - [24/Mar/2012:06:41:50 +0000]  "GET /ajax/done_calculating/ HTTP/1.1" 200 55 "http://yipit.com/nation/categories/home/" "Mozilla/5.0 (Windows NT 6.1; WOW64) AppleWebKit/535.11 (KHTML, like Gecko) Chrome/17.0.963.83 Safari/535.11" 0.027 0.027 .
66.249.71.194 - - [24/Mar/2012:06:41:50 +0000]  "GET /boston/groupon/4-or-10-kickboxing-classes-with-40-minute-personal-training-session-and-pair-of-boxing-gloves-at-ilovekickboxingcom-up-to-74-off-57/ HTTP/1.1" 200 9440 "-" "Mozilla/5.0 (compatible; Googlebot/2.1; +http://www.google.com/bot.html)" 1.068 1.068 .
72.10.49.23 - - [24/Mar/2012:06:41:50 +0000]  "GET /v1/deals/?key=vLrdBm2WbmB3zQYh&division=columbus&limit=500 HTTP/1.1" 200 50011 "-" "-" 0.222 0.222 .
23.21.193.77 - - [24/Mar/2012:06:41:50 +0000]  "GET /los-angeles/deal_directory/ HTTP/1.1" 301 0 "-" "Mozilla/5.0 (compatible; Googlebot/2.1; +http://www.google.com/bot.html)" 0.022 0.022 .
50.57.147.166 - - [24/Mar/2012:06:41:50 +0000]  "HEAD /aff/click/?deal=VWa5vYfU&key=FaUfF9Pn HTTP/1.1" 302 0 "-" "-" 0.043 0.043 .
50.57.147.166 - - [24/Mar/2012:06:41:51 +0000]  "HEAD /aff/click/?deal=VWa5vYfU&key=F38tgRdb HTTP/1.1" 302 0 "-" "-" 0.042 0.042 .
76.94.232.169 - - [24/Mar/2012:06:41:51 +0000]  "GET /ajax/done_calculating/ HTTP/1.1" 200 55 "http://yipit.com/los-angeles/categories/restaurants/" "Mozilla/5.0 (Windows NT 5.1) AppleWebKit/535.11 (KHTML, like Gecko) Chrome/17.0.963.83 Safari/535.11" 0.025 0.025 .
23.21.193.77 - - [24/Mar/2012:06:41:51 +0000]  "GET /los-angeles/ HTTP/1.1" 200 36901 "-" "Mozilla/5.0 (compatible; Googlebot/2.1; +http://www.google.com/bot.html)" 0.745 0.745 .
183.82.97.2 - - [24/Mar/2012:06:41:51 +0000]  "GET /ajax/done_calculating/ HTTP/1.1" 200 55 "http://yipit.com/nation/" "Mozilla/5.0 (Windows NT 6.1) AppleWebKit/535.11 (KHTML, like Gecko) Chrome/17.0.963.79 Safari/535.11" 0.025 0.025 .
63.223.110.52 - - [24/Mar/2012:06:41:51 +0000]  "GET / HTTP/1.1" 302 0 "http://yipit.com/account/login/" "Mozilla/4.0 (compatible; MSIE 8.0; Windows NT 6.1; WOW64; Trident/4.0; SLCC2; .NET CLR 2.0.50727; .NET CLR 3.5.30729; .NET CLR 3.0.30729; Media Center PC 6.0; .NET4.0C; InfoPath.3; .NET4.0E; .NET CLR 1.1.4322)" 0.047 0.047 .
66.249.71.194 - - [24/Mar/2012:06:41:51 +0000]  "GET /aff/click/?subid1=web&key=F38tgRdb&deal=HNjpuKeU HTTP/1.1" 301 0 "-" "Mozilla/5.0 (compatible; Googlebot/2.1; +http://www.google.com/bot.html)" 0.033 0.033 .
91.217.58.50 - - [24/Mar/2012:06:41:51 +0000]  "GET /ajax/done_calculating/ HTTP/1.1" 200 55 "http://yipit.com/nation/categories/home/" "Mozilla/5.0 (Windows NT 6.1; WOW64) AppleWebKit/535.11 (KHTML, like Gecko) Chrome/17.0.963.83 Safari/535.11" 0.024 0.024 .
63.223.110.52 - - [24/Mar/2012:06:41:52 +0000]  "GET /north-jersey/ HTTP/1.1" 200 9637 "http://yipit.com/" "Mozilla/4.0 (compatible; MSIE 8.0; Windows NT 6.1; WOW64; Trident/4.0; SLCC2; .NET CLR 2.0.50727; .NET CLR 3.5.30729; .NET CLR 3.0.30729; Media Center PC 6.0; .NET4.0C; InfoPath.3; .NET4.0E; .NET CLR 1.1.4322)" 0.461 0.461 .
63.223.110.52 - - [24/Mar/2012:06:41:52 +0000]  "POST /account/login/ HTTP/1.1" 302 0 "http://yipit.com/" "Mozilla/4.0 (compatible; MSIE 8.0; Windows NT 6.1; WOW64; Trident/4.0; SLCC2; .NET CLR 2.0.50727; .NET CLR 3.5.30729; .NET CLR 3.0.30729; Media Center PC 6.0; .NET4.0C; InfoPath.3; .NET4.0E; .NET CLR 1.1.4322)" 0.073 0.073 .
66.249.71.194 - - [24/Mar/2012:06:41:52 +0000]  "GET /omaha/groupon/16-for-photo-shoot-and-eight-color-portrait-sheets-at-picture-people-144-value-27/ HTTP/1.1" 301 0 "-" "Mozilla/5.0 (compatible; Googlebot/2.1; +http://www.google.com/bot.html)" 0.055 0.055 .
50.28.26.55 - - [24/Mar/2012:06:41:53 +0000]  "GET /v1/deals/?key=P5xxUChcwZuDvA7L&radius=50&lat=42.380846&lon=-113.612916 HTTP/1.1" 200 201 "-" "-" 0.427 0.427 .
50.28.26.55 - - [24/Mar/2012:06:41:53 +0000]  "GET /v1/deals/?key=P5xxUChcwZuDvA7L&radius=50&lat=39.303658&lon=-95.914670 HTTP/1.1" 200 200 "-" "-" 0.298 0.298 .
- - - [24/Mar/2012:06:41:53 +0000]  "-" 400 0 "-" "-" 0.000 - .
63.223.110.52 - - [24/Mar/2012:06:41:53 +0000]  "GET /north-jersey/ HTTP/1.1" 200 9636 "http://yipit.com/" "Mozilla/4.0 (compatible; MSIE 8.0; Windows NT 6.1; WOW64; Trident/4.0; SLCC2; .NET CLR 2.0.50727; .NET CLR 3.5.30729; .NET CLR 3.0.30729; Media Center PC 6.0; .NET4.0C; InfoPath.3; .NET4.0E; .NET CLR 1.1.4322)" 0.473 0.473 .
91.217.58.50 - - [24/Mar/2012:06:41:53 +0000]  "GET /ajax/done_calculating/ HTTP/1.1" 200 55 "http://yipit.com/nation/categories/home/" "Mozilla/5.0 (Windows NT 6.1; WOW64) AppleWebKit/535.11 (KHTML, like Gecko) Chrome/17.0.963.83 Safari/535.11" 0.024 0.024 .
184.146.5.166 - - [24/Mar/2012:06:41:53 +0000]  "GET /source/google-offers/ HTTP/1.1" 301 0 "http://yipit.com/business/edible-excursions/" "Mozilla/5.0 (Macintosh; Intel Mac OS X 10_7_3) AppleWebKit/534.53.11 (KHTML, like Gecko) Version/5.1.3 Safari/534.53.10" 0.219 0.219 .
63.223.110.52 - - [24/Mar/2012:06:41:54 +0000]  "GET /san-jose/all/?ajax=true&page=1&sort=-recent HTTP/1.1" 200 6306 "http://yipit.com/san-jose/all/" "Mozilla/4.0 (compatible; MSIE 8.0; Windows NT 6.1; WOW64; Trident/4.0; SLCC2; .NET CLR 2.0.50727; .NET CLR 3.5.30729; .NET CLR 3.0.30729; Media Center PC 6.0; .NET4.0C; InfoPath.3; .NET4.0E; .NET CLR 1.1.4322)" 1.386 1.386 .
76.94.232.169 - - [24/Mar/2012:06:41:54 +0000]  "GET /ajax/done_calculating/ HTTP/1.1" 200 55 "http://yipit.com/los-angeles/categories/restaurants/" "Mozilla/5.0 (Windows NT 5.1) AppleWebKit/535.11 (KHTML, like Gecko) Chrome/17.0.963.83 Safari/535.11" 0.026 0.026 .
66.249.71.194 - - [24/Mar/2012:06:41:54 +0000]  "GET /aff/click/?deal=LpjTpsdk&key=6MfxVBDc HTTP/1.1" 301 0 "-" "Mozilla/5.0 (compatible; Googlebot/2.1; +http://www.google.com/bot.html)" 0.054 0.054 .
50.57.147.166 - - [24/Mar/2012:06:41:54 +0000]  "HEAD /aff/click/?deal=LhWxUJfT&key=FaUfF9Pn HTTP/1.1" 302 0 "-" "-" 0.060 0.060 .
50.57.147.166 - - [24/Mar/2012:06:41:54 +0000]  "HEAD /aff/click/?deal=LhWxUJfT&key=F38tgRdb HTTP/1.1" 302 0 "-" "-" 0.048 0.048 .
183.82.97.2 - - [24/Mar/2012:06:41:54 +0000]  "GET /ajax/done_calculating/ HTTP/1.1" 200 55 "http://yipit.com/nation/" "Mozilla/5.0 (Windows NT 6.1) AppleWebKit/535.11 (KHTML, like Gecko) Chrome/17.0.963.79 Safari/535.11" 0.027 0.027 .
63.223.110.52 - - [24/Mar/2012:06:41:54 +0000]  "GET /san-jose/all/?ajax=true&page=1&sort=-recent HTTP/1.1" 200 6306 "http://yipit.com/san-jose/all/" "Mozilla/4.0 (compatible; MSIE 8.0; Windows NT 6.1; WOW64; Trident/4.0; SLCC2; .NET CLR 2.0.50727; .NET CLR 3.5.30729; .NET CLR 3.0.30729; Media Center PC 6.0; .NET4.0C; InfoPath.3; .NET4.0E; .NET CLR 1.1.4322)" 1.302 1.302 .
184.146.5.166 - - [24/Mar/2012:06:41:54 +0000]  "GET /toronto/ HTTP/1.1" 200 8197 "http://yipit.com/business/edible-excursions/" "Mozilla/5.0 (Macintosh; Intel Mac OS X 10_7_3) AppleWebKit/534.53.11 (KHTML, like Gecko) Version/5.1.3 Safari/534.53.10" 0.816 0.815 .
66.249.71.194 - - [24/Mar/2012:06:41:54 +0000]  "GET /aff/click/?deal=jnnqvt7Y&key=6MfxVBDc HTTP/1.1" 301 0 "-" "Mozilla/5.0 (compatible; Googlebot/2.1; +http://www.google.com/bot.html)" 0.034 0.034 .
173.255.213.127 - - [24/Mar/2012:06:41:55 +0000]  "GET /v1/deals/?key=rD3gbUagdMaYBmsD&limit=100&division=el-paso HTTP/1.1" 200 13599 "-" "Mozilla/5.0 (Windows; U; Windows NT 5.1; en-US; rv:1.8.1.1) Gecko/2006120418 Firefox/2.0.0.1" 0.503 0.503 .
63.223.110.52 - - [24/Mar/2012:06:41:55 +0000]  "GET /san-jose/deal-find/20-for-a-20-class-pass-including-yoga-zumba-pilates-bootcamp-kickboxing-and-body-sculpting-at-kb-fitness-240-value/frame/?subid1=web HTTP/1.1" 200 2746 "http://yipit.com/ajax/deal_json/34/" "Mozilla/4.0 (compatible; MSIE 8.0; Windows NT 6.1; WOW64; Trident/4.0; SLCC2; .NET CLR 2.0.50727; .NET CLR 3.5.30729; .NET CLR 3.0.30729; Media Center PC 6.0; .NET4.0C; InfoPath.3; .NET4.0E; .NET CLR 1.1.4322)" 0.023 0.023 .
63.223.110.52 - - [24/Mar/2012:06:41:55 +0000]  "GET /aff/click/?subid1=web&amp;key=F38tgRdb&amp;deal=w4H85rLp HTTP/1.1" 302 0 "http://yipit.com/ajax/deal_json/34/" "Mozilla/4.0 (compatible; MSIE 8.0; Windows NT 6.1; WOW64; Trident/4.0; SLCC2; .NET CLR 2.0.50727; .NET CLR 3.5.30729; .NET CLR 3.0.30729; Media Center PC 6.0; .NET4.0C; InfoPath.3; .NET4.0E; .NET CLR 1.1.4322)" 0.088 0.088 .
180.76.5.52 - - [24/Mar/2012:06:41:55 +0000]  "GET /detroit/living-social/eye-exam-and-200-to-spend-on-glasses-1/ HTTP/1.1" 301 0 "-" "Mozilla/5.0 (compatible; Baiduspider/2.0; +http://www.baidu.com/search/spider.html)" 0.053 0.053 .
63.223.110.52 - - [24/Mar/2012:06:41:55 +0000]  "GET /san-jose/plum-district/friday-fundraiser-15-for-a-30-batting-card-at-batter-up-a-10-off-coupon-to-cypress-sporting-goods-plus-10-of-each-sale-goes-to-gators-baseba/frame/?subid1=web HTTP/1.1" 200 2734 "http://yipit.com/ajax/deal_json/34/" "Mozilla/4.0 (compatible; MSIE 8.0; Windows NT 6.1; WOW64; Trident/4.0; SLCC2; .NET CLR 2.0.50727; .NET CLR 3.5.30729; .NET CLR 3.0.30729; Media Center PC 6.0; .NET4.0C; InfoPath.3; .NET4.0E; .NET CLR 1.1.4322)" 0.025 0.025 .
66.249.71.194 - - [24/Mar/2012:06:41:55 +0000]  "GET /aff/click/?deal=DpMBVjTm&key=cFpZTv83 HTTP/1.1" 302 0 "-" "Mozilla/5.0 (compatible; Googlebot/2.1; +http://www.google.com/bot.html)" 0.045 0.045 .
209.200.43.84 - - [24/Mar/2012:06:41:55 +0000]  "GET /v1/deals/?key=hsNvapEBSU863rZA&paid=1&radius=20&lat=37.6828&lon=-122.458&limit=50 HTTP/1.1" 200 115 "-" "-" 0.075 0.075 .
76.94.232.169 - - [24/Mar/2012:06:41:55 +0000]  "GET /ajax/done_calculating/ HTTP/1.1" 200 55 "http://yipit.com/los-angeles/categories/restaurants/" "Mozilla/5.0 (Windows NT 5.1) AppleWebKit/535.11 (KHTML, like Gecko) Chrome/17.0.963.83 Safari/535.11" 0.023 0.023 .
173.255.213.127 - - [24/Mar/2012:06:41:55 +0000]  "GET /el-paso/living-social/two-adult-admission-tickets-to-the-war-eagles-air-museum/ HTTP/1.1" 200 37048 "-" "Mozilla/5.0 (Windows; U; Windows NT 5.1; en-US; rv:1.8.1.1) Gecko/2006120418 Firefox/2.0.0.1" 0.650 0.650 .
96.126.97.88 - - [24/Mar/2012:06:41:56 +0000]  "GET /v1/deals?key=4r9ZY65e5ZDX6CXe&limit=9&lat=32.6787208&lon=-96.8626571 HTTP/1.1" 200 14080 "-" "-" 0.380 0.380 .
183.82.97.2 - - [24/Mar/2012:06:41:56 +0000]  "GET /ajax/done_calculating/ HTTP/1.1" 200 55 "http://yipit.com/nation/" "Mozilla/5.0 (Windows NT 6.1) AppleWebKit/535.11 (KHTML, like Gecko) Chrome/17.0.963.79 Safari/535.11" 0.026 0.026 .
63.223.110.52 - - [24/Mar/2012:06:41:56 +0000]  "GET /aff/click/?subid1=web&amp;key=F38tgRdb&amp;deal=SeBRMe2x HTTP/1.1" 302 0 "http://yipit.com/ajax/deal_json/34/" "Mozilla/4.0 (compatible; MSIE 8.0; Windows NT 6.1; WOW64; Trident/4.0; SLCC2; .NET CLR 2.0.50727; .NET CLR 3.5.30729; .NET CLR 3.0.30729; Media Center PC 6.0; .NET4.0C; InfoPath.3; .NET4.0E; .NET CLR 1.1.4322)" 0.088 0.088 .
66.249.71.194 - - [24/Mar/2012:06:41:56 +0000]  "GET /aff/click/?deal=awYYh6rt&key=AjvsEDEB HTTP/1.1" 301 0 "-" "Mozilla/5.0 (compatible; Googlebot/2.1; +http://www.google.com/bot.html)" 0.043 0.043 .
180.76.5.151 - - [24/Mar/2012:06:41:56 +0000]  "GET /detroit/ HTTP/1.1" 200 8221 "-" "Mozilla/5.0 (compatible; Baiduspider/2.0; +http://www.baidu.com/search/spider.html)" 0.687 0.687 .
96.126.97.88 - - [24/Mar/2012:06:41:56 +0000]  "GET /v1/deals/3170557?key=4r9ZY65e5ZDX6CXe HTTP/1.1" 200 114 "-" "-" 0.065 0.065 .
207.86.141.10 - yipit [24/Mar/2012:06:41:57 +0000]  "GET /sentry/jsapi/?sort=date&level=40&logger=&op=poll HTTP/1.1" 200 2080 "http://admin.yipit.com/sentry/?sort=date&level=40&logger=" "Mozilla/5.0 (Macintosh; Intel Mac OS X 10.7; rv:11.0) Gecko/20100101 Firefox/11.0" 0.057 0.057 .
174.253.199.51 - - [24/Mar/2012:06:41:57 +0000]  "GET /nation/?ajax=true&page=3&sort=-recent HTTP/1.1" 200 5084 "http://yipit.com/nation/?eid=2bf1f30a2c0e4a9cb1c42e4744040358" "Mozilla/5.0 (iPhone; U; CPU iPhone OS 4_2_8 like Mac OS X; en-us) AppleWebKit/533.17.9 (KHTML, like Gecko) Version/5.0.2 Mobile/8E401 Safari/6533.18.5" 1.664 1.664 .
173.255.213.127 - - [24/Mar/2012:06:41:57 +0000]  "GET /el-paso/groupon/one-three-or-a-year-of-60-minute-massages-at-kneading-elements-wellness-and-nutrition-in-las-cruces-up-to-59-off/ HTTP/1.1" 200 43303 "-" "Mozilla/5.0 (Windows; U; Windows NT 5.1; en-US; rv:1.8.1.1) Gecko/2006120418 Firefox/2.0.0.1" 0.901 0.901 .
76.94.232.169 - - [24/Mar/2012:06:41:57 +0000]  "GET /ajax/done_calculating/ HTTP/1.1" 200 55 "http://yipit.com/los-angeles/categories/restaurants/" "Mozilla/5.0 (Windows NT 5.1) AppleWebKit/535.11 (KHTML, like Gecko) Chrome/17.0.963.83 Safari/535.11" 0.023 0.023 .
183.82.97.2 - - [24/Mar/2012:06:41:57 +0000]  "GET /ajax/done_calculating/ HTTP/1.1" 200 55 "http://yipit.com/nation/" "Mozilla/5.0 (Windows NT 6.1) AppleWebKit/535.11 (KHTML, like Gecko) Chrome/17.0.963.79 Safari/535.11" 0.025 0.025 .
50.28.26.55 - - [24/Mar/2012:06:41:57 +0000]  "GET /v1/deals/?key=P5xxUChcwZuDvA7L&radius=50&lat=37.496790&lon=-92.098196 HTTP/1.1" 200 2007 "-" "-" 0.292 0.292 .
173.255.213.127 - - [24/Mar/2012:06:41:57 +0000]  "GET /aff/click/?subid1=web&amp;key=F38tgRdb&amp;deal=Ese6J6Na HTTP/1.1" 302 0 "-" "Mozilla/5.0 (Windows; U; Windows NT 5.1; en-US; rv:1.8.1.1) Gecko/2006120418 Firefox/2.0.0.1" 0.050 0.050 .
66.249.71.194 - - [24/Mar/2012:06:41:57 +0000]  "GET /aff/click/?deal=YNdUD5fJ&key=F38tgRdb HTTP/1.1" 301 0 "-" "Mozilla/5.0 (compatible; Googlebot/2.1; +http://www.google.com/bot.html)" 0.039 0.039 .
50.57.147.166 - - [24/Mar/2012:06:41:57 +0000]  "HEAD /aff/click/?deal=tEZPHyP3&key=FaUfF9Pn HTTP/1.1" 302 0 "-" "-" 0.040 0.040 .
50.57.147.166 - - [24/Mar/2012:06:41:57 +0000]  "HEAD /aff/click/?deal=tEZPHyP3&key=F38tgRdb HTTP/1.1" 302 0 "-" "-" 0.042 0.042 .
91.217.58.50 - - [24/Mar/2012:06:41:57 +0000]  "GET /ajax/done_calculating/ HTTP/1.1" 200 55 "http://yipit.com/nation/categories/home/" "Mozilla/5.0 (Windows NT 6.1; WOW64) AppleWebKit/535.11 (KHTML, like Gecko) Chrome/17.0.963.83 Safari/535.11" 0.026 0.026 .
63.223.110.52 - - [24/Mar/2012:06:41:58 +0000]  "GET /san-jose/deal-find/49-for-a-professional-carpet-cleaning-for-3-rooms-and-a-hallway-from-kleenteq-carpet-solutions-135-value/frame/?subid1=web HTTP/1.1" 200 2704 "http://yipit.com/ajax/deal_json/34/" "Mozilla/4.0 (compatible; MSIE 8.0; Windows NT 6.1; WOW64; Trident/4.0; SLCC2; .NET CLR 2.0.50727; .NET CLR 3.5.30729; .NET CLR 3.0.30729; Media Center PC 6.0; .NET4.0C; InfoPath.3; .NET4.0E; .NET CLR 1.1.4322)" 0.025 0.025 .
63.223.110.52 - - [24/Mar/2012:06:41:58 +0000]  "GET /san-jose/deal-find/49-for-a-professional-carpet-cleaning-for-3-rooms-and-a-hallway-from-kleenteq-carpet-solutions-135-value/frame/?subid1=web HTTP/1.1" 200 2704 "http://yipit.com/ajax/deal_json/34/" "Mozilla/4.0 (compatible; MSIE 8.0; Windows NT 6.1; WOW64; Trident/4.0; SLCC2; .NET CLR 2.0.50727; .NET CLR 3.5.30729; .NET CLR 3.0.30729; Media Center PC 6.0; .NET4.0C; InfoPath.3; .NET4.0E; .NET CLR 1.1.4322)" 0.025 0.025 .
63.223.110.52 - - [24/Mar/2012:06:41:58 +0000]  "GET /aff/click/?subid1=web&amp;key=F38tgRdb&amp;deal=sfVumY8P HTTP/1.1" 302 0 "http://yipit.com/ajax/deal_json/34/" "Mozilla/4.0 (compatible; MSIE 8.0; Windows NT 6.1; WOW64; Trident/4.0; SLCC2; .NET CLR 2.0.50727; .NET CLR 3.5.30729; .NET CLR 3.0.30729; Media Center PC 6.0; .NET4.0C; InfoPath.3; .NET4.0E; .NET CLR 1.1.4322)" 0.084 0.084 .
63.223.110.52 - - [24/Mar/2012:06:41:58 +0000]  "GET /aff/click/?subid1=web&amp;key=F38tgRdb&amp;deal=sfVumY8P HTTP/1.1" 302 0 "http://yipit.com/ajax/deal_json/34/" "Mozilla/4.0 (compatible; MSIE 8.0; Windows NT 6.1; WOW64; Trident/4.0; SLCC2; .NET CLR 2.0.50727; .NET CLR 3.5.30729; .NET CLR 3.0.30729; Media Center PC 6.0; .NET4.0C; InfoPath.3; .NET4.0E; .NET CLR 1.1.4322)" 0.104 0.104 .
173.255.213.127 - - [24/Mar/2012:06:41:58 +0000]  "GET /el-paso/groupon/american-fusion-fare-and-sushi-for-dinner-or-lunch-at-the-garden-half-off/ HTTP/1.1" 200 38896 "-" "Mozilla/5.0 (Windows; U; Windows NT 5.1; en-US; rv:1.8.1.1) Gecko/2006120418 Firefox/2.0.0.1" 0.734 0.734 .
76.94.232.169 - - [24/Mar/2012:06:41:58 +0000]  "GET /ajax/done_calculating/ HTTP/1.1" 200 55 "http://yipit.com/los-angeles/categories/restaurants/" "Mozilla/5.0 (Windows NT 5.1) AppleWebKit/535.11 (KHTML, like Gecko) Chrome/17.0.963.83 Safari/535.11" 0.023 0.023 .
66.249.71.194 - - [24/Mar/2012:06:41:58 +0000]  "GET /aff/click/?subid1=web&key=F38tgRdb&deal=awYYh6rt HTTP/1.1" 301 0 "-" "Mozilla/5.0 (compatible; Googlebot/2.1; +http://www.google.com/bot.html)" 0.038 0.038 .
- - - [24/Mar/2012:06:41:59 +0000]  "-" 400 0 "-" "-" 0.000 - .
50.57.121.254 - - [24/Mar/2012:06:41:59 +0000]  "GET / HTTP/1.1" 200 4803 "-" "Mozilla/5.0 (Windows NT 6.1; WOW64) AppleWebKit/535.1 (KHTML, like Gecko) Chrome/13.0.782.220 Safari/535.1" 0.027 0.027 .
173.255.213.127 - - [24/Mar/2012:06:41:59 +0000]  "GET /aff/click/?subid1=web&amp;key=F38tgRdb&amp;deal=davZHSwA HTTP/1.1" 302 0 "-" "Mozilla/5.0 (Windows; U; Windows NT 5.1; en-US; rv:1.8.1.1) Gecko/2006120418 Firefox/2.0.0.1" 0.048 0.048 .
91.217.58.50 - - [24/Mar/2012:06:41:59 +0000]  "GET /ajax/done_calculating/ HTTP/1.1" 200 55 "http://yipit.com/nation/categories/home/" "Mozilla/5.0 (Windows NT 6.1; WOW64) AppleWebKit/535.11 (KHTML, like Gecko) Chrome/17.0.963.83 Safari/535.11" 0.025 0.025 .
209.200.43.86 - - [24/Mar/2012:06:41:59 +0000]  "GET /v1/deals/?key=hsNvapEBSU863rZA&paid=1&radius=20&lat=48.8167&lon=2.3167&limit=50 HTTP/1.1" 200 115 "-" "-" 0.070 0.070 .
66.249.71.194 - - [24/Mar/2012:06:41:59 +0000]  "GET /aff/click/?deal=v5YvxQUF&key=6MfxVBDc HTTP/1.1" 302 0 "-" "Mozilla/5.0 (compatible; Googlebot/2.1; +http://www.google.com/bot.html)" 0.046 0.046 .
207.86.141.10 - yipit [24/Mar/2012:06:42:00 +0000]  "GET /sentry/jsapi/?sort=date&level=40&logger=&op=poll HTTP/1.1" 200 2080 "http://admin.yipit.com/sentry/?sort=date&level=40&logger=" "Mozilla/5.0 (Macintosh; Intel Mac OS X 10.7; rv:11.0) Gecko/20100101 Firefox/11.0" 0.061 0.061 .
209.200.43.85 - - [24/Mar/2012:06:42:00 +0000]  "GET /v1/deals/?key=hsNvapEBSU863rZA&paid=1&radius=20&lat=32.2738&lon=-106.747&limit=50 HTTP/1.1" 200 115 "-" "-" 0.069 0.069 .
63.223.110.52 - - [24/Mar/2012:06:42:00 +0000]  "GET /san-jose/all/?ajax=true&page=2&sort=-recent HTTP/1.1" 200 6288 "http://yipit.com/san-jose/all/" "Mozilla/4.0 (compatible; MSIE 8.0; Windows NT 6.1; WOW64; Trident/4.0; SLCC2; .NET CLR 2.0.50727; .NET CLR 3.5.30729; .NET CLR 3.0.30729; Media Center PC 6.0; .NET4.0C; InfoPath.3; .NET4.0E; .NET CLR 1.1.4322)" 1.342 1.342 .
50.57.121.254 - - [24/Mar/2012:06:42:00 +0000]  "GET /tulsa/living-social/mother-daughter-salon-and-spa-package-with-shampoo-cut-style-nail-polish-for-daughter-and-20-minute-chair-massage-for-mom/frame/?subid1=web HTTP/1.1" 200 2693 "http://yipit.com/tulsa/living-social/mother-daughter-salon-and-spa-package-with-shampoo-cut-style-nail-polish-for-daughter-and-20-minute-chair-massage-for-mom/?bp_ad=1" "Mozilla/5.0 (Windows NT 6.1; WOW64) AppleWebKit/535.1 (KHTML, like Gecko) Chrome/13.0.782.220 Safari/535.1" 0.062 0.062 .
50.28.26.55 - - [24/Mar/2012:06:42:00 +0000]  "GET /v1/deals/?key=P5xxUChcwZuDvA7L&radius=50&lat=38.482285&lon=-101.346467 HTTP/1.1" 200 201 "-" "-" 0.420 0.420 .
183.82.97.2 - - [24/Mar/2012:06:42:00 +0000]  "GET /ajax/done_calculating/ HTTP/1.1" 200 55 "http://yipit.com/nation/" "Mozilla/5.0 (Windows NT 6.1) AppleWebKit/535.11 (KHTML, like Gecko) Chrome/17.0.963.79 Safari/535.11" 0.028 0.028 .
63.223.110.52 - - [24/Mar/2012:06:42:00 +0000]  "GET /san-jose/all/?ajax=true&page=3&sort=-recent HTTP/1.1" 200 2990 "http://yipit.com/san-jose/all/" "Mozilla/4.0 (compatible; MSIE 8.0; Windows NT 6.1; WOW64; Trident/4.0; SLCC2; .NET CLR 2.0.50727; .NET CLR 3.5.30729; .NET CLR 3.0.30729; Media Center PC 6.0; .NET4.0C; InfoPath.3; .NET4.0E; .NET CLR 1.1.4322)" 0.533 0.533 .
63.223.110.52 - - [24/Mar/2012:06:42:01 +0000]  "GET /san-jose/plum-district/14-for-28-worth-of-tickets-to-the-historic-sf-wax-museum/frame/?subid1=web HTTP/1.1" 200 2659 "http://yipit.com/ajax/deal_json/34/" "Mozilla/4.0 (compatible; MSIE 8.0; Windows NT 6.1; WOW64; Trident/4.0; SLCC2; .NET CLR 2.0.50727; .NET CLR 3.5.30729; .NET CLR 3.0.30729; Media Center PC 6.0; .NET4.0C; InfoPath.3; .NET4.0E; .NET CLR 1.1.4322)" 0.029 0.029 .
50.28.26.55 - - [24/Mar/2012:06:42:01 +0000]  "GET /v1/deals/?key=P5xxUChcwZuDvA7L&radius=50&lat=43.078742&lon=-86.196140 HTTP/1.1" 200 15718 "-" "-" 0.413 0.413 .
66.249.71.194 - - [24/Mar/2012:06:42:01 +0000]  "GET /aff/click/?deal=B4QpX4TJ&key=AjvsEDEB HTTP/1.1" 301 0 "-" "Mozilla/5.0 (compatible; Googlebot/2.1; +http://www.google.com/bot.html)" 0.044 0.044 .
50.57.147.166 - - [24/Mar/2012:06:42:01 +0000]  "HEAD /aff/click/?deal=FpR4HPJq&key=FaUfF9Pn HTTP/1.1" 302 0 "-" "-" 0.042 0.042 .
50.57.147.166 - - [24/Mar/2012:06:42:01 +0000]  "HEAD /aff/click/?deal=FpR4HPJq&key=F38tgRdb HTTP/1.1" 302 0 "-" "-" 0.044 0.044 .
63.223.110.52 - - [24/Mar/2012:06:42:01 +0000]  "GET /aff/click/?subid1=web&amp;key=F38tgRdb&amp;deal=4Tv3jAWG HTTP/1.1" 302 0 "http://yipit.com/ajax/deal_json/34/" "Mozilla/4.0 (compatible; MSIE 8.0; Windows NT 6.1; WOW64; Trident/4.0; SLCC2; .NET CLR 2.0.50727; .NET CLR 3.5.30729; .NET CLR 3.0.30729; Media Center PC 6.0; .NET4.0C; InfoPath.3; .NET4.0E; .NET CLR 1.1.4322)" 0.096 0.096 .
173.255.213.127 - - [24/Mar/2012:06:42:01 +0000]  "GET /el-paso/living-social/gourmet-cooking-for-weight-loss-class-19-cooking-to-raise-healthy-kids-class-19-or-date-night-healthy-gourmet-couples-class-45/ HTTP/1.1" 200 42611 "-" "Mozilla/5.0 (Windows; U; Windows NT 5.1; en-US; rv:1.8.1.1) Gecko/2006120418 Firefox/2.0.0.1" 0.889 0.889 .
76.94.232.169 - - [24/Mar/2012:06:42:01 +0000]  "GET /ajax/done_calculating/ HTTP/1.1" 200 55 "http://yipit.com/los-angeles/categories/restaurants/" "Mozilla/5.0 (Windows NT 5.1) AppleWebKit/535.11 (KHTML, like Gecko) Chrome/17.0.963.83 Safari/535.11" 0.023 0.023 .
91.217.58.50 - - [24/Mar/2012:06:42:02 +0000]  "GET /ajax/done_calculating/ HTTP/1.1" 200 55 "http://yipit.com/nation/categories/home/" "Mozilla/5.0 (Windows NT 6.1; WOW64) AppleWebKit/535.11 (KHTML, like Gecko) Chrome/17.0.963.83 Safari/535.11" 0.031 0.031 .
205.186.130.189 - - [24/Mar/2012:06:42:02 +0000]  "GET /v1/deals/?key=awmAg9bT8QWp4WKe&lat=38.8851&lon=-77.1746&radius=25&limit=9&tag=hair-salon,spa,restaurants,bar-club,massage,facial,manicure-pedicure,tanning,hair-removal,teeth-whitening,eye-vision,makeup,pilates,yoga,gym,womens-clothing,food-grocery,treats,home-services,museums,wine-tasting,city-tours,comedy-clubs,theater,life-skills HTTP/1.1" 200 18389 "-" "-" 0.624 0.624 .
66.249.71.194 - - [24/Mar/2012:06:42:02 +0000]  "GET /seattle/groupon/water-heater-flush-or-1200-toward-new-water-heating-system-from-puget-sound-plumbing-and-heating/ HTTP/1.1" 200 8211 "-" "Mozilla/5.0 (compatible; Googlebot/2.1; +http://www.google.com/bot.html)" 1.010 1.010 .
66.249.71.194 - - [24/Mar/2012:06:42:02 +0000]  "GET /aff/click/?deal=AUVsvAbX&key=AjvsEDEB HTTP/1.1" 301 0 "-" "Mozilla/5.0 (compatible; Googlebot/2.1; +http://www.google.com/bot.html)" 0.042 0.042 .
63.223.110.52 - - [24/Mar/2012:06:42:02 +0000]  "GET /san-jose/all/?ajax=true&page=4&sort=-recent HTTP/1.1" 200 33 "http://yipit.com/san-jose/all/" "Mozilla/4.0 (compatible; MSIE 8.0; Windows NT 6.1; WOW64; Trident/4.0; SLCC2; .NET CLR 2.0.50727; .NET CLR 3.5.30729; .NET CLR 3.0.30729; Media Center PC 6.0; .NET4.0C; InfoPath.3; .NET4.0E; .NET CLR 1.1.4322)" 0.108 0.108 .
207.86.141.10 - yipit [24/Mar/2012:06:42:03 +0000]  "GET /sentry/jsapi/?sort=date&level=40&logger=&op=poll HTTP/1.1" 200 2080 "http://admin.yipit.com/sentry/?sort=date&level=40&logger=" "Mozilla/5.0 (Macintosh; Intel Mac OS X 10.7; rv:11.0) Gecko/20100101 Firefox/11.0" 0.059 0.059 .
76.94.232.169 - - [24/Mar/2012:06:42:03 +0000]  "GET /ajax/done_calculating/ HTTP/1.1" 200 55 "http://yipit.com/los-angeles/categories/restaurants/" "Mozilla/5.0 (Windows NT 5.1) AppleWebKit/535.11 (KHTML, like Gecko) Chrome/17.0.963.83 Safari/535.11" 0.025 0.025 .
173.255.213.127 - - [24/Mar/2012:06:42:03 +0000]  "GET /aff/click/?subid1=web&amp;key=F38tgRdb&amp;deal=R3hXfNJz HTTP/1.1" 302 0 "-" "Mozilla/5.0 (Windows; U; Windows NT 5.1; en-US; rv:1.8.1.1) Gecko/2006120418 Firefox/2.0.0.1" 0.052 0.052 .
50.28.26.55 - - [24/Mar/2012:06:42:03 +0000]  "GET /v1/deals/?key=P5xxUChcwZuDvA7L&radius=50&lat=37.241610&lon=-91.968106 HTTP/1.1" 200 2007 "-" "-" 0.436 0.436 .
50.28.26.55 - - [24/Mar/2012:06:42:04 +0000]  "GET /v1/deals/?key=P5xxUChcwZuDvA7L&radius=50&lat=41.409700&lon=-86.402800 HTTP/1.1" 200 12054 "-" "-" 0.475 0.475 .
66.249.71.194 - - [24/Mar/2012:06:42:04 +0000]  "GET /phoenix/kgb-deals/14-for-a-shampoo-haircut-and-blowout-at-all-dolled-up-studio-53-value/ HTTP/1.1" 200 8625 "-" "Mozilla/5.0 (compatible; Googlebot/2.1; +http://www.google.com/bot.html)" 1.123 1.123 .
71.179.15.112 - - [24/Mar/2012:06:42:04 +0000]  "GET /aff/click/?deal=4GDRFcHk&key=YDzYdrqs HTTP/1.1" 302 0 "http://www.salelala.com/deal/local" "Mozilla/4.0 (compatible; MSIE 8.0; Windows NT 5.1; Trident/4.0; .NET CLR 2.0.50727; .NET CLR 3.0.4506.2152; .NET CLR 3.5.30729; yie8)" 0.088 0.088 .
50.57.147.166 - - [24/Mar/2012:06:42:04 +0000]  "HEAD /aff/click/?deal=resXw2rs&key=F38tgRdb HTTP/1.1" 302 0 "-" "-" 0.063 0.063 .
23.21.193.77 - - [24/Mar/2012:06:42:04 +0000]  "GET /louisville/ HTTP/1.1" 302 0 "-" "Mozilla/5.0 (compatible; Googlebot/2.1; +http://www.google.com/bot.html)" 0.030 0.030 .
23.21.193.77 - - [24/Mar/2012:06:42:04 +0000]  "GET / HTTP/1.1" 200 16817 "-" "Mozilla/5.0 (compatible; Googlebot/2.1; +http://www.google.com/bot.html)" 0.025 0.025 .
173.255.213.127 - - [24/Mar/2012:06:42:04 +0000]  "GET /el-paso/groupon/199-for-a-cellulite-reduction-program-at-mix-salon-spa-480-value/ HTTP/1.1" 200 42487 "-" "Mozilla/5.0 (Windows; U; Windows NT 5.1; en-US; rv:1.8.1.1) Gecko/2006120418 Firefox/2.0.0.1" 0.931 0.931 .
76.94.232.169 - - [24/Mar/2012:06:42:04 +0000]  "GET /ajax/done_calculating/ HTTP/1.1" 200 55 "http://yipit.com/los-angeles/categories/restaurants/" "Mozilla/5.0 (Windows NT 5.1) AppleWebKit/535.11 (KHTML, like Gecko) Chrome/17.0.963.83 Safari/535.11" 0.035 0.035 .
180.76.5.168 - - [24/Mar/2012:06:42:05 +0000]  "GET /detroit/living-social/one-hour-of-range-time-two-9mm-handgun-rentals-eyeear-protection-targets-and-ammo/ HTTP/1.1" 301 0 "-" "Mozilla/5.0 (compatible; Baiduspider/2.0; +http://www.baidu.com/search/spider.html)" 0.058 0.058 .
183.82.97.2 - - [24/Mar/2012:06:42:05 +0000]  "GET /ajax/done_calculating/ HTTP/1.1" 200 55 "http://yipit.com/nation/" "Mozilla/5.0 (Windows NT 6.1) AppleWebKit/535.11 (KHTML, like Gecko) Chrome/17.0.963.79 Safari/535.11" 0.027 0.027 .
- - - [24/Mar/2012:06:42:05 +0000]  "-" 400 0 "-" "-" 0.000 - .
173.255.213.127 - - [24/Mar/2012:06:42:05 +0000]  "GET /aff/click/?subid1=web&amp;key=F38tgRdb&amp;deal=7XF9WAny HTTP/1.1" 302 0 "-" "Mozilla/5.0 (Windows; U; Windows NT 5.1; en-US; rv:1.8.1.1) Gecko/2006120418 Firefox/2.0.0.1" 0.047 0.047 .
91.217.58.50 - - [24/Mar/2012:06:42:05 +0000]  "GET /ajax/done_calculating/ HTTP/1.1" 200 55 "http://yipit.com/nation/categories/home/" "Mozilla/5.0 (Windows NT 6.1; WOW64) AppleWebKit/535.11 (KHTML, like Gecko) Chrome/17.0.963.83 Safari/535.11" 0.029 0.029 .
66.30.77.145 - - [24/Mar/2012:06:42:05 +0000]  "GET /aff/click/?subid1=web&key=F38tgRdb&deal=AxWbVKgN HTTP/1.1" 302 0 "http://yipit.com/boston/all/" "Mozilla/5.0 (Windows NT 6.1; WOW64; rv:11.0) Gecko/20100101 Firefox/11.0" 0.104 0.104 .
207.86.141.10 - yipit [24/Mar/2012:06:42:06 +0000]  "GET /sentry/jsapi/?sort=date&level=40&logger=&op=poll HTTP/1.1" 200 2080 "http://admin.yipit.com/sentry/?sort=date&level=40&logger=" "Mozilla/5.0 (Macintosh; Intel Mac OS X 10.7; rv:11.0) Gecko/20100101 Firefox/11.0" 0.055 0.055 .
108.214.89.236 - - [24/Mar/2012:06:42:06 +0000]  "GET /charlotte/groupon/20-for-one-ticket-to-barenaked-ladies-with-blues-traveler-big-head-todd-the-monsters-and-cracker-in-charlotte-on-july-13-at-7-pm-up-to-39-va/ HTTP/1.1" 200 8668 "http://www.google.com/search?hl=en&client=safari&q=charlotte+groupon+barenaked+ladies&oq=charlotte+groupon+barenaked+ladies&aq=f&aqi=&aql=&gs_l=mobile-gws-serp.12...24077l27747l0l31407l12l12l1l0l0l0l280l1572l0j2j5l7l0.frgbld.&mvs=0" "Mozilla/5.0 (iPhone; CPU iPhone OS 5_1 like Mac OS X) AppleWebKit/534.46 (KHTML, like Gecko) Version/5.1 Mobile/9B179 Safari/7534.48.3" 0.972 0.971 .
50.28.26.55 - - [24/Mar/2012:06:42:06 +0000]  "GET /v1/deals/?key=P5xxUChcwZuDvA7L&radius=50&lat=40.458938&lon=-75.323708 HTTP/1.1" 200 40237 "-" "-" 1.144 1.144 .
173.255.213.127 - - [24/Mar/2012:06:42:06 +0000]  "GET /el-paso/living-social/artistic-portrait-package-with-one-hour-photo-session-for-up-to-six-people-8x10-two-5x7s-eight-wallets-and-four-digital-files/ HTTP/1.1" 200 44258 "-" "Mozilla/5.0 (Windows; U; Windows NT 5.1; en-US; rv:1.8.1.1) Gecko/2006120418 Firefox/2.0.0.1" 0.932 0.932 .
67.177.216.188 - - [24/Mar/2012:06:42:06 +0000]  "GET /emailer/logo/09afbe2de79446e1bbf8d95e3c2af682/ HTTP/1.1" 200 4341 "http://mail.aol.com/35810-111/aol-6/en-us/Suite.aspx" "Mozilla/5.0 (compatible; MSIE 9.0; Windows NT 6.1; WOW64; Trident/5.0)" 0.116 0.116 .
174.129.61.152 - - [24/Mar/2012:06:42:06 +0000]  "GET /v1/deals/?key=ZL5Rqph4r3nCXJq9&radius=100&phone=860-429-9464&limit=100 HTTP/1.1" 200 924 "-" "Java/1.6.0_27" 0.068 0.068 .
91.217.58.50 - - [24/Mar/2012:06:42:06 +0000]  "GET /ajax/done_calculating/ HTTP/1.1" 200 55 "http://yipit.com/nation/categories/home/" "Mozilla/5.0 (Windows NT 6.1; WOW64) AppleWebKit/535.11 (KHTML, like Gecko) Chrome/17.0.963.83 Safari/535.11" 0.025 0.025 .
50.28.26.55 - - [24/Mar/2012:06:42:07 +0000]  "GET /v1/deals/?key=P5xxUChcwZuDvA7L&radius=50&lat=42.380846&lon=-113.612916 HTTP/1.1" 200 201 "-" "-" 0.323 0.323 .
66.249.71.194 - - [24/Mar/2012:06:42:07 +0000]  "GET /new-york/cadess-de-vie/exclusive-offer-diamond-peel-facial-reflexology-massage-package-messlook/ HTTP/1.1" 200 8642 "-" "Mozilla/5.0 (compatible; Googlebot/2.1; +http://www.google.com/bot.html)" 1.566 1.566 .
180.76.5.90 - - [24/Mar/2012:06:42:08 +0000]  "GET /detroit/living-social/one-month-of-unlimited-yoga-classes-34/ HTTP/1.1" 301 0 "-" "Mozilla/5.0 (compatible; Baiduspider/2.0; +http://www.baidu.com/search/spider.html)" 0.052 0.052 .
91.217.58.50 - - [24/Mar/2012:06:42:08 +0000]  "GET /ajax/done_calculating/ HTTP/1.1" 200 55 "http://yipit.com/nation/categories/home/" "Mozilla/5.0 (Windows NT 6.1; WOW64) AppleWebKit/535.11 (KHTML, like Gecko) Chrome/17.0.963.83 Safari/535.11" 0.030 0.030 .
66.249.71.194 - - [24/Mar/2012:06:42:08 +0000]  "GET /phoenix/groupon/scenic-and-microbrewery-tours-from-sedona-red-rock-adventures-up-to-51-off-five-options-available/ HTTP/1.1" 200 8562 "-" "Mozilla/5.0 (compatible; Googlebot/2.1; +http://www.google.com/bot.html)" 1.066 1.066 .
173.255.213.127 - - [24/Mar/2012:06:42:08 +0000]  "GET /fort-collins/living-social/50-to-spend-on-salon-services-pay-25-or-haircut-and-partial-highlights-pay-59/ HTTP/1.1" 200 43550 "-" "Mozilla/5.0 (Windows; U; Windows NT 5.1; en-US; rv:1.8.1.1) Gecko/2006120418 Firefox/2.0.0.1" 0.896 0.896 .
75.85.185.246 - - [24/Mar/2012:06:42:09 +0000]  "GET /san-francisco/living-social/keragreen-brazilian-blowout-175-or-highlights-haircut-and-style-75/ HTTP/1.1" 200 8757 "http://www.google.com/url?sa=t&rct=j&q=keragreen%20salons%20in%20san%20diego&source=web&cd=6&sqi=2&ved=0CEQQFjAF&url=http%3A%2F%2Fyipit.com%2Fsan-francisco%2Fliving-social%2Fkeragreen-brazilian-blowout-175-or-highlights-haircut-and-style-75%2F&ei=HmptT8rQG4GKiAKZjoHPBQ&usg=AFQjCNEPwZXNFXrKyGsAyDDQGXl9r27N-A" "Mozilla/5.0 (Linux; U; Android 3.2; en-us; GT-P7510 Build/HTJ85B) AppleWebKit/534.13 (KHTML, like Gecko) Version/4.0 Safari/534.13" 1.268 1.267 .
76.94.232.169 - - [24/Mar/2012:06:42:09 +0000]  "GET /ajax/done_calculating/ HTTP/1.1" 200 55 "http://yipit.com/los-angeles/categories/restaurants/" "Mozilla/5.0 (Windows NT 5.1) AppleWebKit/535.11 (KHTML, like Gecko) Chrome/17.0.963.83 Safari/535.11" 0.029 0.029 .
67.160.249.249 - - [24/Mar/2012:06:42:09 +0000]  "GET / HTTP/1.1" 302 0 "-" "Mozilla/5.0 (Macintosh; Intel Mac OS X 10.6; rv:12.0) Gecko/20100101 Firefox/12.0" 0.058 0.058 .
207.86.141.10 - yipit [24/Mar/2012:06:42:09 +0000]  "GET /sentry/jsapi/?sort=date&level=40&logger=&op=poll HTTP/1.1" 200 2080 "http://admin.yipit.com/sentry/?sort=date&level=40&logger=" "Mozilla/5.0 (Macintosh; Intel Mac OS X 10.7; rv:11.0) Gecko/20100101 Firefox/11.0" 0.114 0.114 .
50.28.26.55 - - [24/Mar/2012:06:42:10 +0000]  "GET /v1/deals/?key=P5xxUChcwZuDvA7L&radius=50&lat=39.828274&lon=-98.560460 HTTP/1.1" 200 200 "-" "-" 0.406 0.406 .
- - - [24/Mar/2012:06:42:10 +0000]  "-" 400 0 "-" "-" 0.000 - .
207.46.13.50 - - [24/Mar/2012:06:42:10 +0000]  "GET /business/palomar-cleaners-or-town-center-cleaners/ HTTP/1.1" 301 0 "-" "Mozilla/5.0 (compatible; bingbot/2.0; +http://www.bing.com/bingbot.htm)" 0.055 0.055 .
66.249.71.194 - - [24/Mar/2012:06:42:10 +0000]  "GET /los-angeles/groupon/10-for-20-worth-of-thai-cuisine-at-krung-thep-thai-cuisine-in-monterey-park-two-options-available/ HTTP/1.1" 200 8686 "-" "Mozilla/5.0 (compatible; Googlebot/2.1; +http://www.google.com/bot.html)" 1.386 1.386 .
50.28.26.55 - - [24/Mar/2012:06:42:10 +0000]  "GET /v1/deals/?key=P5xxUChcwZuDvA7L&radius=50&lat=41.141833&lon=-103.020462 HTTP/1.1" 200 201 "-" "-" 0.336 0.336 .
66.249.71.194 - - [24/Mar/2012:06:42:10 +0000]  "GET /baltimore/angies-list/deals/steam-cleaning/ HTTP/1.1" 301 0 "-" "Mozilla/5.0 (compatible; Googlebot/2.1; +http://www.google.com/bot.html)" 0.057 0.057 .
96.126.97.88 - - [24/Mar/2012:06:42:10 +0000]  "GET /v1/deals?key=4r9ZY65e5ZDX6CXe&limit=9&lat=34.039776&lon=-84.317507 HTTP/1.1" 200 18135 "-" "-" 0.368 0.368 .
74.208.243.65 - - [24/Mar/2012:06:42:10 +0000]  "GET /v1/deals/?phone=2023622505&key=wCYLZ6ZnhTgt7qzG HTTP/1.1" 200 178 "-" "-" 0.071 0.071 .
183.82.97.2 - - [24/Mar/2012:06:42:11 +0000]  "GET /ajax/done_calculating/ HTTP/1.1" 200 55 "http://yipit.com/nation/" "Mozilla/5.0 (Windows NT 6.1) AppleWebKit/535.11 (KHTML, like Gecko) Chrome/17.0.963.79 Safari/535.11" 0.076 0.076 .
50.57.147.166 - - [24/Mar/2012:06:42:11 +0000]  "HEAD /aff/click/?deal=ESeNSWaG&key=FaUfF9Pn HTTP/1.1" 302 0 "-" "-" 0.045 0.045 .
50.57.147.166 - - [24/Mar/2012:06:42:11 +0000]  "HEAD /aff/click/?deal=ESeNSWaG&key=F38tgRdb HTTP/1.1" 302 0 "-" "-" 0.080 0.080 .
91.217.58.50 - - [24/Mar/2012:06:42:11 +0000]  "GET /ajax/done_calculating/ HTTP/1.1" 200 55 "http://yipit.com/nation/categories/home/" "Mozilla/5.0 (Windows NT 6.1; WOW64) AppleWebKit/535.11 (KHTML, like Gecko) Chrome/17.0.963.83 Safari/535.11" 0.023 0.023 .
173.255.213.127 - - [24/Mar/2012:06:42:11 +0000]  "GET /fort-collins/living-social/15-to-spend-on-food-and-drink-303/ HTTP/1.1" 200 42738 "-" "Mozilla/5.0 (Windows; U; Windows NT 5.1; en-US; rv:1.8.1.1) Gecko/2006120418 Firefox/2.0.0.1" 1.151 1.151 .
67.160.249.249 - - [24/Mar/2012:06:42:11 +0000]  "GET /san-jose/recommended/?ajax=true HTTP/1.1" 200 348 "http://yipit.com/san-jose/" "Mozilla/5.0 (Macintosh; Intel Mac OS X 10.6; rv:12.0) Gecko/20100101 Firefox/12.0" 0.095 0.095 .
- - - [24/Mar/2012:06:42:12 +0000]  "-" 400 0 "-" "-" 0.000 - .
76.94.232.169 - - [24/Mar/2012:06:42:12 +0000]  "GET /ajax/done_calculating/ HTTP/1.1" 200 55 "http://yipit.com/los-angeles/categories/restaurants/" "Mozilla/5.0 (Windows NT 5.1) AppleWebKit/535.11 (KHTML, like Gecko) Chrome/17.0.963.83 Safari/535.11" 0.029 0.029 .
96.126.97.88 - - [24/Mar/2012:06:42:12 +0000]  "GET /v1/deals?key=4r9ZY65e5ZDX6CXe&limit=9&lat=40.7554299&lon=-73.968486 HTTP/1.1" 200 14987 "-" "-" 0.817 0.817 .
183.82.97.2 - - [24/Mar/2012:06:42:12 +0000]  "GET /ajax/done_calculating/ HTTP/1.1" 200 55 "http://yipit.com/nation/" "Mozilla/5.0 (Windows NT 6.1) AppleWebKit/535.11 (KHTML, like Gecko) Chrome/17.0.963.79 Safari/535.11" 0.025 0.025 .
157.55.17.147 - - [24/Mar/2012:06:42:12 +0000]  "GET /san-diego/circle-buzz/19-for-choice-of-5-classes-at-coronado-fitness-center-including-gym-privileges/ HTTP/1.1" 301 0 "-" "Mozilla/5.0 (compatible; bingbot/2.0; +http://www.bing.com/bingbot.htm)" 0.053 0.053 .
157.55.17.147 - - [24/Mar/2012:06:42:12 +0000]  "GET /san-francisco/deals/hip-hop/ HTTP/1.1" 301 0 "-" "Mozilla/5.0 (compatible; bingbot/2.0; +http://www.bing.com/bingbot.htm)" 0.038 0.038 .
91.217.58.50 - - [24/Mar/2012:06:42:12 +0000]  "GET /ajax/done_calculating/ HTTP/1.1" 200 55 "http://yipit.com/nation/categories/home/" "Mozilla/5.0 (Windows NT 6.1; WOW64) AppleWebKit/535.11 (KHTML, like Gecko) Chrome/17.0.963.83 Safari/535.11" 0.025 0.025 .
96.126.97.88 - - [24/Mar/2012:06:42:12 +0000]  "GET /v1/deals/7257212?key=4r9ZY65e5ZDX6CXe HTTP/1.1" 200 1717 "-" "-" 0.150 0.150 .
67.160.249.249 - - [24/Mar/2012:06:42:13 +0000]  "GET /san-jose/all/?ajax=true HTTP/1.1" 200 6572 "http://yipit.com/san-jose/" "Mozilla/5.0 (Macintosh; Intel Mac OS X 10.6; rv:12.0) Gecko/20100101 Firefox/12.0" 1.441 1.441 .
50.28.26.55 - - [24/Mar/2012:06:42:13 +0000]  "GET /v1/deals/?key=P5xxUChcwZuDvA7L&radius=50&lat=39.149898&lon=-96.896324 HTTP/1.1" 200 200 "-" "-" 0.287 0.287 .
66.249.71.194 - - [24/Mar/2012:06:42:13 +0000]  "GET /san-diego/groupon/four-fencing-classes-or-kids-fencing-camp-at-lion-heart-fencing-academy-up-to-64-off-three-options-available/ HTTP/1.1" 200 8863 "-" "Mozilla/5.0 (compatible; Googlebot/2.1; +http://www.google.com/bot.html)" 1.212 1.212 .
76.94.232.169 - - [24/Mar/2012:06:42:13 +0000]  "GET /ajax/done_calculating/ HTTP/1.1" 200 55 "http://yipit.com/los-angeles/categories/restaurants/" "Mozilla/5.0 (Windows NT 5.1) AppleWebKit/535.11 (KHTML, like Gecko) Chrome/17.0.963.83 Safari/535.11" 0.024 0.024 .
50.18.114.219 - - [24/Mar/2012:06:42:14 +0000]  "GET /v1/deals/?key=PmQG4DPYgpYUuMWC&source=&division=los-angeles,san-francisco,new-york,chicago HTTP/1.1" 200 35411 "-" "-" 0.519 0.519 .
91.217.58.50 - - [24/Mar/2012:06:42:14 +0000]  "GET /ajax/done_calculating/ HTTP/1.1" 200 55 "http://yipit.com/nation/categories/home/" "Mozilla/5.0 (Windows NT 6.1; WOW64) AppleWebKit/535.11 (KHTML, like Gecko) Chrome/17.0.963.83 Safari/535.11" 0.028 0.028 .
180.76.6.21 - - [24/Mar/2012:06:42:14 +0000]  "GET /detroit/living-social/two-vein-injections-99-or-botox-125/ HTTP/1.1" 301 0 "-" "Mozilla/5.0 (compatible; Baiduspider/2.0; +http://www.baidu.com/search/spider.html)" 0.083 0.083 .
50.57.147.166 - - [24/Mar/2012:06:42:14 +0000]  "HEAD /aff/click/?deal=mcFmss6t&key=F38tgRdb HTTP/1.1" 302 0 "-" "-" 0.115 0.115 .
66.249.71.194 - - [24/Mar/2012:06:42:14 +0000]  "GET /phoenix/groupon/spanish-meal-with-entrees-appetizers-and-sangria-for-two-or-four-at-pepin-restaurante-espanol-in-scottsdale-up-to-57-off/ HTTP/1.1" 200 8794 "-" "Mozilla/5.0 (compatible; Googlebot/2.1; +http://www.google.com/bot.html)" 1.244 1.244 .
50.28.26.55 - - [24/Mar/2012:06:42:15 +0000]  "GET /v1/deals/?key=P5xxUChcwZuDvA7L&radius=50&lat=39.870243&lon=-96.013994 HTTP/1.1" 200 200 "-" "-" 0.384 0.384 .
66.249.71.194 - - [24/Mar/2012:06:42:15 +0000]  "GET /aff/click/?deal=72wQYcbq&key=pvBTrsxV HTTP/1.1" 301 0 "-" "Mozilla/5.0 (compatible; Googlebot/2.1; +http://www.google.com/bot.html)" 0.044 0.044 .
50.57.121.254 - - [24/Mar/2012:06:42:15 +0000]  "GET /vancouver/living-social/four-week-introduction-to-acting-course-1/?bp_ad=1 HTTP/1.1" 200 8848 "http://yipit.com/" "Mozilla/5.0 (Windows NT 6.1; WOW64) AppleWebKit/535.1 (KHTML, like Gecko) Chrome/13.0.782.220 Safari/535.1" 1.111 1.111 .
50.57.121.254 - - [24/Mar/2012:06:42:15 +0000]  "GET /vancouver/living-social/four-week-introduction-to-acting-course-1/frame/?subid1=web HTTP/1.1" 200 2607 "http://yipit.com/vancouver/living-social/four-week-introduction-to-acting-course-1/?bp_ad=1" "Mozilla/5.0 (Windows NT 6.1; WOW64) AppleWebKit/535.1 (KHTML, like Gecko) Chrome/13.0.782.220 Safari/535.1" 0.052 0.052 .
67.160.249.249 - - [24/Mar/2012:06:42:15 +0000]  "GET /ajax/done_calculating/ HTTP/1.1" 200 55 "http://yipit.com/san-jose/" "Mozilla/5.0 (Macintosh; Intel Mac OS X 10.6; rv:12.0) Gecko/20100101 Firefox/12.0" 0.042 0.042 .
75.22.86.198 - - [24/Mar/2012:06:42:15 +0000]  "GET /los-angeles/all/?ajax=true HTTP/1.1" 200 5729 "http://yipit.com/los-angeles/?sort=-recent" "Mozilla/5.0 (Windows NT 6.0; WOW64; rv:11.0) Gecko/20100101 Firefox/11.0" 0.039 0.039 .
183.82.97.2 - - [24/Mar/2012:06:42:15 +0000]  "GET /ajax/done_calculating/ HTTP/1.1" 200 55 "http://yipit.com/nation/" "Mozilla/5.0 (Windows NT 6.1) AppleWebKit/535.11 (KHTML, like Gecko) Chrome/17.0.963.79 Safari/535.11" 0.025 0.025 .
76.168.140.108 - - [24/Mar/2012:06:42:15 +0000]  "GET /los-angeles/ HTTP/1.1" 200 9702 "-" "Mozilla/5.0 (Macintosh; Intel Mac OS X 10.7; rv:9.0.1) Gecko/20100101 Firefox/9.0.1" 0.621 0.621 .
91.217.58.50 - - [24/Mar/2012:06:42:15 +0000]  "GET /ajax/done_calculating/ HTTP/1.1" 200 55 "http://yipit.com/nation/categories/home/" "Mozilla/5.0 (Windows NT 6.1; WOW64) AppleWebKit/535.11 (KHTML, like Gecko) Chrome/17.0.963.83 Safari/535.11" 0.023 0.023 .
180.76.5.55 - - [24/Mar/2012:06:42:15 +0000]  "GET /detroit/ HTTP/1.1" 200 8290 "-" "Mozilla/5.0 (compatible; Baiduspider/2.0; +http://www.baidu.com/search/spider.html)" 0.787 0.787 .
207.86.141.10 - yipit [24/Mar/2012:06:42:16 +0000]  "GET /sentry/jsapi/?sort=date&level=40&logger=&op=poll HTTP/1.1" 200 2080 "http://admin.yipit.com/sentry/?sort=date&level=40&logger=" "Mozilla/5.0 (Macintosh; Intel Mac OS X 10.7; rv:11.0) Gecko/20100101 Firefox/11.0" 0.052 0.052 .
67.160.249.249 - - [24/Mar/2012:06:42:16 +0000]  "GET /ajax/done_calculating/ HTTP/1.1" 200 55 "http://yipit.com/san-jose/" "Mozilla/5.0 (Macintosh; Intel Mac OS X 10.6; rv:12.0) Gecko/20100101 Firefox/12.0" 0.060 0.060 .
76.168.140.108 - - [24/Mar/2012:06:42:16 +0000]  "GET /los-angeles/all/?ajax=true HTTP/1.1" 200 5729 "http://yipit.com/los-angeles/" "Mozilla/5.0 (Macintosh; Intel Mac OS X 10.7; rv:9.0.1) Gecko/20100101 Firefox/9.0.1" 0.032 0.032 .
- - - [24/Mar/2012:06:42:16 +0000]  "-" 400 0 "-" "-" 0.000 - .
76.94.232.169 - - [24/Mar/2012:06:42:16 +0000]  "GET /ajax/done_calculating/ HTTP/1.1" 200 55 "http://yipit.com/los-angeles/categories/restaurants/" "Mozilla/5.0 (Windows NT 5.1) AppleWebKit/535.11 (KHTML, like Gecko) Chrome/17.0.963.83 Safari/535.11" 0.029 0.029 .
183.82.97.2 - - [24/Mar/2012:06:42:17 +0000]  "GET /ajax/done_calculating/ HTTP/1.1" 200 55 "http://yipit.com/nation/" "Mozilla/5.0 (Windows NT 6.1) AppleWebKit/535.11 (KHTML, like Gecko) Chrome/17.0.963.79 Safari/535.11" 0.026 0.026 .
- - - [24/Mar/2012:06:42:17 +0000]  "-" 400 0 "-" "-" 0.000 - .
198.228.221.221 - - [24/Mar/2012:06:42:17 +0000]  "GET /emailer/logo/f615d17f0a3b4ba6a6000d7595deaffd/ HTTP/1.1" 200 4364 "-" "Mozilla/5.0 (iPhone; U; CPU iPhone OS 4_1 like Mac OS X; en-us) AppleWebKit/532.9 (KHTML, like Gecko)" 0.112 0.112 .
75.22.86.198 - - [24/Mar/2012:06:42:17 +0000]  "GET /los-angeles/recommended/?ajax=true HTTP/1.1" 200 6570 "http://yipit.com/los-angeles/?sort=-recent" "Mozilla/5.0 (Windows NT 6.0; WOW64; rv:11.0) Gecko/20100101 Firefox/11.0" 2.098 2.098 .
173.255.213.127 - - [24/Mar/2012:06:42:17 +0000]  "GET /fort-lauderdale/groupon/laser-hair-removal-treatments-on-a-small-medium-or-large-area-at-image-medical-spa-of-fort-lauderdale-up-to-91-off/ HTTP/1.1" 200 39732 "-" "Mozilla/5.0 (Windows; U; Windows NT 5.1; en-US; rv:1.8.1.1) Gecko/2006120418 Firefox/2.0.0.1" 0.979 0.979 .
91.217.58.50 - - [24/Mar/2012:06:42:17 +0000]  "GET /ajax/done_calculating/ HTTP/1.1" 200 55 "http://yipit.com/nation/categories/home/" "Mozilla/5.0 (Windows NT 6.1; WOW64) AppleWebKit/535.11 (KHTML, like Gecko) Chrome/17.0.963.83 Safari/535.11" 0.025 0.025 .
66.249.71.194 - - [24/Mar/2012:06:42:17 +0000]  "GET /san-francisco/dealster/deals/cupcakes/ HTTP/1.1" 301 0 "-" "Mozilla/5.0 (compatible; Googlebot/2.1; +http://www.google.com/bot.html)" 0.046 0.046 .
67.160.249.249 - - [24/Mar/2012:06:42:17 +0000]  "GET /ajax/done_calculating/ HTTP/1.1" 200 55 "http://yipit.com/san-jose/" "Mozilla/5.0 (Macintosh; Intel Mac OS X 10.6; rv:12.0) Gecko/20100101 Firefox/12.0" 0.042 0.042 .
173.255.213.127 - - [24/Mar/2012:06:42:17 +0000]  "GET /aff/click/?subid1=web&amp;key=F38tgRdb&amp;deal=J8naRYj9 HTTP/1.1" 302 0 "-" "Mozilla/5.0 (Windows; U; Windows NT 5.1; en-US; rv:1.8.1.1) Gecko/2006120418 Firefox/2.0.0.1" 0.048 0.048 .
23.21.193.77 - - [24/Mar/2012:06:42:17 +0000]  "GET /lubbock/deal_directory/ HTTP/1.1" 301 0 "-" "Mozilla/5.0 (compatible; Googlebot/2.1; +http://www.google.com/bot.html)" 0.022 0.022 .
23.21.193.77 - - [24/Mar/2012:06:42:17 +0000]  "GET /lubbock/ HTTP/1.1" 302 0 "-" "Mozilla/5.0 (compatible; Googlebot/2.1; +http://www.google.com/bot.html)" 0.028 0.028 .
23.21.193.77 - - [24/Mar/2012:06:42:18 +0000]  "GET / HTTP/1.1" 200 16817 "-" "Mozilla/5.0 (compatible; Googlebot/2.1; +http://www.google.com/bot.html)" 0.037 0.037 .
50.57.147.166 - - [24/Mar/2012:06:42:18 +0000]  "HEAD /aff/click/?deal=ck6Upf8j&key=FaUfF9Pn HTTP/1.1" 302 0 "-" "-" 0.042 0.042 .
50.57.147.166 - - [24/Mar/2012:06:42:18 +0000]  "HEAD /aff/click/?deal=ck6Upf8j&key=F38tgRdb HTTP/1.1" 302 0 "-" "-" 0.043 0.043 .
76.94.232.169 - - [24/Mar/2012:06:42:18 +0000]  "GET /ajax/done_calculating/ HTTP/1.1" 200 55 "http://yipit.com/los-angeles/categories/restaurants/" "Mozilla/5.0 (Windows NT 5.1) AppleWebKit/535.11 (KHTML, like Gecko) Chrome/17.0.963.83 Safari/535.11" 0.040 0.040 .
50.28.26.55 - - [24/Mar/2012:06:42:18 +0000]  "GET /v1/deals/?key=P5xxUChcwZuDvA7L&radius=50&lat=38.914137&lon=-99.873512 HTTP/1.1" 200 200 "-" "-" 0.394 0.394 .
66.249.71.194 - - [24/Mar/2012:06:42:18 +0000]  "GET /new-york/groupon/199-for-a-professional-paint-consultation-for-10-rooms-from-decorating-den-interiors-500-value/ HTTP/1.1" 301 0 "-" "Mozilla/5.0 (compatible; Googlebot/2.1; +http://www.google.com/bot.html)" 0.062 0.062 .
207.46.13.50 - - [24/Mar/2012:06:42:19 +0000]  "GET /augusta/deals/golf/ HTTP/1.1" 301 0 "-" "Mozilla/5.0 (compatible; bingbot/2.0; +http://www.bing.com/bingbot.htm)" 0.042 0.042 .
68.174.150.227 - - [24/Mar/2012:06:42:19 +0000]  "GET /new-york/categories/special-interest/?ajax=true&page=2&sort=-recent HTTP/1.1" 200 1371 "http://yipit.com/new-york/categories/special-interest/" "Mozilla/5.0 (iPad; CPU OS 5_0_1 like Mac OS X) AppleWebKit/534.46 (KHTML, like Gecko) Version/5.1 Mobile/9A405 Safari/7534.48.3" 0.794 0.793 .
96.126.97.88 - - [24/Mar/2012:06:42:20 +0000]  "GET /v1/deals?key=4r9ZY65e5ZDX6CXe&limit=9&lat=34.1471885&lon=-118.4263237 HTTP/1.1" 200 15726 "-" "-" 1.256 1.256 .
183.82.97.2 - - [24/Mar/2012:06:42:20 +0000]  "GET /ajax/done_calculating/ HTTP/1.1" 200 55 "http://yipit.com/nation/" "Mozilla/5.0 (Windows NT 6.1) AppleWebKit/535.11 (KHTML, like Gecko) Chrome/17.0.963.79 Safari/535.11" 0.026 0.026 .
50.28.26.55 - - [24/Mar/2012:06:42:20 +0000]  "GET /v1/deals/?key=P5xxUChcwZuDvA7L&radius=50&lat=36.556766&lon=-95.905396 HTTP/1.1" 200 33085 "-" "-" 1.042 1.042 .
74.208.243.65 - - [24/Mar/2012:06:42:20 +0000]  "GET /v1/deals/?phone=7136479966&key=wCYLZ6ZnhTgt7qzG HTTP/1.1" 200 178 "-" "-" 0.107 0.107 .
66.249.71.194 - - [24/Mar/2012:06:42:20 +0000]  "GET /seattle/zozi/one-month-of-unlimited-yoga-classes-82/ HTTP/1.1" 200 8214 "-" "Mozilla/5.0 (compatible; Googlebot/2.1; +http://www.google.com/bot.html)" 1.017 1.017 .
66.249.71.194 - - [24/Mar/2012:06:42:20 +0000]  "GET /san-francisco/dealster/deals/makeup/ HTTP/1.1" 301 0 "-" "Mozilla/5.0 (compatible; Googlebot/2.1; +http://www.google.com/bot.html)" 0.035 0.035 .
50.28.26.55 - - [24/Mar/2012:06:42:21 +0000]  "GET /v1/deals/?key=P5xxUChcwZuDvA7L&radius=50&lat=36.836801&lon=-95.905214 HTTP/1.1" 200 8203 "-" "-" 0.480 0.480 .
50.57.147.166 - - [24/Mar/2012:06:42:21 +0000]  "HEAD /aff/click/?deal=SaDUYJp7&key=F38tgRdb HTTP/1.1" 302 0 "-" "-" 0.048 0.048 .
173.255.213.127 - - [24/Mar/2012:06:42:21 +0000]  "GET /fort-lauderdale/living-social/family-movie-package-tickets-popcorn-candy-bars-and-drinks-for-four/ HTTP/1.1" 200 44334 "-" "Mozilla/5.0 (Windows; U; Windows NT 5.1; en-US; rv:1.8.1.1) Gecko/2006120418 Firefox/2.0.0.1" 0.954 0.954 .
