63.223.110.52 - - [24/Mar/2012:06:46:15 +0000]  "GET /san-jose/plum-district/14-for-28-worth-of-tickets-to-the-historic-sf-wax-museum/frame/?subid1=web HTTP/1.1" 200 2659 "http://yipit.com/ajax/deal_json/34/" "Mozilla/4.0 (compatible; MSIE 8.0; Windows NT 6.1; WOW64; Trident/4.0; SLCC2; .NET CLR 2.0.50727; .NET CLR 3.5.30729; .NET CLR 3.0.30729; Media Center PC 6.0; .NET4.0C; InfoPath.3; .NET4.0E; .NET CLR 1.1.4322)" 0.028 0.028 .
173.255.213.127 - - [24/Mar/2012:06:46:15 +0000]  "GET /houston/groupon/four-or-eight-lipotropic-injections-at-amaya-anti-aging-weight-loss-center-in-katy-up-to-72-off/ HTTP/1.1" 200 41912 "-" "Mozilla/5.0 (Windows; U; Windows NT 5.1; en-US; rv:1.8.1.1) Gecko/2006120418 Firefox/2.0.0.1" 0.920 0.920 .
173.255.213.127 - - [24/Mar/2012:06:46:16 +0000]  "GET /aff/click/?subid1=web&amp;key=F38tgRdb&amp;deal=26JjXE72 HTTP/1.1" 302 0 "-" "Mozilla/5.0 (Windows; U; Windows NT 5.1; en-US; rv:1.8.1.1) Gecko/2006120418 Firefox/2.0.0.1" 0.045 0.045 .
50.28.26.55 - - [24/Mar/2012:06:46:16 +0000]  "GET /v1/deals/?key=P5xxUChcwZuDvA7L&radius=50&lat=34.544560&lon=-79.533836 HTTP/1.1" 200 5621 "-" "-" 0.480 0.480 .
96.126.97.88 - - [24/Mar/2012:06:46:16 +0000]  "GET /v1/deals?key=4r9ZY65e5ZDX6CXe&limit=9&lat=40.757319&lon=-73.969488 HTTP/1.1" 200 14986 "-" "-" 0.500 0.500 .
63.223.110.52 - - [24/Mar/2012:06:46:16 +0000]  "GET /san-jose/all/?ajax=true&page=1&sort=-recent HTTP/1.1" 200 6306 "http://yipit.com/san-jose/all/" "Mozilla/4.0 (compatible; MSIE 8.0; Windows NT 6.1; WOW64; Trident/4.0; SLCC2; .NET CLR 2.0.50727; .NET CLR 3.5.30729; .NET CLR 3.0.30729; Media Center PC 6.0; .NET4.0C; InfoPath.3; .NET4.0E; .NET CLR 1.1.4322)" 0.028 0.028 .
50.28.26.55 - - [24/Mar/2012:06:46:16 +0000]  "GET /v1/deals/?key=P5xxUChcwZuDvA7L&radius=50&lat=39.900884&lon=-94.497397 HTTP/1.1" 200 8979 "-" "-" 0.513 0.513 .
63.223.110.52 - - [24/Mar/2012:06:46:16 +0000]  "GET /san-jose/deal-find/20-for-a-20-class-pass-including-yoga-zumba-pilates-bootcamp-kickboxing-and-body-sculpting-at-kb-fitness-240-value/frame/?subid1=web HTTP/1.1" 200 2746 "http://yipit.com/ajax/deal_json/34/" "Mozilla/4.0 (compatible; MSIE 8.0; Windows NT 6.1; WOW64; Trident/4.0; SLCC2; .NET CLR 2.0.50727; .NET CLR 3.5.30729; .NET CLR 3.0.30729; Media Center PC 6.0; .NET4.0C; InfoPath.3; .NET4.0E; .NET CLR 1.1.4322)" 0.024 0.024 .
74.208.243.65 - - [24/Mar/2012:06:46:16 +0000]  "GET /v1/deals/?phone=5633864636&key=wCYLZ6ZnhTgt7qzG HTTP/1.1" 200 178 "-" "-" 0.055 0.055 .
- - - [24/Mar/2012:06:46:16 +0000]  "-" 400 0 "-" "-" 0.000 - .
- - - [24/Mar/2012:06:46:17 +0000]  "-" 400 0 "-" "-" 0.000 - .
183.82.97.2 - - [24/Mar/2012:06:46:17 +0000]  "GET /ajax/done_calculating/ HTTP/1.1" 200 55 "http://yipit.com/nation/" "Mozilla/5.0 (Windows NT 6.1) AppleWebKit/535.11 (KHTML, like Gecko) Chrome/17.0.963.79 Safari/535.11" 0.048 0.048 .
63.223.110.52 - - [24/Mar/2012:06:46:17 +0000]  "GET /san-jose/all/?ajax=true&page=4&sort=-recent HTTP/1.1" 200 33 "http://yipit.com/san-jose/all/" "Mozilla/4.0 (compatible; MSIE 8.0; Windows NT 6.1; WOW64; Trident/4.0; SLCC2; .NET CLR 2.0.50727; .NET CLR 3.5.30729; .NET CLR 3.0.30729; Media Center PC 6.0; .NET4.0C; InfoPath.3; .NET4.0E; .NET CLR 1.1.4322)" 0.026 0.026 .
173.255.213.127 - - [24/Mar/2012:06:46:17 +0000]  "GET /houston/groupon/one-three-or-five-brazilian-waxes-at-the-xtreme-beauty-up-to-54-off/ HTTP/1.1" 200 39603 "-" "Mozilla/5.0 (Windows; U; Windows NT 5.1; en-US; rv:1.8.1.1) Gecko/2006120418 Firefox/2.0.0.1" 0.843 0.843 .
207.86.141.10 - yipit [24/Mar/2012:06:46:17 +0000]  "GET /sentry/jsapi/?sort=date&level=40&logger=&op=poll HTTP/1.1" 200 2085 "http://admin.yipit.com/sentry/?sort=date&level=40&logger=" "Mozilla/5.0 (Macintosh; Intel Mac OS X 10.7; rv:11.0) Gecko/20100101 Firefox/11.0" 0.052 0.052 .
50.89.249.235 - - [24/Mar/2012:06:46:18 +0000]  "GET /orlando/deals/spa/ HTTP/1.1" 200 9392 "http://www.google.com/url?sa=t&rct=j&q=&esrc=s&source=web&cd=5&ved=0CJQBEBYwBA&url=http%3A%2F%2Fyipit.com%2Forlando%2Fdeals%2Fspa%2F&ei=sG1tT6zJIqOzsgKnnJHqBQ&usg=AFQjCNEVPTxzX4VbnRe_BbH0sABRGEgQpQ&sig2=2FllZuKL4HRCsx-lgddgxA" "Mozilla/5.0 (Macintosh; Intel Mac OS X 10_7_3) AppleWebKit/535.11 (KHTML, like Gecko) Chrome/17.0.963.79 Safari/535.11" 2.370 2.370 .
66.249.71.194 - - [24/Mar/2012:06:46:18 +0000]  "GET /baton-rouge/tz-deals/29-lady-bird-lake-kayaking-for-2-wlunch-reg-68/ HTTP/1.1" 200 8483 "-" "Mozilla/5.0 (compatible; Googlebot/2.1; +http://www.google.com/bot.html)" 0.732 0.732 .
91.217.58.50 - - [24/Mar/2012:06:46:19 +0000]  "GET /ajax/done_calculating/ HTTP/1.1" 200 55 "http://yipit.com/nation/categories/home/" "Mozilla/5.0 (Windows NT 6.1; WOW64) AppleWebKit/535.11 (KHTML, like Gecko) Chrome/17.0.963.83 Safari/535.11" 0.026 0.026 .
63.223.110.52 - - [24/Mar/2012:06:46:19 +0000]  "GET /aff/click/?subid1=web&amp;key=F38tgRdb&amp;deal=sfVumY8P HTTP/1.1" 302 0 "http://yipit.com/ajax/deal_json/34/" "Mozilla/4.0 (compatible; MSIE 8.0; Windows NT 6.1; WOW64; Trident/4.0; SLCC2; .NET CLR 2.0.50727; .NET CLR 3.5.30729; .NET CLR 3.0.30729; Media Center PC 6.0; .NET4.0C; InfoPath.3; .NET4.0E; .NET CLR 1.1.4322)" 0.090 0.090 .
173.255.213.127 - - [24/Mar/2012:06:46:19 +0000]  "GET /houston/groupon/one-three-or-five-microdermabrasion-treatments-at-up-close-beauty-max-up-to-65-off/ HTTP/1.1" 200 44107 "-" "Mozilla/5.0 (Windows; U; Windows NT 5.1; en-US; rv:1.8.1.1) Gecko/2006120418 Firefox/2.0.0.1" 1.199 1.199 .
76.94.232.169 - - [24/Mar/2012:06:46:20 +0000]  "GET /ajax/done_calculating/ HTTP/1.1" 200 55 "http://yipit.com/los-angeles/categories/restaurants/" "Mozilla/5.0 (Windows NT 5.1) AppleWebKit/535.11 (KHTML, like Gecko) Chrome/17.0.963.83 Safari/535.11" 0.025 0.025 .
173.255.213.127 - - [24/Mar/2012:06:46:20 +0000]  "GET /aff/click/?subid1=web&amp;key=F38tgRdb&amp;deal=zx3wRQXR HTTP/1.1" 302 0 "-" "Mozilla/5.0 (Windows; U; Windows NT 5.1; en-US; rv:1.8.1.1) Gecko/2006120418 Firefox/2.0.0.1" 0.052 0.052 .
70.167.183.190 - - [24/Mar/2012:06:46:20 +0000]  "GET /v1/deals/?key=QJ3KPudbN2HafGjU&division=palm-beach&limit=5000 HTTP/1.1" 200 43443 "-" "-" 1.613 1.613 .
50.16.103.212 - - [24/Mar/2012:06:46:20 +0000]  "GET /v1/deals/?key=mBeLacBTtLrBdS89&division=edmonton&limit=5000 HTTP/1.1" 200 67205 "-" "-" 0.887 0.887 .
50.28.26.55 - - [24/Mar/2012:06:46:20 +0000]  "GET /v1/deals/?key=P5xxUChcwZuDvA7L&radius=50&lat=46.112908&lon=-103.120101 HTTP/1.1" 200 201 "-" "-" 0.312 0.312 .
50.28.26.55 - - [24/Mar/2012:06:46:20 +0000]  "GET /v1/deals/?key=P5xxUChcwZuDvA7L&radius=50&lat=37.482500&lon=-93.537800 HTTP/1.1" 200 9269 "-" "-" 0.346 0.346 .
98.194.183.89 - - [24/Mar/2012:06:46:21 +0000]  "GET /account/tags/ HTTP/1.1" 200 5621 "http://yipit.com/deals_bought/active/" "Mozilla/5.0 (iPad; CPU OS 5_1 like Mac OS X) AppleWebKit/534.46 (KHTML, like Gecko) Version/5.1 Mobile/9B176 Safari/7534.48.3" 0.237 0.236 .
50.28.26.55 - - [24/Mar/2012:06:46:21 +0000]  "GET /v1/deals/?key=P5xxUChcwZuDvA7L&radius=50&lat=44.454995&lon=-71.260730 HTTP/1.1" 200 200 "-" "-" 0.345 0.345 .
208.115.113.86 - - [24/Mar/2012:06:46:21 +0000]  "GET /business/san-gennaro-cafe/?page=1 HTTP/1.1" 200 65835 "-" "Mozilla/5.0 (compatible; Ezooms/1.0; ezooms.bot@gmail.com)" 2.231 2.231 .
76.94.232.169 - - [24/Mar/2012:06:46:21 +0000]  "GET /ajax/done_calculating/ HTTP/1.1" 200 55 "http://yipit.com/los-angeles/categories/restaurants/" "Mozilla/5.0 (Windows NT 5.1) AppleWebKit/535.11 (KHTML, like Gecko) Chrome/17.0.963.83 Safari/535.11" 0.026 0.026 .
50.57.147.166 - - [24/Mar/2012:06:46:21 +0000]  "HEAD /aff/click/?deal=E5nJy3JX&key=FaUfF9Pn HTTP/1.1" 302 0 "-" "-" 0.044 0.044 .
96.126.97.88 - - [24/Mar/2012:06:46:21 +0000]  "GET /v1/deals?key=4r9ZY65e5ZDX6CXe&limit=9&lat=40.7739253&lon=-73.9134166 HTTP/1.1" 200 26922 "-" "-" 0.548 0.548 .
50.57.147.166 - - [24/Mar/2012:06:46:21 +0000]  "HEAD /aff/click/?deal=E5nJy3JX&key=F38tgRdb HTTP/1.1" 302 0 "-" "-" 0.042 0.042 .
173.255.213.127 - - [24/Mar/2012:06:46:21 +0000]  "GET /houston/groupon/10-20-or-40-classes-at-yoga-house-houston-up-to-83-off/ HTTP/1.1" 200 43449 "-" "Mozilla/5.0 (Windows; U; Windows NT 5.1; en-US; rv:1.8.1.1) Gecko/2006120418 Firefox/2.0.0.1" 1.011 1.011 .
183.82.97.2 - - [24/Mar/2012:06:46:22 +0000]  "GET /ajax/done_calculating/ HTTP/1.1" 200 55 "http://yipit.com/nation/" "Mozilla/5.0 (Windows NT 6.1) AppleWebKit/535.11 (KHTML, like Gecko) Chrome/17.0.963.79 Safari/535.11" 0.026 0.026 .
91.217.58.50 - - [24/Mar/2012:06:46:22 +0000]  "GET /ajax/done_calculating/ HTTP/1.1" 200 55 "http://yipit.com/nation/categories/home/" "Mozilla/5.0 (Windows NT 6.1; WOW64) AppleWebKit/535.11 (KHTML, like Gecko) Chrome/17.0.963.83 Safari/535.11" 0.026 0.026 .
208.115.111.70 - - [24/Mar/2012:06:46:22 +0000]  "GET /aff/click/?deal=8nMXtaUs&key=cFpZTv83 HTTP/1.1" 301 0 "-" "Mozilla/5.0 (compatible; Ezooms/1.0; ezooms.bot@gmail.com)" 0.083 0.083 .
50.28.26.55 - - [24/Mar/2012:06:46:22 +0000]  "GET /v1/deals/?key=P5xxUChcwZuDvA7L&radius=50&lat=46.112475&lon=-103.431860 HTTP/1.1" 200 201 "-" "-" 0.293 0.293 .
63.223.110.52 - - [24/Mar/2012:06:46:22 +0000]  "GET /san-jose/all/?ajax=true&page=4&sort=-recent HTTP/1.1" 200 33 "http://yipit.com/san-jose/all/" "Mozilla/4.0 (compatible; MSIE 8.0; Windows NT 6.1; WOW64; Trident/4.0; SLCC2; .NET CLR 2.0.50727; .NET CLR 3.5.30729; .NET CLR 3.0.30729; Media Center PC 6.0; .NET4.0C; InfoPath.3; .NET4.0E; .NET CLR 1.1.4322)" 0.025 0.025 .
66.249.71.194 - - [24/Mar/2012:06:46:23 +0000]  "GET /baton-rouge/tz-deals/65-mini-spa-day-in-gold-coast-or-river-north-reg-130/ HTTP/1.1" 200 8870 "-" "Mozilla/5.0 (compatible; Googlebot/2.1; +http://www.google.com/bot.html)" 0.887 0.887 .
66.249.71.194 - - [24/Mar/2012:06:46:23 +0000]  "GET /aff/click/?subid1=web&key=F38tgRdb&deal=Tf5vLdhH HTTP/1.1" 302 0 "-" "Mozilla/5.0 (compatible; Googlebot/2.1; +http://www.google.com/bot.html)" 0.044 0.044 .
91.217.58.50 - - [24/Mar/2012:06:46:23 +0000]  "GET /ajax/done_calculating/ HTTP/1.1" 200 55 "http://yipit.com/nation/categories/home/" "Mozilla/5.0 (Windows NT 6.1; WOW64) AppleWebKit/535.11 (KHTML, like Gecko) Chrome/17.0.963.83 Safari/535.11" 0.026 0.026 .
50.57.121.254 - - [24/Mar/2012:06:46:23 +0000]  "GET / HTTP/1.1" 200 4803 "-" "Mozilla/5.0 (Windows NT 6.1; WOW64) AppleWebKit/535.1 (KHTML, like Gecko) Chrome/13.0.782.220 Safari/535.1" 0.025 0.025 .
207.86.141.10 - yipit [24/Mar/2012:06:46:24 +0000]  "GET /sentry/jsapi/?sort=date&level=40&logger=&op=poll HTTP/1.1" 200 2085 "http://admin.yipit.com/sentry/?sort=date&level=40&logger=" "Mozilla/5.0 (Macintosh; Intel Mac OS X 10.7; rv:11.0) Gecko/20100101 Firefox/11.0" 0.051 0.051 .
173.255.213.127 - - [24/Mar/2012:06:46:24 +0000]  "GET /houston/groupon/half-off-at-marble-slab-creamery-in-league-city/ HTTP/1.1" 200 44057 "-" "Mozilla/5.0 (Windows; U; Windows NT 5.1; en-US; rv:1.8.1.1) Gecko/2006120418 Firefox/2.0.0.1" 1.544 1.544 .
76.94.232.169 - - [24/Mar/2012:06:46:24 +0000]  "GET /ajax/done_calculating/ HTTP/1.1" 200 55 "http://yipit.com/los-angeles/categories/restaurants/" "Mozilla/5.0 (Windows NT 5.1) AppleWebKit/535.11 (KHTML, like Gecko) Chrome/17.0.963.83 Safari/535.11" 0.028 0.028 .
50.28.26.55 - - [24/Mar/2012:06:46:24 +0000]  "GET /v1/deals/?key=P5xxUChcwZuDvA7L&radius=50&lat=47.037128&lon=-103.856476 HTTP/1.1" 200 201 "-" "-" 0.298 0.298 .
96.126.97.88 - - [24/Mar/2012:06:46:24 +0000]  "GET /v1/deals/1097193?key=4r9ZY65e5ZDX6CXe HTTP/1.1" 200 114 "-" "-" 0.081 0.081 .
50.57.121.254 - - [24/Mar/2012:06:46:24 +0000]  "GET /piedmont-triad/living-social/complete-eye-exam-39-or-complete-eye-exam-contact-lens-consultation-trial-lenses-and-a-follow-up-appointment-59/frame/?subid1=web HTTP/1.1" 200 2664 "http://yipit.com/piedmont-triad/living-social/complete-eye-exam-39-or-complete-eye-exam-contact-lens-consultation-trial-lenses-and-a-follow-up-appointment-59/?bp_ad=1" "Mozilla/5.0 (Windows NT 6.1; WOW64) AppleWebKit/535.1 (KHTML, like Gecko) Chrome/13.0.782.220 Safari/535.1" 0.069 0.069 .
50.57.147.166 - - [24/Mar/2012:06:46:25 +0000]  "HEAD /aff/click/?deal=TSyhtcvM&key=F38tgRdb HTTP/1.1" 302 0 "-" "-" 0.043 0.043 .
183.82.97.2 - - [24/Mar/2012:06:46:25 +0000]  "GET /ajax/done_calculating/ HTTP/1.1" 200 55 "http://yipit.com/nation/" "Mozilla/5.0 (Windows NT 6.1) AppleWebKit/535.11 (KHTML, like Gecko) Chrome/17.0.963.79 Safari/535.11" 0.026 0.026 .
91.217.58.50 - - [24/Mar/2012:06:46:25 +0000]  "GET /ajax/done_calculating/ HTTP/1.1" 200 55 "http://yipit.com/nation/categories/home/" "Mozilla/5.0 (Windows NT 6.1; WOW64) AppleWebKit/535.11 (KHTML, like Gecko) Chrome/17.0.963.83 Safari/535.11" 0.028 0.028 .
23.21.193.77 - - [24/Mar/2012:06:46:25 +0000]  "GET /ottawa/deal_directory/ HTTP/1.1" 301 0 "-" "Mozilla/5.0 (compatible; Googlebot/2.1; +http://www.google.com/bot.html)" 0.022 0.022 .
76.94.232.169 - - [24/Mar/2012:06:46:26 +0000]  "GET /ajax/done_calculating/ HTTP/1.1" 200 55 "http://yipit.com/los-angeles/categories/restaurants/" "Mozilla/5.0 (Windows NT 5.1) AppleWebKit/535.11 (KHTML, like Gecko) Chrome/17.0.963.83 Safari/535.11" 0.109 0.109 .
50.28.26.55 - - [24/Mar/2012:06:46:26 +0000]  "GET /v1/deals/?key=P5xxUChcwZuDvA7L&radius=50&lat=36.657194&lon=-80.699344 HTTP/1.1" 200 18974 "-" "-" 1.007 1.007 .
91.217.58.50 - - [24/Mar/2012:06:46:26 +0000]  "GET /ajax/done_calculating/ HTTP/1.1" 200 55 "http://yipit.com/nation/categories/home/" "Mozilla/5.0 (Windows NT 6.1; WOW64) AppleWebKit/535.11 (KHTML, like Gecko) Chrome/17.0.963.83 Safari/535.11" 0.025 0.025 .
50.28.26.55 - - [24/Mar/2012:06:46:26 +0000]  "GET /v1/deals/?key=P5xxUChcwZuDvA7L&radius=50&lat=46.287560&lon=-103.717433 HTTP/1.1" 200 201 "-" "-" 0.345 0.345 .
66.249.71.194 - - [24/Mar/2012:06:46:27 +0000]  "GET /dallas/deals/baby/ HTTP/1.1" 200 9213 "-" "Mozilla/5.0 (compatible; Googlebot/2.1; +http://www.google.com/bot.html)" 2.527 2.527 .
207.86.141.10 - yipit [24/Mar/2012:06:46:27 +0000]  "GET /sentry/jsapi/?sort=date&level=40&logger=&op=poll HTTP/1.1" 200 2085 "http://admin.yipit.com/sentry/?sort=date&level=40&logger=" "Mozilla/5.0 (Macintosh; Intel Mac OS X 10.7; rv:11.0) Gecko/20100101 Firefox/11.0" 0.185 0.185 .
50.28.26.55 - - [24/Mar/2012:06:46:27 +0000]  "GET /v1/deals/?key=P5xxUChcwZuDvA7L&radius=50&lat=43.673746&lon=-72.017378 HTTP/1.1" 200 200 "-" "-" 0.324 0.324 .
76.94.232.169 - - [24/Mar/2012:06:46:27 +0000]  "GET /ajax/done_calculating/ HTTP/1.1" 200 55 "http://yipit.com/los-angeles/categories/restaurants/" "Mozilla/5.0 (Windows NT 5.1) AppleWebKit/535.11 (KHTML, like Gecko) Chrome/17.0.963.83 Safari/535.11" 0.025 0.025 .
208.115.113.86 - - [24/Mar/2012:06:46:27 +0000]  "GET /business/photography-by-andrea-m-uvanni/ HTTP/1.1" 301 0 "-" "Mozilla/5.0 (compatible; Ezooms/1.0; ezooms.bot@gmail.com)" 0.059 0.059 .
208.115.113.86 - - [24/Mar/2012:06:46:27 +0000]  "GET /business/ny-line-of-hair-design/ HTTP/1.1" 301 0 "-" "Mozilla/5.0 (compatible; Ezooms/1.0; ezooms.bot@gmail.com)" 0.052 0.052 .
98.194.183.89 - - [24/Mar/2012:06:46:27 +0000]  "GET /account/cities/ HTTP/1.1" 200 5461 "http://yipit.com/account/tags/" "Mozilla/5.0 (iPad; CPU OS 5_1 like Mac OS X) AppleWebKit/534.46 (KHTML, like Gecko) Version/5.1 Mobile/9B176 Safari/7534.48.3" 0.113 0.112 .
96.126.97.88 - - [24/Mar/2012:06:46:28 +0000]  "GET /v1/deals/7307006?key=4r9ZY65e5ZDX6CXe HTTP/1.1" 200 1857 "-" "-" 0.131 0.131 .
99.141.56.211 - - [24/Mar/2012:06:46:28 +0000]  "GET /account/cities/ HTTP/1.1" 200 5586 "http://yipit.com/account/cities/" "Mozilla/5.0 (Windows NT 6.1; WOW64; rv:11.0) Gecko/20100101 Firefox/11.0" 0.101 0.101 .
208.115.113.86 - - [24/Mar/2012:06:46:28 +0000]  "GET /business/mansion-nightclub/ HTTP/1.1" 301 0 "-" "Mozilla/5.0 (compatible; Ezooms/1.0; ezooms.bot@gmail.com)" 0.065 0.065 .
173.255.213.127 - - [24/Mar/2012:06:46:28 +0000]  "GET /houston/gilt-city/rebel-race-5k-rebel-race-registration-1/ HTTP/1.1" 200 43464 "-" "Mozilla/5.0 (Windows; U; Windows NT 5.1; en-US; rv:1.8.1.1) Gecko/2006120418 Firefox/2.0.0.1" 0.968 0.968 .
208.115.113.86 - - [24/Mar/2012:06:46:28 +0000]  "GET /business/la-carreta-mexican-cuisine-in-denham-springs/ HTTP/1.1" 301 0 "-" "Mozilla/5.0 (compatible; Ezooms/1.0; ezooms.bot@gmail.com)" 0.055 0.055 .
208.115.113.86 - - [24/Mar/2012:06:46:28 +0000]  "GET /business/just-between-friends-douglas-county/ HTTP/1.1" 301 0 "-" "Mozilla/5.0 (compatible; Ezooms/1.0; ezooms.bot@gmail.com)" 0.050 0.050 .
76.94.232.169 - - [24/Mar/2012:06:46:29 +0000]  "GET /ajax/done_calculating/ HTTP/1.1" 200 55 "http://yipit.com/los-angeles/categories/restaurants/" "Mozilla/5.0 (Windows NT 5.1) AppleWebKit/535.11 (KHTML, like Gecko) Chrome/17.0.963.83 Safari/535.11" 0.026 0.026 .
173.255.213.127 - - [24/Mar/2012:06:46:29 +0000]  "GET /aff/click/?subid1=web&amp;key=F38tgRdb&amp;deal=XDH2LQk4 HTTP/1.1" 302 0 "-" "Mozilla/5.0 (Windows; U; Windows NT 5.1; en-US; rv:1.8.1.1) Gecko/2006120418 Firefox/2.0.0.1" 0.044 0.044 .
- - - [24/Mar/2012:06:46:29 +0000]  "-" 400 0 "-" "-" 0.000 - .
63.131.50.135 - - [24/Mar/2012:06:46:29 +0000]  "GET /new-york/my-russian-deal/50-off-at-new-and-trendy-tenth-rail-midtown/frame/?subid1=web HTTP/1.1" 200 2700 "http://yipit.com/new-york/categories/restaurants/" "Mozilla/5.0 (Macintosh; Intel Mac OS X 10_6_8) AppleWebKit/535.11 (KHTML, like Gecko) Chrome/17.0.963.79 Safari/535.11" 0.093 0.093 .
91.217.58.50 - - [24/Mar/2012:06:46:29 +0000]  "GET /ajax/done_calculating/ HTTP/1.1" 200 55 "http://yipit.com/nation/categories/home/" "Mozilla/5.0 (Windows NT 6.1; WOW64) AppleWebKit/535.11 (KHTML, like Gecko) Chrome/17.0.963.83 Safari/535.11" 0.026 0.026 .
208.115.111.70 - - [24/Mar/2012:06:46:29 +0000]  "GET /albany/crowdsavings/15-for-four-1-hour-bounce-passes-1-tub-of-popcorn-3050-value/ HTTP/1.1" 301 0 "-" "Mozilla/5.0 (compatible; Ezooms/1.0; ezooms.bot@gmail.com)" 0.045 0.045 .
208.115.113.86 - - [24/Mar/2012:06:46:30 +0000]  "GET /business/el-coyote-mexican-cafe/ HTTP/1.1" 301 0 "-" "Mozilla/5.0 (compatible; Ezooms/1.0; ezooms.bot@gmail.com)" 0.123 0.123 .
208.115.113.86 - - [24/Mar/2012:06:46:30 +0000]  "GET /business/hi-tone-cleaners/ HTTP/1.1" 200 46305 "-" "Mozilla/5.0 (compatible; Ezooms/1.0; ezooms.bot@gmail.com)" 1.128 1.128 .
76.94.232.169 - - [24/Mar/2012:06:46:30 +0000]  "GET /ajax/done_calculating/ HTTP/1.1" 200 55 "http://yipit.com/los-angeles/categories/restaurants/" "Mozilla/5.0 (Windows NT 5.1) AppleWebKit/535.11 (KHTML, like Gecko) Chrome/17.0.963.83 Safari/535.11" 0.025 0.025 .
173.255.213.127 - - [24/Mar/2012:06:46:31 +0000]  "GET /houston/gilt-city/wildcat-golf-club-rounds-and-clinics/ HTTP/1.1" 200 39368 "-" "Mozilla/5.0 (Windows; U; Windows NT 5.1; en-US; rv:1.8.1.1) Gecko/2006120418 Firefox/2.0.0.1" 0.905 0.905 .
91.217.58.50 - - [24/Mar/2012:06:46:31 +0000]  "GET /ajax/done_calculating/ HTTP/1.1" 200 55 "http://yipit.com/nation/categories/home/" "Mozilla/5.0 (Windows NT 6.1; WOW64) AppleWebKit/535.11 (KHTML, like Gecko) Chrome/17.0.963.83 Safari/535.11" 0.025 0.025 .
208.115.113.86 - - [24/Mar/2012:06:46:31 +0000]  "GET /business/churrascaria-braza/ HTTP/1.1" 301 0 "-" "Mozilla/5.0 (compatible; Ezooms/1.0; ezooms.bot@gmail.com)" 0.051 0.051 .
50.28.26.55 - - [24/Mar/2012:06:46:31 +0000]  "GET /v1/deals/?key=P5xxUChcwZuDvA7L&radius=50&lat=42.452354&lon=-122.057738 HTTP/1.1" 200 201 "-" "-" 0.323 0.323 .
173.255.213.127 - - [24/Mar/2012:06:46:31 +0000]  "GET /aff/click/?subid1=web&amp;key=F38tgRdb&amp;deal=2hqM7Wyf HTTP/1.1" 302 0 "-" "Mozilla/5.0 (Windows; U; Windows NT 5.1; en-US; rv:1.8.1.1) Gecko/2006120418 Firefox/2.0.0.1" 0.044 0.044 .
208.115.113.86 - - [24/Mar/2012:06:46:31 +0000]  "GET /business/bondi-beach-at-governors-island/ HTTP/1.1" 301 0 "-" "Mozilla/5.0 (compatible; Ezooms/1.0; ezooms.bot@gmail.com)" 0.061 0.061 .
208.115.113.86 - - [24/Mar/2012:06:46:31 +0000]  "GET /business/alexander-salazar-fine-art/ HTTP/1.1" 301 0 "-" "Mozilla/5.0 (compatible; Ezooms/1.0; ezooms.bot@gmail.com)" 0.061 0.061 .
76.94.232.169 - - [24/Mar/2012:06:46:32 +0000]  "GET /ajax/done_calculating/ HTTP/1.1" 200 55 "http://yipit.com/los-angeles/categories/restaurants/" "Mozilla/5.0 (Windows NT 5.1) AppleWebKit/535.11 (KHTML, like Gecko) Chrome/17.0.963.83 Safari/535.11" 0.022 0.022 .
99.51.67.210 - yipit [24/Mar/2012:06:46:32 +0000]  "GET /v1/deals?key=s5ynGuEDzz7msDkP&lat=32.96552941666666&lon=-96.76966591333333&limit=50 HTTP/1.1" 200 10013 "-" "Yipit/2.1 CFNetwork/485.13.9 Darwin/11.0.0" 2.971 2.971 .
208.115.113.86 - - [24/Mar/2012:06:46:32 +0000]  "GET /chicago/groupon/20-for-40-worth-of-sushi-and-pan-asian-cuisine-at-usagi-ya/ HTTP/1.1" 301 0 "-" "Mozilla/5.0 (compatible; Ezooms/1.0; ezooms.bot@gmail.com)" 0.055 0.055 .
91.217.58.50 - - [24/Mar/2012:06:46:32 +0000]  "GET /ajax/done_calculating/ HTTP/1.1" 200 55 "http://yipit.com/nation/categories/home/" "Mozilla/5.0 (Windows NT 6.1; WOW64) AppleWebKit/535.11 (KHTML, like Gecko) Chrome/17.0.963.83 Safari/535.11" 0.027 0.027 .
208.115.113.86 - - [24/Mar/2012:06:46:33 +0000]  "GET /chicago/amazon-local/30-to-spend-on-food-and-drink-799/ HTTP/1.1" 301 0 "-" "Mozilla/5.0 (compatible; Ezooms/1.0; ezooms.bot@gmail.com)" 0.060 0.060 .
207.86.141.10 - yipit [24/Mar/2012:06:46:33 +0000]  "GET /sentry/jsapi/?sort=date&level=40&logger=&op=poll HTTP/1.1" 200 2085 "http://admin.yipit.com/sentry/?sort=date&level=40&logger=" "Mozilla/5.0 (Macintosh; Intel Mac OS X 10.7; rv:11.0) Gecko/20100101 Firefox/11.0" 0.051 0.051 .
173.255.213.127 - - [24/Mar/2012:06:46:33 +0000]  "GET /houston/living-social/60-minute-organic-massage-35-or-50-minute-organic-facial-39/ HTTP/1.1" 200 43873 "-" "Mozilla/5.0 (Windows; U; Windows NT 5.1; en-US; rv:1.8.1.1) Gecko/2006120418 Firefox/2.0.0.1" 1.100 1.100 .
50.57.121.254 - - [24/Mar/2012:06:46:33 +0000]  "GET / HTTP/1.1" 200 4803 "-" "Mozilla/5.0 (Windows NT 6.1; WOW64) AppleWebKit/535.1 (KHTML, like Gecko) Chrome/13.0.782.220 Safari/535.1" 0.026 0.026 .
71.178.130.9 - - [24/Mar/2012:06:46:33 +0000]  "GET /washington-dc/categories/health-beauty/?ajax=true&page=2&sort=-recent HTTP/1.1" 200 3475 "http://yipit.com/washington-dc/?eid=7a25352816e344e7bd2425c6ccadbb24#categories/health-beauty/" "Mozilla/5.0 (compatible; MSIE 9.0; Windows NT 6.1; WOW64; Trident/5.0)" 1.091 1.091 .
66.249.71.194 - - [24/Mar/2012:06:46:33 +0000]  "GET /aff/click/?deal=2yPc2XVb&key=F38tgRdb HTTP/1.1" 301 0 "-" "Mozilla/5.0 (compatible; Googlebot/2.1; +http://www.google.com/bot.html)" 0.038 0.038 .
183.82.97.2 - - [24/Mar/2012:06:46:34 +0000]  "GET /ajax/done_calculating/ HTTP/1.1" 200 55 "http://yipit.com/nation/" "Mozilla/5.0 (Windows NT 6.1) AppleWebKit/535.11 (KHTML, like Gecko) Chrome/17.0.963.79 Safari/535.11" 0.024 0.024 .
50.28.26.55 - - [24/Mar/2012:06:46:34 +0000]  "GET /v1/deals/?key=P5xxUChcwZuDvA7L&radius=50&lat=46.672099&lon=-103.923144 HTTP/1.1" 200 201 "-" "-" 0.325 0.325 .
50.57.121.254 - - [24/Mar/2012:06:46:34 +0000]  "GET /piedmont-triad/living-social/week-long-kids-dance-camp-from-july-30-to-august-3-or-august-6-to-10/?bp_ad=1 HTTP/1.1" 200 8758 "http://yipit.com/" "Mozilla/5.0 (Windows NT 6.1; WOW64) AppleWebKit/535.1 (KHTML, like Gecko) Chrome/13.0.782.220 Safari/535.1" 0.893 0.893 .
98.194.183.89 - - [24/Mar/2012:06:46:34 +0000]  "POST /ajax/unsubscribe/ HTTP/1.1" 200 0 "http://yipit.com/account/cities/" "Mozilla/5.0 (iPad; CPU OS 5_1 like Mac OS X) AppleWebKit/534.46 (KHTML, like Gecko) Version/5.1 Mobile/9B176 Safari/7534.48.3" 0.032 0.029 .
66.249.71.194 - - [24/Mar/2012:06:46:34 +0000]  "GET /aff/click/?deal=Cb2UbhHm&key=cFpZTv83 HTTP/1.1" 302 0 "-" "Mozilla/5.0 (compatible; Googlebot/2.1; +http://www.google.com/bot.html)" 0.036 0.036 .
50.57.121.254 - - [24/Mar/2012:06:46:34 +0000]  "GET /piedmont-triad/living-social/week-long-kids-dance-camp-from-july-30-to-august-3-or-august-6-to-10/frame/?subid1=web HTTP/1.1" 200 2650 "http://yipit.com/piedmont-triad/living-social/week-long-kids-dance-camp-from-july-30-to-august-3-or-august-6-to-10/?bp_ad=1" "Mozilla/5.0 (Windows NT 6.1; WOW64) AppleWebKit/535.1 (KHTML, like Gecko) Chrome/13.0.782.220 Safari/535.1" 0.046 0.046 .
50.57.121.254 - - [24/Mar/2012:06:46:34 +0000]  "GET /aff/click/?subid1=web&key=F38tgRdb&deal=BfgrYXSf HTTP/1.1" 302 0 "http://yipit.com/piedmont-triad/living-social/week-long-kids-dance-camp-from-july-30-to-august-3-or-august-6-to-10/frame/?subid1=web" "Mozilla/5.0 (Windows NT 6.1; WOW64) AppleWebKit/535.1 (KHTML, like Gecko) Chrome/13.0.782.220 Safari/535.1" 0.085 0.085 .
96.126.97.88 - - [24/Mar/2012:06:46:35 +0000]  "GET /v1/deals/7308556?key=4r9ZY65e5ZDX6CXe HTTP/1.1" 200 1878 "-" "-" 0.132 0.132 .
91.217.58.50 - - [24/Mar/2012:06:46:35 +0000]  "GET /ajax/done_calculating/ HTTP/1.1" 200 55 "http://yipit.com/nation/categories/home/" "Mozilla/5.0 (Windows NT 6.1; WOW64) AppleWebKit/535.11 (KHTML, like Gecko) Chrome/17.0.963.83 Safari/535.11" 0.024 0.024 .
99.141.56.211 - - [24/Mar/2012:06:46:35 +0000]  "GET /account/tags/ HTTP/1.1" 200 5642 "http://yipit.com/account/cities/" "Mozilla/5.0 (Windows NT 6.1; WOW64; rv:11.0) Gecko/20100101 Firefox/11.0" 0.232 0.232 .
208.115.113.86 - - [24/Mar/2012:06:46:35 +0000]  "GET /charlotte/living-social/8-pay-4-or-16-pay-8-to-spend-on-hot-dogs-burgers-and-more/ HTTP/1.1" 301 0 "-" "Mozilla/5.0 (compatible; Ezooms/1.0; ezooms.bot@gmail.com)" 0.054 0.054 .
74.208.243.65 - - [24/Mar/2012:06:46:35 +0000]  "GET /v1/deals/?phone=2022962100&key=wCYLZ6ZnhTgt7qzG HTTP/1.1" 200 178 "-" "-" 0.069 0.069 .
184.146.5.166 - - [24/Mar/2012:06:46:36 +0000]  "GET /san-francisco/all/?ajax=true&page=4&sort=-recent HTTP/1.1" 200 5641 "http://yipit.com/san-francisco/all/" "Mozilla/5.0 (Macintosh; Intel Mac OS X 10_7_3) AppleWebKit/534.53.11 (KHTML, like Gecko) Version/5.1.3 Safari/534.53.10" 1.423 1.422 .
50.28.26.55 - - [24/Mar/2012:06:46:36 +0000]  "GET /v1/deals/?key=P5xxUChcwZuDvA7L&radius=50&lat=46.373379&lon=-109.378110 HTTP/1.1" 200 201 "-" "-" 0.338 0.338 .
207.86.141.10 - yipit [24/Mar/2012:06:46:36 +0000]  "GET /sentry/jsapi/?sort=date&level=40&logger=&op=poll HTTP/1.1" 200 2085 "http://admin.yipit.com/sentry/?sort=date&level=40&logger=" "Mozilla/5.0 (Macintosh; Intel Mac OS X 10.7; rv:11.0) Gecko/20100101 Firefox/11.0" 0.050 0.050 .
173.255.213.127 - - [24/Mar/2012:06:46:36 +0000]  "GET /houston/living-social/four-chiropractic-adjustments-over-one-month-with-initial-exam-and-consultation-1/ HTTP/1.1" 200 40623 "-" "Mozilla/5.0 (Windows; U; Windows NT 5.1; en-US; rv:1.8.1.1) Gecko/2006120418 Firefox/2.0.0.1" 0.859 0.859 .
91.217.58.50 - - [24/Mar/2012:06:46:37 +0000]  "GET /ajax/done_calculating/ HTTP/1.1" 200 55 "http://yipit.com/nation/categories/home/" "Mozilla/5.0 (Windows NT 6.1; WOW64) AppleWebKit/535.11 (KHTML, like Gecko) Chrome/17.0.963.83 Safari/535.11" 0.026 0.026 .
208.115.113.86 - - [24/Mar/2012:06:46:37 +0000]  "GET /calgary/price-dodger/55-for-a-1-hour-ultrasonic-wave-session-for-weight-loss-30-minute-infrared-sauna-session-from-chehra-wellness-spa-180-value/ HTTP/1.1" 301 0 "-" "Mozilla/5.0 (compatible; Ezooms/1.0; ezooms.bot@gmail.com)" 0.045 0.045 .
96.126.97.88 - - [24/Mar/2012:06:46:37 +0000]  "GET /v1/deals/1376737?key=4r9ZY65e5ZDX6CXe HTTP/1.1" 200 114 "-" "-" 0.068 0.068 .
50.28.26.55 - - [24/Mar/2012:06:46:37 +0000]  "GET /v1/deals/?key=P5xxUChcwZuDvA7L&radius=50&lat=46.767912&lon=-103.767006 HTTP/1.1" 200 201 "-" "-" 0.293 0.293 .
208.115.113.86 - - [24/Mar/2012:06:46:37 +0000]  "GET /business/the-new-years-eve-masquerade-ball/ HTTP/1.1" 301 0 "-" "Mozilla/5.0 (compatible; Ezooms/1.0; ezooms.bot@gmail.com)" 0.057 0.057 .
208.115.113.86 - - [24/Mar/2012:06:46:38 +0000]  "GET /business/the-grille-at-spring-hollow-golf-club/ HTTP/1.1" 301 0 "-" "Mozilla/5.0 (compatible; Ezooms/1.0; ezooms.bot@gmail.com)" 0.054 0.054 .
91.217.58.50 - - [24/Mar/2012:06:46:38 +0000]  "GET /ajax/done_calculating/ HTTP/1.1" 200 55 "http://yipit.com/nation/categories/home/" "Mozilla/5.0 (Windows NT 6.1; WOW64) AppleWebKit/535.11 (KHTML, like Gecko) Chrome/17.0.963.83 Safari/535.11" 0.029 0.029 .
208.115.113.86 - - [24/Mar/2012:06:46:38 +0000]  "GET /business/the-pilates-body/ HTTP/1.1" 200 46423 "-" "Mozilla/5.0 (compatible; Ezooms/1.0; ezooms.bot@gmail.com)" 0.972 0.972 .
208.115.113.86 - - [24/Mar/2012:06:46:38 +0000]  "GET /business/tenpenny/ HTTP/1.1" 301 0 "-" "Mozilla/5.0 (compatible; Ezooms/1.0; ezooms.bot@gmail.com)" 0.052 0.052 .
208.115.113.86 - - [24/Mar/2012:06:46:39 +0000]  "GET /business/tempe-center-for-the-arts/ HTTP/1.1" 301 0 "-" "Mozilla/5.0 (compatible; Ezooms/1.0; ezooms.bot@gmail.com)" 0.060 0.060 .
66.249.71.194 - - [24/Mar/2012:06:46:39 +0000]  "GET /aff/click/?deal=r9zL4c3K&key=cFpZTv83 HTTP/1.1" 302 0 "-" "Mozilla/5.0 (compatible; Googlebot/2.1; +http://www.google.com/bot.html)" 0.040 0.040 .
76.94.232.169 - - [24/Mar/2012:06:46:39 +0000]  "GET /ajax/done_calculating/ HTTP/1.1" 200 55 "http://yipit.com/los-angeles/categories/restaurants/" "Mozilla/5.0 (Windows NT 5.1) AppleWebKit/535.11 (KHTML, like Gecko) Chrome/17.0.963.83 Safari/535.11" 0.023 0.023 .
207.86.141.10 - yipit [24/Mar/2012:06:46:39 +0000]  "GET /sentry/jsapi/?sort=date&level=40&logger=&op=poll HTTP/1.1" 200 2085 "http://admin.yipit.com/sentry/?sort=date&level=40&logger=" "Mozilla/5.0 (Macintosh; Intel Mac OS X 10.7; rv:11.0) Gecko/20100101 Firefox/11.0" 0.058 0.058 .
66.249.71.194 - - [24/Mar/2012:06:46:39 +0000]  "GET /aff/click/?deal=bnC6T6H2&key=6MfxVBDc HTTP/1.1" 301 0 "-" "Mozilla/5.0 (compatible; Googlebot/2.1; +http://www.google.com/bot.html)" 0.038 0.038 .
50.28.26.55 - - [24/Mar/2012:06:46:39 +0000]  "GET /v1/deals/?key=P5xxUChcwZuDvA7L&radius=50&lat=42.995706&lon=-71.816523 HTTP/1.1" 200 37057 "-" "-" 0.494 0.494 .
208.115.113.86 - - [24/Mar/2012:06:46:40 +0000]  "GET /austin/buywithme/up-to-56-off-cellulite-removing-slimming-treatments/ HTTP/1.1" 301 0 "-" "Mozilla/5.0 (compatible; Ezooms/1.0; ezooms.bot@gmail.com)" 0.049 0.049 .
183.82.97.2 - - [24/Mar/2012:06:46:40 +0000]  "GET /ajax/done_calculating/ HTTP/1.1" 200 55 "http://yipit.com/nation/" "Mozilla/5.0 (Windows NT 6.1) AppleWebKit/535.11 (KHTML, like Gecko) Chrome/17.0.963.79 Safari/535.11" 0.027 0.027 .
173.255.213.127 - - [24/Mar/2012:06:46:40 +0000]  "GET /houston/amazon-local/one-month-of-unlimited-fitness-classes-224/ HTTP/1.1" 200 38412 "-" "Mozilla/5.0 (Windows; U; Windows NT 5.1; en-US; rv:1.8.1.1) Gecko/2006120418 Firefox/2.0.0.1" 0.743 0.743 .
208.115.113.86 - - [24/Mar/2012:06:46:40 +0000]  "GET /austin/365-austin-deals/45-for-a-tour-of-austins-wackiest-sites-from-texpert-tours/ HTTP/1.1" 301 0 "-" "Mozilla/5.0 (compatible; Ezooms/1.0; ezooms.bot@gmail.com)" 0.048 0.048 .
208.115.113.86 - - [24/Mar/2012:06:46:40 +0000]  "GET /atlanta/scoutmob/50-off-at-mingles-martini-bar/ HTTP/1.1" 301 0 "-" "Mozilla/5.0 (compatible; Ezooms/1.0; ezooms.bot@gmail.com)" 0.048 0.048 .
173.255.213.127 - - [24/Mar/2012:06:46:40 +0000]  "GET /aff/click/?subid1=web&amp;key=F38tgRdb&amp;deal=HBVRr7vT HTTP/1.1" 302 0 "-" "Mozilla/5.0 (Windows; U; Windows NT 5.1; en-US; rv:1.8.1.1) Gecko/2006120418 Firefox/2.0.0.1" 0.042 0.042 .
207.46.13.50 - - [24/Mar/2012:06:46:41 +0000]  "GET /portland/ HTTP/1.1" 200 7836 "-" "Mozilla/5.0 (compatible; bingbot/2.0; +http://www.bing.com/bingbot.htm)" 0.672 0.672 .
50.28.26.55 - - [24/Mar/2012:06:46:41 +0000]  "GET /v1/deals/?key=P5xxUChcwZuDvA7L&radius=50&lat=46.382184&lon=-102.274497 HTTP/1.1" 200 201 "-" "-" 0.373 0.373 .
- - - [24/Mar/2012:06:46:41 +0000]  "-" 400 0 "-" "-" 0.000 - .
173.255.213.127 - - [24/Mar/2012:06:46:42 +0000]  "GET /houston/groupon/clothing-and-accessories-at-pashas-boutique-up-to-60-off-two-options-available/ HTTP/1.1" 200 43091 "-" "Mozilla/5.0 (Windows; U; Windows NT 5.1; en-US; rv:1.8.1.1) Gecko/2006120418 Firefox/2.0.0.1" 0.887 0.887 .
208.115.113.86 - - [24/Mar/2012:06:46:42 +0000]  "GET /albany/groupon/regular-or-synthetic-oil-change-and-tire-rotation-at-smittys-midas/ HTTP/1.1" 301 0 "-" "Mozilla/5.0 (compatible; Ezooms/1.0; ezooms.bot@gmail.com)" 0.051 0.051 .
76.94.232.169 - - [24/Mar/2012:06:46:42 +0000]  "GET /ajax/done_calculating/ HTTP/1.1" 200 55 "http://yipit.com/los-angeles/categories/restaurants/" "Mozilla/5.0 (Windows NT 5.1) AppleWebKit/535.11 (KHTML, like Gecko) Chrome/17.0.963.83 Safari/535.11" 0.024 0.024 .
173.255.213.127 - - [24/Mar/2012:06:46:42 +0000]  "GET /aff/click/?subid1=web&amp;key=F38tgRdb&amp;deal=gW765zLp HTTP/1.1" 302 0 "-" "Mozilla/5.0 (Windows; U; Windows NT 5.1; en-US; rv:1.8.1.1) Gecko/2006120418 Firefox/2.0.0.1" 0.047 0.047 .
50.28.26.55 - - [24/Mar/2012:06:46:42 +0000]  "GET /v1/deals/?key=P5xxUChcwZuDvA7L&radius=50&lat=35.513521&lon=-76.596484 HTTP/1.1" 200 200 "-" "-" 0.289 0.289 .
180.76.5.111 - - [24/Mar/2012:06:46:43 +0000]  "GET /business/mosaic-salons/ HTTP/1.1" 200 8974 "-" "Mozilla/5.0 (compatible; Baiduspider/2.0; +http://www.baidu.com/search/spider.html)" 1.069 1.069 .
173.255.213.127 - - [24/Mar/2012:06:46:43 +0000]  "GET /houston/groupon/two-or-three-hour-byob-painting-class-for-one-or-two-at-merlot-2-masterpiece-up-to-54-off/ HTTP/1.1" 200 43913 "-" "Mozilla/5.0 (Windows; U; Windows NT 5.1; en-US; rv:1.8.1.1) Gecko/2006120418 Firefox/2.0.0.1" 0.998 0.998 .
208.115.113.86 - - [24/Mar/2012:06:46:44 +0000]  "GET /buffalo/groupon/39-for-three-ballroom-social-or-latin-dance-lessons-at-arthur-murray-dance-studio-in-amherst-117-value/ HTTP/1.1" 301 0 "-" "Mozilla/5.0 (compatible; Ezooms/1.0; ezooms.bot@gmail.com)" 0.055 0.055 .
72.10.49.23 - - [24/Mar/2012:06:46:44 +0000]  "GET /v1/deals/?key=vLrdBm2WbmB3zQYh&division=phoenix&limit=500 HTTP/1.1" 200 136876 "-" "-" 5.309 5.309 .
208.115.113.86 - - [24/Mar/2012:06:46:44 +0000]  "GET /buffalo/groupon/10-for-movie-night-for-two-at-the-screening-room-cinema-cafe-in-amherst-25-value/ HTTP/1.1" 301 0 "-" "Mozilla/5.0 (compatible; Ezooms/1.0; ezooms.bot@gmail.com)" 0.055 0.055 .
50.57.121.254 - - [24/Mar/2012:06:46:44 +0000]  "GET /piedmont-triad/living-social/permanent-upper-eyeliner-or-one-dermal-skin-needling-treatment/?bp_ad=1 HTTP/1.1" 200 8362 "http://yipit.com/" "Mozilla/5.0 (Windows NT 6.1; WOW64) AppleWebKit/535.1 (KHTML, like Gecko) Chrome/13.0.782.220 Safari/535.1" 0.767 0.767 .
91.217.58.50 - - [24/Mar/2012:06:46:44 +0000]  "GET /ajax/done_calculating/ HTTP/1.1" 200 55 "http://yipit.com/nation/categories/home/" "Mozilla/5.0 (Windows NT 6.1; WOW64) AppleWebKit/535.11 (KHTML, like Gecko) Chrome/17.0.963.83 Safari/535.11" 0.027 0.027 .
183.82.97.2 - - [24/Mar/2012:06:46:44 +0000]  "GET /ajax/done_calculating/ HTTP/1.1" 200 55 "http://yipit.com/nation/" "Mozilla/5.0 (Windows NT 6.1) AppleWebKit/535.11 (KHTML, like Gecko) Chrome/17.0.963.79 Safari/535.11" 0.025 0.025 .
208.115.113.86 - - [24/Mar/2012:06:46:44 +0000]  "GET /buffalo/crowdsavings/99-for-either-eyelash-extensions-or-global-keratin-hair-treatment-200-value/ HTTP/1.1" 301 0 "-" "Mozilla/5.0 (compatible; Ezooms/1.0; ezooms.bot@gmail.com)" 0.050 0.050 .
50.57.121.254 - - [24/Mar/2012:06:46:44 +0000]  "GET /piedmont-triad/living-social/permanent-upper-eyeliner-or-one-dermal-skin-needling-treatment/frame/?subid1=web HTTP/1.1" 200 2636 "http://yipit.com/piedmont-triad/living-social/permanent-upper-eyeliner-or-one-dermal-skin-needling-treatment/?bp_ad=1" "Mozilla/5.0 (Windows NT 6.1; WOW64) AppleWebKit/535.1 (KHTML, like Gecko) Chrome/13.0.782.220 Safari/535.1" 0.051 0.051 .
50.57.121.254 - - [24/Mar/2012:06:46:44 +0000]  "GET /aff/click/?subid1=web&key=F38tgRdb&deal=jzakrTqn HTTP/1.1" 302 0 "http://yipit.com/piedmont-triad/living-social/permanent-upper-eyeliner-or-one-dermal-skin-needling-treatment/frame/?subid1=web" "Mozilla/5.0 (Windows NT 6.1; WOW64) AppleWebKit/535.1 (KHTML, like Gecko) Chrome/13.0.782.220 Safari/535.1" 0.091 0.091 .
208.115.113.86 - - [24/Mar/2012:06:46:44 +0000]  "GET /boston/wedding-channel-deals/save-200-on-services-from-boston-event-works/ HTTP/1.1" 301 0 "-" "Mozilla/5.0 (compatible; Ezooms/1.0; ezooms.bot@gmail.com)" 0.055 0.055 .
208.115.113.86 - - [24/Mar/2012:06:46:45 +0000]  "GET /boston/homerun/39-for-a-1-hour-hypnosis-session-at-open-hearts-healing-center-80-value/ HTTP/1.1" 301 0 "-" "Mozilla/5.0 (compatible; Ezooms/1.0; ezooms.bot@gmail.com)" 0.063 0.063 .
66.249.71.194 - - [24/Mar/2012:06:46:45 +0000]  "GET /north-jersey/groupon/two-or-five-stroller-fitness-classes-from-stroller-strides-of-northern-nj-up-to-55-off/ HTTP/1.1" 200 8009 "-" "Mozilla/5.0 (compatible; Googlebot/2.1; +http://www.google.com/bot.html)" 0.750 0.750 .
208.115.113.86 - - [24/Mar/2012:06:46:45 +0000]  "GET /boston/groupon/mediterranean-cuisine-at-mediterraneo-two-options-available-1/ HTTP/1.1" 301 0 "-" "Mozilla/5.0 (compatible; Ezooms/1.0; ezooms.bot@gmail.com)" 0.057 0.057 .
66.249.71.194 - - [24/Mar/2012:06:46:45 +0000]  "GET /nashville/deal-chicken/its-hatched-15-bought-two-hot-stone-plated-desserts/ HTTP/1.1" 301 0 "-" "Mozilla/5.0 (compatible; Googlebot/2.1; +http://www.google.com/bot.html)" 0.074 0.074 .
173.255.213.127 - - [24/Mar/2012:06:46:46 +0000]  "GET /aff/click/?subid1=web&amp;key=F38tgRdb&amp;deal=Ff7bCcMQ HTTP/1.1" 302 0 "-" "Mozilla/5.0 (Windows; U; Windows NT 5.1; en-US; rv:1.8.1.1) Gecko/2006120418 Firefox/2.0.0.1" 0.059 0.059 .
183.82.97.2 - - [24/Mar/2012:06:46:46 +0000]  "GET /ajax/done_calculating/ HTTP/1.1" 200 55 "http://yipit.com/nation/" "Mozilla/5.0 (Windows NT 6.1) AppleWebKit/535.11 (KHTML, like Gecko) Chrome/17.0.963.79 Safari/535.11" 0.026 0.026 .
50.28.26.55 - - [24/Mar/2012:06:46:46 +0000]  "GET /v1/deals/?key=P5xxUChcwZuDvA7L&radius=50&lat=42.761768&lon=-71.412573 HTTP/1.1" 200 37462 "-" "-" 0.582 0.582 .
208.115.113.86 - - [24/Mar/2012:06:46:46 +0000]  "GET /boston/gilt-city/sandy-burr-country-club-18-holes-of-golf-golf-cart/ HTTP/1.1" 301 0 "-" "Mozilla/5.0 (compatible; Ezooms/1.0; ezooms.bot@gmail.com)" 0.049 0.049 .
208.115.113.86 - - [24/Mar/2012:06:46:46 +0000]  "GET /business/ahwatukee-country-club/ HTTP/1.1" 200 48260 "-" "Mozilla/5.0 (compatible; Ezooms/1.0; ezooms.bot@gmail.com)" 3.228 3.228 .
- - - [24/Mar/2012:06:46:46 +0000]  "-" 400 0 "-" "-" 0.000 - .
208.115.113.86 - - [24/Mar/2012:06:46:46 +0000]  "GET /boston/boston/peter-pan-performances/ HTTP/1.1" 301 0 "-" "Mozilla/5.0 (compatible; Ezooms/1.0; ezooms.bot@gmail.com)" 0.048 0.048 .
76.94.232.169 - - [24/Mar/2012:06:46:47 +0000]  "GET /ajax/done_calculating/ HTTP/1.1" 200 55 "http://yipit.com/los-angeles/categories/restaurants/" "Mozilla/5.0 (Windows NT 5.1) AppleWebKit/535.11 (KHTML, like Gecko) Chrome/17.0.963.83 Safari/535.11" 0.021 0.021 .
66.249.71.194 - - [24/Mar/2012:06:46:47 +0000]  "GET /dayton/groupon/nine-hole-round-of-golf-for-two-or-four-with-cart-rental-at-forest-hills-country-club-in-middletown-up-to-56-off/ HTTP/1.1" 200 8508 "-" "Mozilla/5.0 (compatible; Googlebot/2.1; +http://www.google.com/bot.html)" 0.712 0.712 .
66.249.71.194 - - [24/Mar/2012:06:46:47 +0000]  "GET /san-diego/groupon/149-for-two-day-sailing-101-class-lifetime-membership-to-asa-and-book-rental-at-seaforth-boat-rentals-324-value/ HTTP/1.1" 301 0 "-" "Mozilla/5.0 (compatible; Googlebot/2.1; +http://www.google.com/bot.html)" 0.053 0.053 .
208.115.113.86 - - [24/Mar/2012:06:46:47 +0000]  "GET /baton-rouge/groupon/cajun-dinner-sundaythursday-or-friday-or-saturday-or-lunch-at-lafleurs-seafood-restaurant-half-off/ HTTP/1.1" 301 0 "-" "Mozilla/5.0 (compatible; Ezooms/1.0; ezooms.bot@gmail.com)" 0.052 0.052 .
63.223.110.52 - - [24/Mar/2012:06:46:47 +0000]  "POST /account/login/ HTTP/1.1" 302 0 "http://yipit.com/" "Mozilla/4.0 (compatible; MSIE 8.0; Windows NT 6.1; WOW64; Trident/4.0; SLCC2; .NET CLR 2.0.50727; .NET CLR 3.5.30729; .NET CLR 3.0.30729; Media Center PC 6.0; .NET4.0C; InfoPath.3; .NET4.0E; .NET CLR 1.1.4322)" 0.073 0.073 .
63.223.110.52 - - [24/Mar/2012:06:46:47 +0000]  "GET / HTTP/1.1" 302 0 "http://yipit.com/account/login/" "Mozilla/4.0 (compatible; MSIE 8.0; Windows NT 6.1; WOW64; Trident/4.0; SLCC2; .NET CLR 2.0.50727; .NET CLR 3.5.30729; .NET CLR 3.0.30729; Media Center PC 6.0; .NET4.0C; InfoPath.3; .NET4.0E; .NET CLR 1.1.4322)" 0.044 0.044 .
66.249.71.194 - - [24/Mar/2012:06:46:47 +0000]  "GET /aff/click/?deal=hyJvMCPx&key=AjvsEDEB HTTP/1.1" 301 0 "-" "Mozilla/5.0 (compatible; Googlebot/2.1; +http://www.google.com/bot.html)" 0.039 0.039 .
108.213.65.98 - - [24/Mar/2012:06:46:47 +0000]  "GET /nation/deals/womens-clothing/ HTTP/1.1" 200 5863 "http://yipit.com/nation/deal-a-thons/30-for-a-months-supply-of-underwear-from-american-apparel-310-value-redeemable-online-only-limited-quantity-available-1/" "Mozilla/5.0 (Macintosh; Intel Mac OS X 10_6_8) AppleWebKit/534.52.7 (KHTML, like Gecko) Version/5.1.2 Safari/534.52.7" 3.043 3.042 .
208.115.113.86 - - [24/Mar/2012:06:46:48 +0000]  "GET /baltimore/deals/weight-loss-hypnosis/ HTTP/1.1" 301 0 "-" "Mozilla/5.0 (compatible; Ezooms/1.0; ezooms.bot@gmail.com)" 0.035 0.035 .
193.47.80.51 - - [24/Mar/2012:06:46:48 +0000]  "GET /chicago/groupon/87-for-a-semiprivate-class-at-starlight-makeup-175-value/ HTTP/1.1" 301 0 "-" "Mozilla/5.0 (compatible; Exabot/3.0; +http://www.exabot.com/go/robot)" 0.054 0.054 .
208.115.113.86 - - [24/Mar/2012:06:46:48 +0000]  "GET /montreal/web-piggy/customized-gallery-wrapped-canvases/ HTTP/1.1" 301 0 "-" "Mozilla/5.0 (compatible; Ezooms/1.0; ezooms.bot@gmail.com)" 0.050 0.050 .
208.115.113.86 - - [24/Mar/2012:06:46:48 +0000]  "GET /montreal/tuango/gift-set-for-the-holidays/ HTTP/1.1" 301 0 "-" "Mozilla/5.0 (compatible; Ezooms/1.0; ezooms.bot@gmail.com)" 0.062 0.062 .
76.94.232.169 - - [24/Mar/2012:06:46:48 +0000]  "GET /ajax/done_calculating/ HTTP/1.1" 200 55 "http://yipit.com/los-angeles/categories/restaurants/" "Mozilla/5.0 (Windows NT 5.1) AppleWebKit/535.11 (KHTML, like Gecko) Chrome/17.0.963.83 Safari/535.11" 0.022 0.022 .
208.115.113.86 - - [24/Mar/2012:06:46:48 +0000]  "GET /montreal/kijiji/full-set-of-eyelash-extensions-26/ HTTP/1.1" 301 0 "-" "Mozilla/5.0 (compatible; Ezooms/1.0; ezooms.bot@gmail.com)" 0.045 0.045 .
208.115.111.70 - - [24/Mar/2012:06:46:48 +0000]  "GET /aff/click/?deal=84FD7p3y&key=cFpZTv83 HTTP/1.1" 301 0 "-" "Mozilla/5.0 (compatible; Ezooms/1.0; ezooms.bot@gmail.com)" 0.093 0.093 .
63.223.110.52 - - [24/Mar/2012:06:46:48 +0000]  "GET /san-jose/deal-find/20-for-a-20-class-pass-including-yoga-zumba-pilates-bootcamp-kickboxing-and-body-sculpting-at-kb-fitness-240-value/frame/?subid1=web HTTP/1.1" 200 2746 "http://yipit.com/ajax/deal_json/34/" "Mozilla/4.0 (compatible; MSIE 8.0; Windows NT 6.1; WOW64; Trident/4.0; SLCC2; .NET CLR 2.0.50727; .NET CLR 3.5.30729; .NET CLR 3.0.30729; Media Center PC 6.0; .NET4.0C; InfoPath.3; .NET4.0E; .NET CLR 1.1.4322)" 0.024 0.024 .
50.28.26.55 - - [24/Mar/2012:06:46:48 +0000]  "GET /v1/deals/?key=P5xxUChcwZuDvA7L&radius=50&lat=42.904431&lon=-71.777397 HTTP/1.1" 200 37057 "-" "-" 0.389 0.389 .
183.82.97.2 - - [24/Mar/2012:06:46:49 +0000]  "GET /ajax/done_calculating/ HTTP/1.1" 200 55 "http://yipit.com/nation/" "Mozilla/5.0 (Windows NT 6.1) AppleWebKit/535.11 (KHTML, like Gecko) Chrome/17.0.963.79 Safari/535.11" 0.028 0.028 .
208.115.113.86 - - [24/Mar/2012:06:46:49 +0000]  "GET /milwaukee/entertainment/pizza-and-italian-specialties/frame/?subid1=web HTTP/1.1" 301 0 "-" "Mozilla/5.0 (compatible; Ezooms/1.0; ezooms.bot@gmail.com)" 0.053 0.053 .
173.255.213.127 - - [24/Mar/2012:06:46:49 +0000]  "GET /houston/groupon/one-or-two-60-minute-deep-tissue-massages-with-hot-stones-at-soothe-therapeutic-massage-in-spring-up-to-54-off/ HTTP/1.1" 200 43628 "-" "Mozilla/5.0 (Windows; U; Windows NT 5.1; en-US; rv:1.8.1.1) Gecko/2006120418 Firefox/2.0.0.1" 1.012 1.012 .
208.115.113.86 - - [24/Mar/2012:06:46:49 +0000]  "GET /miami/groupon/brunch-with-unlimited-mimosas-for-two-four-or-six-at-mango-martini-restaurant-lounge-in-miami-lakes-up-to-61-off/ HTTP/1.1" 301 0 "-" "Mozilla/5.0 (compatible; Ezooms/1.0; ezooms.bot@gmail.com)" 0.058 0.058 .
208.115.113.86 - - [24/Mar/2012:06:46:49 +0000]  "GET /miami/groupon/bakery-fare-or-25-person-party-package-from-rico-bakery-amp-cafe/ HTTP/1.1" 301 0 "-" "Mozilla/5.0 (compatible; Ezooms/1.0; ezooms.bot@gmail.com)" 0.060 0.060 .
208.115.113.86 - - [24/Mar/2012:06:46:49 +0000]  "GET /miami/dealtificate/zoom-teeth-whitening-session/ HTTP/1.1" 301 0 "-" "Mozilla/5.0 (compatible; Ezooms/1.0; ezooms.bot@gmail.com)" 0.049 0.049 .
50.16.103.212 - - [24/Mar/2012:06:46:49 +0000]  "GET /v1/deals/?key=mBeLacBTtLrBdS89&division=el-paso&limit=5000 HTTP/1.1" 200 13601 "-" "-" 0.260 0.260 .
208.115.113.86 - - [24/Mar/2012:06:46:49 +0000]  "GET /miami/deals/european-facial/ HTTP/1.1" 301 0 "-" "Mozilla/5.0 (compatible; Ezooms/1.0; ezooms.bot@gmail.com)" 0.039 0.039 .
208.115.113.86 - - [24/Mar/2012:06:46:50 +0000]  "GET /miami/deal-saver/6-12-ft-flowering-tree/ HTTP/1.1" 301 0 "-" "Mozilla/5.0 (compatible; Ezooms/1.0; ezooms.bot@gmail.com)" 0.049 0.049 .
99.141.56.211 - - [24/Mar/2012:06:46:50 +0000]  "GET /account/tags/ HTTP/1.1" 200 5643 "http://yipit.com/account/tags/" "Mozilla/5.0 (Windows NT 6.1; WOW64; rv:11.0) Gecko/20100101 Firefox/11.0" 0.242 0.242 .
208.115.113.86 - - [24/Mar/2012:06:46:50 +0000]  "GET /los-angeles/screamin-coupons/39-for-a-one-hour-alpha-vital-facial-plus-a-15-gift-card-for-your-next-visit-at-orchid-skin-care-85-value/ HTTP/1.1" 301 0 "-" "Mozilla/5.0 (compatible; Ezooms/1.0; ezooms.bot@gmail.com)" 0.048 0.048 .
91.217.58.50 - - [24/Mar/2012:06:46:50 +0000]  "GET /ajax/done_calculating/ HTTP/1.1" 200 55 "http://yipit.com/nation/categories/home/" "Mozilla/5.0 (Windows NT 6.1; WOW64) AppleWebKit/535.11 (KHTML, like Gecko) Chrome/17.0.963.83 Safari/535.11" 0.026 0.026 .
183.82.97.2 - - [24/Mar/2012:06:46:50 +0000]  "GET /ajax/done_calculating/ HTTP/1.1" 200 55 "http://yipit.com/nation/" "Mozilla/5.0 (Windows NT 6.1) AppleWebKit/535.11 (KHTML, like Gecko) Chrome/17.0.963.79 Safari/535.11" 0.024 0.024 .
208.115.113.86 - - [24/Mar/2012:06:46:50 +0000]  "GET /los-angeles/screamin-coupons/25-for-a-natural-airbrush-tan-experience-from-instaglow-at-bob-roy-salon-50-value/ HTTP/1.1" 301 0 "-" "Mozilla/5.0 (compatible; Ezooms/1.0; ezooms.bot@gmail.com)" 0.044 0.044 .
50.28.26.55 - - [24/Mar/2012:06:46:50 +0000]  "GET /v1/deals/?key=P5xxUChcwZuDvA7L&radius=50&lat=42.989380&lon=-71.451909 HTTP/1.1" 200 36997 "-" "-" 0.436 0.436 .
208.115.113.86 - - [24/Mar/2012:06:46:51 +0000]  "GET /los-angeles/la-deals/125-for-70-minute-hypno-massage-reg-205/ HTTP/1.1" 301 0 "-" "Mozilla/5.0 (compatible; Ezooms/1.0; ezooms.bot@gmail.com)" 0.054 0.054 .
208.115.113.86 - - [24/Mar/2012:06:46:51 +0000]  "GET /los-angeles/groupon/parasailing-ride-for-two-or-three-from-parasail-catalina-up-to-half-off/ HTTP/1.1" 301 0 "-" "Mozilla/5.0 (compatible; Ezooms/1.0; ezooms.bot@gmail.com)" 0.056 0.056 .
66.249.71.194 - - [24/Mar/2012:06:46:51 +0000]  "GET /aff/click/?deal=h5paWwQm&key=AjvsEDEB HTTP/1.1" 301 0 "-" "Mozilla/5.0 (compatible; Googlebot/2.1; +http://www.google.com/bot.html)" 0.040 0.040 .
208.115.113.86 - - [24/Mar/2012:06:46:51 +0000]  "GET /los-angeles/google-offers/one-hour-of-batting-cage-use-2/ HTTP/1.1" 301 0 "-" "Mozilla/5.0 (compatible; Ezooms/1.0; ezooms.bot@gmail.com)" 0.057 0.057 .
63.223.110.52 - - [24/Mar/2012:06:46:51 +0000]  "GET /san-jose/deal-find/49-for-a-professional-carpet-cleaning-for-3-rooms-and-a-hallway-from-kleenteq-carpet-solutions-135-value/frame/?subid1=web HTTP/1.1" 200 2704 "http://yipit.com/ajax/deal_json/34/" "Mozilla/4.0 (compatible; MSIE 8.0; Windows NT 6.1; WOW64; Trident/4.0; SLCC2; .NET CLR 2.0.50727; .NET CLR 3.5.30729; .NET CLR 3.0.30729; Media Center PC 6.0; .NET4.0C; InfoPath.3; .NET4.0E; .NET CLR 1.1.4322)" 0.026 0.026 .
208.115.113.86 - - [24/Mar/2012:06:46:51 +0000]  "GET /los-angeles/entertainment/10-for-25-of-authentic-mexican-fare-at-las-calaveras-mexican-restaurant/ HTTP/1.1" 301 0 "-" "Mozilla/5.0 (compatible; Ezooms/1.0; ezooms.bot@gmail.com)" 0.047 0.047 .
180.76.5.65 - - [24/Mar/2012:06:46:51 +0000]  "GET /los-angeles/amazon-local/25-to-spend-on-wine-and-tapas/ HTTP/1.1" 301 0 "-" "Mozilla/5.0 (compatible; Baiduspider/2.0; +http://www.baidu.com/search/spider.html)" 0.058 0.058 .
207.86.141.10 - yipit [24/Mar/2012:06:46:52 +0000]  "GET /sentry/jsapi/?sort=date&level=40&logger=&op=poll HTTP/1.1" 200 2085 "http://admin.yipit.com/sentry/?sort=date&level=40&logger=" "Mozilla/5.0 (Macintosh; Intel Mac OS X 10.7; rv:11.0) Gecko/20100101 Firefox/11.0" 0.053 0.053 .
63.223.110.52 - - [24/Mar/2012:06:46:52 +0000]  "GET /aff/click/?subid1=web&amp;key=F38tgRdb&amp;deal=sfVumY8P HTTP/1.1" 302 0 "http://yipit.com/ajax/deal_json/34/" "Mozilla/4.0 (compatible; MSIE 8.0; Windows NT 6.1; WOW64; Trident/4.0; SLCC2; .NET CLR 2.0.50727; .NET CLR 3.5.30729; .NET CLR 3.0.30729; Media Center PC 6.0; .NET4.0C; InfoPath.3; .NET4.0E; .NET CLR 1.1.4322)" 0.090 0.090 .
183.82.97.2 - - [24/Mar/2012:06:46:52 +0000]  "GET /ajax/done_calculating/ HTTP/1.1" 200 55 "http://yipit.com/nation/" "Mozilla/5.0 (Windows NT 6.1) AppleWebKit/535.11 (KHTML, like Gecko) Chrome/17.0.963.79 Safari/535.11" 0.025 0.025 .
208.115.113.86 - - [24/Mar/2012:06:46:52 +0000]  "GET /los-angeles/big-city-deals/one-hour-psychic-reading/ HTTP/1.1" 301 0 "-" "Mozilla/5.0 (compatible; Ezooms/1.0; ezooms.bot@gmail.com)" 0.045 0.045 .
208.115.113.86 - - [24/Mar/2012:06:46:52 +0000]  "GET /new-york/lifebooker/149-for-20-units-of-botox-or-299-for-1-syringe-of-restylane/ HTTP/1.1" 301 0 "-" "Mozilla/5.0 (compatible; Ezooms/1.0; ezooms.bot@gmail.com)" 0.062 0.062 .
174.226.65.45 - yipit [24/Mar/2012:06:46:52 +0000]  "GET /v1/divisions/?key=s5ynGuEDzz7msDkP&limit=200 HTTP/1.1" 200 4123 "-" "Yipit/2.4 CFNetwork/548.1.4 Darwin/11.0.0" 0.056 0.056 .
23.21.193.77 - - [24/Mar/2012:06:46:52 +0000]  "GET /palm-springs/deal_directory/ HTTP/1.1" 301 0 "-" "Mozilla/5.0 (compatible; Googlebot/2.1; +http://www.google.com/bot.html)" 0.020 0.020 .
23.21.193.77 - - [24/Mar/2012:06:46:52 +0000]  "GET /palm-springs/ HTTP/1.1" 302 0 "-" "Mozilla/5.0 (compatible; Googlebot/2.1; +http://www.google.com/bot.html)" 0.036 0.036 .
63.223.110.52 - - [24/Mar/2012:06:46:53 +0000]  "GET /san-jose/all/?ajax=true&page=2&sort=-recent HTTP/1.1" 200 6288 "http://yipit.com/san-jose/all/" "Mozilla/4.0 (compatible; MSIE 8.0; Windows NT 6.1; WOW64; Trident/4.0; SLCC2; .NET CLR 2.0.50727; .NET CLR 3.5.30729; .NET CLR 3.0.30729; Media Center PC 6.0; .NET4.0C; InfoPath.3; .NET4.0E; .NET CLR 1.1.4322)" 0.036 0.036 .
- - - [24/Mar/2012:06:46:53 +0000]  "-" 400 0 "-" "-" 0.000 - .
