63.131.50.135 - - [24/Mar/2012:06:43:52 +0000]  "GET /new-york/urban-daddy-perks/wine-cheese-charcuterie-candlelight-and-a-perk/frame/?subid1=web HTTP/1.1" 200 2645 "http://yipit.com/new-york/categories/restaurants/" "Mozilla/5.0 (Macintosh; Intel Mac OS X 10_6_8) AppleWebKit/535.11 (KHTML, like Gecko) Chrome/17.0.963.79 Safari/535.11" 0.088 0.088 .
76.94.232.169 - - [24/Mar/2012:06:43:52 +0000]  "GET /ajax/done_calculating/ HTTP/1.1" 200 55 "http://yipit.com/los-angeles/categories/restaurants/" "Mozilla/5.0 (Windows NT 5.1) AppleWebKit/535.11 (KHTML, like Gecko) Chrome/17.0.963.83 Safari/535.11" 0.023 0.023 .
205.178.85.227 - - [24/Mar/2012:06:43:52 +0000]  "GET /chicago/ HTTP/1.1" 200 9669 "http://yipit.com/new-york/categories/fitness/" "Mozilla/5.0 (Windows NT 6.1; WOW64) AppleWebKit/535.11 (KHTML, like Gecko) Chrome/17.0.963.79 Safari/535.11" 0.524 0.524 .
71.178.207.17 - - [24/Mar/2012:06:43:53 +0000]  "GET /aff/click/?subid1=email&aid=VgBdb3Df&deal=4XwThTXY&key=F38tgRdb HTTP/1.1" 302 0 "http://yipit.com/washington-dc/plum-district/10-for-20-worth-of-fresh-food-and-drinks-at-saladworks/frame/?subid1=email&aid=VgBdb3Df" "Mozilla/5.0 (compatible; MSIE 9.0; Windows NT 6.1; Trident/5.0)" 0.082 0.082 .
180.76.5.151 - - [24/Mar/2012:06:43:53 +0000]  "GET /source/swarm-jam/ HTTP/1.1" 200 8600 "-" "Mozilla/5.0 (compatible; Baiduspider/2.0; +http://www.baidu.com/search/spider.html)" 1.361 1.361 .
- - - [24/Mar/2012:06:43:53 +0000]  "-" 400 0 "-" "-" 0.000 - .
91.217.58.50 - - [24/Mar/2012:06:43:53 +0000]  "GET /ajax/done_calculating/ HTTP/1.1" 200 55 "http://yipit.com/nation/categories/home/" "Mozilla/5.0 (Windows NT 6.1; WOW64) AppleWebKit/535.11 (KHTML, like Gecko) Chrome/17.0.963.83 Safari/535.11" 0.025 0.025 .
173.255.213.127 - - [24/Mar/2012:06:43:53 +0000]  "GET /aff/click/?subid1=web&amp;key=F38tgRdb&amp;deal=aJsD3KaH HTTP/1.1" 302 0 "-" "Mozilla/5.0 (Windows; U; Windows NT 5.1; en-US; rv:1.8.1.1) Gecko/2006120418 Firefox/2.0.0.1" 0.046 0.046 .
- - - [24/Mar/2012:06:43:54 +0000]  "-" 400 0 "-" "-" 0.000 - .
50.28.26.55 - - [24/Mar/2012:06:43:54 +0000]  "GET /v1/deals/?key=P5xxUChcwZuDvA7L&radius=50&lat=42.406200&lon=-83.580300 HTTP/1.1" 200 34518 "-" "-" 0.389 0.389 .
205.178.85.227 - - [24/Mar/2012:06:43:54 +0000]  "GET /chicago/all/?ajax=true HTTP/1.1" 200 6173 "http://yipit.com/chicago/" "Mozilla/5.0 (Windows NT 6.1; WOW64) AppleWebKit/535.11 (KHTML, like Gecko) Chrome/17.0.963.79 Safari/535.11" 1.307 1.307 .
50.57.147.166 - - [24/Mar/2012:06:43:54 +0000]  "HEAD /aff/click/?deal=kZugHCqa&key=FaUfF9Pn HTTP/1.1" 302 0 "-" "-" 0.062 0.062 .
205.178.85.227 - - [24/Mar/2012:06:43:54 +0000]  "GET /chicago/recommended/?ajax=true HTTP/1.1" 200 6058 "http://yipit.com/chicago/" "Mozilla/5.0 (Windows NT 6.1; WOW64) AppleWebKit/535.11 (KHTML, like Gecko) Chrome/17.0.963.79 Safari/535.11" 1.737 1.737 .
184.146.5.166 - - [24/Mar/2012:06:43:55 +0000]  "POST /locations/ HTTP/1.1" 302 0 "http://yipit.com/locations/" "Mozilla/5.0 (Macintosh; Intel Mac OS X 10_7_3) AppleWebKit/534.53.11 (KHTML, like Gecko) Version/5.1.3 Safari/534.53.10" 0.355 0.348 .
205.178.85.227 - - [24/Mar/2012:06:43:56 +0000]  "GET /chicago/categories/fitness/?ajax=true HTTP/1.1" 200 2891 "http://yipit.com/chicago/" "Mozilla/5.0 (Windows NT 6.1; WOW64) AppleWebKit/535.11 (KHTML, like Gecko) Chrome/17.0.963.79 Safari/535.11" 0.981 0.981 .
50.57.121.254 - - [24/Mar/2012:06:43:56 +0000]  "GET /vancouver/indulge-living/links-multi-colour-watch/?bp_ad=1 HTTP/1.1" 200 8420 "http://yipit.com/" "Mozilla/5.0 (Windows NT 6.1; WOW64) AppleWebKit/535.1 (KHTML, like Gecko) Chrome/13.0.782.220 Safari/535.1" 1.263 1.263 .
50.28.26.55 - - [24/Mar/2012:06:43:57 +0000]  "GET /v1/deals/?key=P5xxUChcwZuDvA7L&radius=50&lat=38.254979&lon=-92.138973 HTTP/1.1" 200 2069 "-" "-" 0.353 0.353 .
183.82.97.2 - - [24/Mar/2012:06:43:57 +0000]  "GET /ajax/done_calculating/ HTTP/1.1" 200 55 "http://yipit.com/nation/" "Mozilla/5.0 (Windows NT 6.1) AppleWebKit/535.11 (KHTML, like Gecko) Chrome/17.0.963.79 Safari/535.11" 0.027 0.027 .
70.167.183.190 - - [24/Mar/2012:06:43:57 +0000]  "GET /v1/deals/?key=QJ3KPudbN2HafGjU&division=orange-county&limit=5000 HTTP/1.1" 200 158019 "-" "-" 2.583 2.583 .
173.255.213.127 - - [24/Mar/2012:06:43:58 +0000]  "GET /aff/click/?subid1=web&amp;key=F38tgRdb&amp;deal=ftq2NeFw HTTP/1.1" 302 0 "-" "Mozilla/5.0 (Windows; U; Windows NT 5.1; en-US; rv:1.8.1.1) Gecko/2006120418 Firefox/2.0.0.1" 0.047 0.047 .
119.92.130.210 - yipit [24/Mar/2012:06:43:58 +0000]  "GET /yipit_admin/view/7329980 HTTP/1.1" 200 3485 "http://admin.yipit.com/yipit_admin/to_review?page=4" "Mozilla/5.0 (Windows NT 6.1; rv:10.0.2) Gecko/20100101 Firefox/10.0.2" 0.133 0.133 .
66.249.71.194 - - [24/Mar/2012:06:43:58 +0000]  "GET /aff/click/?deal=CyyuWcPu&key=F38tgRdb HTTP/1.1" 301 0 "-" "Mozilla/5.0 (compatible; Googlebot/2.1; +http://www.google.com/bot.html)" 0.036 0.036 .
184.146.5.166 - - [24/Mar/2012:06:43:58 +0000]  "GET /ajax/done_calculating/ HTTP/1.1" 200 54 "http://yipit.com/san-francisco/all/" "Mozilla/5.0 (Macintosh; Intel Mac OS X 10_7_3) AppleWebKit/534.53.11 (KHTML, like Gecko) Version/5.1.3 Safari/534.53.10" 0.045 0.044 .
50.57.147.166 - - [24/Mar/2012:06:43:58 +0000]  "HEAD /aff/click/?deal=2Pn3Z4rX&key=F38tgRdb HTTP/1.1" 302 0 "-" "-" 0.047 0.047 .
76.94.232.169 - - [24/Mar/2012:06:43:58 +0000]  "GET /ajax/done_calculating/ HTTP/1.1" 200 55 "http://yipit.com/los-angeles/categories/restaurants/" "Mozilla/5.0 (Windows NT 5.1) AppleWebKit/535.11 (KHTML, like Gecko) Chrome/17.0.963.83 Safari/535.11" 0.023 0.023 .
74.208.243.65 - - [24/Mar/2012:06:43:59 +0000]  "GET /v1/deals/?phone=9198297090&key=wCYLZ6ZnhTgt7qzG HTTP/1.1" 200 178 "-" "-" 0.070 0.070 .
- - - [24/Mar/2012:06:43:59 +0000]  "-" 400 0 "-" "-" 0.000 - .
63.223.110.52 - - [24/Mar/2012:06:43:59 +0000]  "GET /san-jose/deal-find/20-for-a-20-class-pass-including-yoga-zumba-pilates-bootcamp-kickboxing-and-body-sculpting-at-kb-fitness-240-value/frame/?subid1=web HTTP/1.1" 200 2746 "http://yipit.com/ajax/deal_json/34/" "Mozilla/4.0 (compatible; MSIE 8.0; Windows NT 6.1; WOW64; Trident/4.0; SLCC2; .NET CLR 2.0.50727; .NET CLR 3.5.30729; .NET CLR 3.0.30729; Media Center PC 6.0; .NET4.0C; InfoPath.3; .NET4.0E; .NET CLR 1.1.4322)" 0.026 0.026 .
91.217.58.50 - - [24/Mar/2012:06:43:59 +0000]  "GET /ajax/done_calculating/ HTTP/1.1" 200 55 "http://yipit.com/nation/categories/home/" "Mozilla/5.0 (Windows NT 6.1; WOW64) AppleWebKit/535.11 (KHTML, like Gecko) Chrome/17.0.963.83 Safari/535.11" 0.027 0.027 .
173.255.213.127 - - [24/Mar/2012:06:43:59 +0000]  "GET /green-bay/groupon/rafting-trips-for-two-or-four-on-peshtigo-or-menominee-river-from-kosirs-rapid-rafts-in-silver-cliff-up-to-54-off/ HTTP/1.1" 200 43270 "-" "Mozilla/5.0 (Windows; U; Windows NT 5.1; en-US; rv:1.8.1.1) Gecko/2006120418 Firefox/2.0.0.1" 1.193 1.193 .
184.146.5.166 - - [24/Mar/2012:06:43:59 +0000]  "GET /san-francisco/all/?ajax=true HTTP/1.1" 200 6094 "http://yipit.com/san-francisco/all/" "Mozilla/5.0 (Macintosh; Intel Mac OS X 10_7_3) AppleWebKit/534.53.11 (KHTML, like Gecko) Version/5.1.3 Safari/534.53.10" 2.464 2.463 .
50.28.26.55 - - [24/Mar/2012:06:43:59 +0000]  "GET /v1/deals/?key=P5xxUChcwZuDvA7L&radius=50&lat=38.029866&lon=-94.528158 HTTP/1.1" 200 1729 "-" "-" 0.382 0.382 .
209.200.43.87 - - [24/Mar/2012:06:44:00 +0000]  "GET /v1/deals/?key=hsNvapEBSU863rZA&paid=1&radius=20&lat=37.3511&lon=-93.4157&limit=50 HTTP/1.1" 200 115 "-" "-" 0.148 0.148 .
180.76.5.172 - - [24/Mar/2012:06:44:00 +0000]  "GET /edmonton/team-buy/deals/vitamins/ HTTP/1.1" 301 0 "-" "Mozilla/5.0 (compatible; Baiduspider/2.0; +http://www.baidu.com/search/spider.html)" 0.060 0.060 .
91.217.58.50 - - [24/Mar/2012:06:44:00 +0000]  "GET /ajax/done_calculating/ HTTP/1.1" 200 55 "http://yipit.com/nation/categories/home/" "Mozilla/5.0 (Windows NT 6.1; WOW64) AppleWebKit/535.11 (KHTML, like Gecko) Chrome/17.0.963.83 Safari/535.11" 0.028 0.028 .
173.255.213.127 - - [24/Mar/2012:06:44:01 +0000]  "GET /v1/deals/?key=rD3gbUagdMaYBmsD&limit=100&division=greenville HTTP/1.1" 200 36786 "-" "Mozilla/5.0 (Windows; U; Windows NT 5.1; en-US; rv:1.8.1.1) Gecko/2006120418 Firefox/2.0.0.1" 1.417 1.417 .
66.249.71.194 - - [24/Mar/2012:06:44:01 +0000]  "GET /aff/click/?deal=d6nNvvMs&key=AjvsEDEB HTTP/1.1" 301 0 "-" "Mozilla/5.0 (compatible; Googlebot/2.1; +http://www.google.com/bot.html)" 0.071 0.071 .
208.115.111.70 - - [24/Mar/2012:06:44:01 +0000]  "GET /atlanta/yp/50-off-2-individual-salsa-classes-or-one-couples-salsa-dance-class-from-salsaatlcom/frame/?subid1=web HTTP/1.1" 301 0 "-" "Mozilla/5.0 (compatible; Ezooms/1.0; ezooms.bot@gmail.com)" 0.051 0.051 .
180.76.6.227 - - [24/Mar/2012:06:44:02 +0000]  "GET /edmonton/ HTTP/1.1" 200 7934 "-" "Mozilla/5.0 (compatible; Baiduspider/2.0; +http://www.baidu.com/search/spider.html)" 0.734 0.734 .
183.82.97.2 - - [24/Mar/2012:06:44:02 +0000]  "GET /ajax/done_calculating/ HTTP/1.1" 200 55 "http://yipit.com/nation/" "Mozilla/5.0 (Windows NT 6.1) AppleWebKit/535.11 (KHTML, like Gecko) Chrome/17.0.963.79 Safari/535.11" 0.027 0.027 .
109.173.122.122, 41.77.168.5 - - [24/Mar/2012:06:44:02 +0000]  "GET /new-york/ HTTP/1.1" 200 8256 "-" "Mozilla/5.0 (Windows; U; Windows NT 5.1; de; rv:1.8.1.19) Gecko/20081201 Firefox/2.0.0.19" 1.639 1.639 .
91.217.58.50 - - [24/Mar/2012:06:44:02 +0000]  "GET /ajax/done_calculating/ HTTP/1.1" 200 55 "http://yipit.com/nation/categories/home/" "Mozilla/5.0 (Windows NT 6.1; WOW64) AppleWebKit/535.11 (KHTML, like Gecko) Chrome/17.0.963.83 Safari/535.11" 0.023 0.023 .
173.255.213.127 - - [24/Mar/2012:06:44:02 +0000]  "GET /greenville/groupon/50-for-200-toward-a-mattress-at-mattress-firm-130/ HTTP/1.1" 200 45895 "-" "Mozilla/5.0 (Windows; U; Windows NT 5.1; en-US; rv:1.8.1.1) Gecko/2006120418 Firefox/2.0.0.1" 0.995 0.995 .
68.174.150.227 - - [24/Mar/2012:06:44:03 +0000]  "GET /new-york/categories/fitness/?ajax=true HTTP/1.1" 200 5845 "http://yipit.com/new-york/categories/special-interest/" "Mozilla/5.0 (iPad; CPU OS 5_0_1 like Mac OS X) AppleWebKit/534.46 (KHTML, like Gecko) Version/5.1 Mobile/9A405 Safari/7534.48.3" 8.777 8.776 .
66.249.71.194 - - [24/Mar/2012:06:44:03 +0000]  "GET /aff/click/?deal=uzLEGgQX&key=cFpZTv83 HTTP/1.1" 301 0 "-" "Mozilla/5.0 (compatible; Googlebot/2.1; +http://www.google.com/bot.html)" 0.037 0.037 .
209.200.43.85 - - [24/Mar/2012:06:44:03 +0000]  "GET /v1/deals/?key=hsNvapEBSU863rZA&paid=1&radius=20&lat=48.65&lon=7.7&limit=50 HTTP/1.1" 200 115 "-" "-" 0.083 0.083 .
173.255.213.127 - - [24/Mar/2012:06:44:03 +0000]  "GET /aff/click/?subid1=web&amp;key=F38tgRdb&amp;deal=7ZFZu7jv HTTP/1.1" 302 0 "-" "Mozilla/5.0 (Windows; U; Windows NT 5.1; en-US; rv:1.8.1.1) Gecko/2006120418 Firefox/2.0.0.1" 0.047 0.047 .
76.94.232.169 - - [24/Mar/2012:06:44:03 +0000]  "GET /ajax/done_calculating/ HTTP/1.1" 200 55 "http://yipit.com/los-angeles/categories/restaurants/" "Mozilla/5.0 (Windows NT 5.1) AppleWebKit/535.11 (KHTML, like Gecko) Chrome/17.0.963.83 Safari/535.11" 0.023 0.023 .
63.223.110.52 - - [24/Mar/2012:06:44:03 +0000]  "GET /aff/click/?subid1=web&amp;key=F38tgRdb&amp;deal=4Tv3jAWG HTTP/1.1" 302 0 "http://yipit.com/ajax/deal_json/34/" "Mozilla/4.0 (compatible; MSIE 8.0; Windows NT 6.1; WOW64; Trident/4.0; SLCC2; .NET CLR 2.0.50727; .NET CLR 3.5.30729; .NET CLR 3.0.30729; Media Center PC 6.0; .NET4.0C; InfoPath.3; .NET4.0E; .NET CLR 1.1.4322)" 0.086 0.086 .
66.249.71.194 - - [24/Mar/2012:06:44:03 +0000]  "GET /aff/click/?deal=qGaj7tU6&key=cFpZTv83 HTTP/1.1" 301 0 "-" "Mozilla/5.0 (compatible; Googlebot/2.1; +http://www.google.com/bot.html)" 0.044 0.044 .
207.86.141.10 - yipit [24/Mar/2012:06:44:03 +0000]  "GET /sentry/jsapi/?sort=date&level=40&logger=&op=poll HTTP/1.1" 200 2080 "http://admin.yipit.com/sentry/?sort=date&level=40&logger=" "Mozilla/5.0 (Macintosh; Intel Mac OS X 10.7; rv:11.0) Gecko/20100101 Firefox/11.0" 0.049 0.049 .
50.57.121.254 - - [24/Mar/2012:06:44:04 +0000]  "GET / HTTP/1.1" 200 4803 "-" "Mozilla/5.0 (Windows NT 6.1; WOW64) AppleWebKit/535.1 (KHTML, like Gecko) Chrome/13.0.782.220 Safari/535.1" 0.033 0.033 .
118.208.208.146 - - [24/Mar/2012:06:44:04 +0000]  "GET /?type=f HTTP/1.1" 200 5081 "http://yipit.com/?type=f" "Mozilla/5.0 (Macintosh; Intel Mac OS X 10_6_8) AppleWebKit/535.11 (KHTML, like Gecko) Chrome/17.0.963.83 Safari/535.11" 0.059 0.059 .
50.28.26.55 - - [24/Mar/2012:06:44:04 +0000]  "GET /v1/deals/?key=P5xxUChcwZuDvA7L&radius=50&lat=39.523977&lon=-98.729378 HTTP/1.1" 200 200 "-" "-" 0.312 0.312 .
63.223.110.52 - - [24/Mar/2012:06:44:05 +0000]  "GET /san-jose/all/?ajax=true&page=4&sort=-recent HTTP/1.1" 200 33 "http://yipit.com/san-jose/all/" "Mozilla/4.0 (compatible; MSIE 8.0; Windows NT 6.1; WOW64; Trident/4.0; SLCC2; .NET CLR 2.0.50727; .NET CLR 3.5.30729; .NET CLR 3.0.30729; Media Center PC 6.0; .NET4.0C; InfoPath.3; .NET4.0E; .NET CLR 1.1.4322)" 0.026 0.026 .
- - - [24/Mar/2012:06:44:05 +0000]  "-" 400 0 "-" "-" 0.000 - .
50.57.121.254 - - [24/Mar/2012:06:44:05 +0000]  "GET /aff/click/?subid1=web&key=F38tgRdb&deal=YEvD54gm HTTP/1.1" 302 0 "http://yipit.com/vancouver/indulge-living/lightweight-silicon-digital-watch-choice-of-4-colors/frame/?subid1=web" "Mozilla/5.0 (Windows NT 6.1; WOW64) AppleWebKit/535.1 (KHTML, like Gecko) Chrome/13.0.782.220 Safari/535.1" 0.080 0.080 .
173.255.213.127 - - [24/Mar/2012:06:44:05 +0000]  "GET /greenville/living-social/skin-analysis-and-three-microdermabrasions-79-or-skin-analysis-and-three-microcurrent-skin-tightening-facial-treatments-99/ HTTP/1.1" 200 44286 "-" "Mozilla/5.0 (Windows; U; Windows NT 5.1; en-US; rv:1.8.1.1) Gecko/2006120418 Firefox/2.0.0.1" 0.859 0.859 .
209.200.43.86 - - [24/Mar/2012:06:44:05 +0000]  "GET /v1/deals/?key=hsNvapEBSU863rZA&paid=1&radius=20&lat=44.1333&lon=0.6667&limit=50 HTTP/1.1" 200 115 "-" "-" 0.057 0.057 .
66.249.71.194 - - [24/Mar/2012:06:44:05 +0000]  "GET /business/st-louis-cardinals/ HTTP/1.1" 200 10341 "-" "Mozilla/5.0 (compatible; Googlebot/2.1; +http://www.google.com/bot.html)" 1.431 1.431 .
118.208.208.146 - - [24/Mar/2012:06:44:06 +0000]  "GET /?type=f HTTP/1.1" 200 5082 "http://yipit.com/?type=f" "Mozilla/5.0 (Macintosh; Intel Mac OS X 10_6_8) AppleWebKit/535.11 (KHTML, like Gecko) Chrome/17.0.963.83 Safari/535.11" 0.058 0.058 .
173.255.213.127 - - [24/Mar/2012:06:44:06 +0000]  "GET /greenville/groupon/deep-tissue-or-swedish-massage-with-a-glass-of-wine-at-studio-rejuvenate-up-to-58-off-three-options-available/ HTTP/1.1" 200 39114 "-" "Mozilla/5.0 (Windows; U; Windows NT 5.1; en-US; rv:1.8.1.1) Gecko/2006120418 Firefox/2.0.0.1" 0.683 0.683 .
66.249.71.194 - - [24/Mar/2012:06:44:06 +0000]  "GET /aff/click/?deal=pZ6ShUUn&key=AjvsEDEB HTTP/1.1" 301 0 "-" "Mozilla/5.0 (compatible; Googlebot/2.1; +http://www.google.com/bot.html)" 0.036 0.036 .
183.82.97.2 - - [24/Mar/2012:06:44:06 +0000]  "GET /ajax/done_calculating/ HTTP/1.1" 200 55 "http://yipit.com/nation/" "Mozilla/5.0 (Windows NT 6.1) AppleWebKit/535.11 (KHTML, like Gecko) Chrome/17.0.963.79 Safari/535.11" 0.024 0.024 .
91.217.58.50 - - [24/Mar/2012:06:44:06 +0000]  "GET /ajax/done_calculating/ HTTP/1.1" 200 55 "http://yipit.com/nation/categories/home/" "Mozilla/5.0 (Windows NT 6.1; WOW64) AppleWebKit/535.11 (KHTML, like Gecko) Chrome/17.0.963.83 Safari/535.11" 0.025 0.025 .
207.86.141.10 - yipit [24/Mar/2012:06:44:07 +0000]  "GET /sentry/jsapi/?sort=date&level=40&logger=&op=poll HTTP/1.1" 200 2080 "http://admin.yipit.com/sentry/?sort=date&level=40&logger=" "Mozilla/5.0 (Macintosh; Intel Mac OS X 10.7; rv:11.0) Gecko/20100101 Firefox/11.0" 0.051 0.051 .
66.249.71.194 - - [24/Mar/2012:06:44:07 +0000]  "GET /albany/crowdsavings/deals/massage-therapy/ HTTP/1.1" 301 0 "-" "Mozilla/5.0 (compatible; Googlebot/2.1; +http://www.google.com/bot.html)" 0.045 0.045 .
23.21.193.77 - - [24/Mar/2012:06:44:07 +0000]  "GET /nashville/deal_directory/ HTTP/1.1" 301 0 "-" "Mozilla/5.0 (compatible; Googlebot/2.1; +http://www.google.com/bot.html)" 0.022 0.022 .
76.94.232.169 - - [24/Mar/2012:06:44:07 +0000]  "GET /ajax/done_calculating/ HTTP/1.1" 200 55 "http://yipit.com/los-angeles/categories/restaurants/" "Mozilla/5.0 (Windows NT 5.1) AppleWebKit/535.11 (KHTML, like Gecko) Chrome/17.0.963.83 Safari/535.11" 0.030 0.030 .
- - - [24/Mar/2012:06:44:08 +0000]  "-" 400 0 "-" "-" 0.000 - .
209.200.43.85 - - [24/Mar/2012:06:44:08 +0000]  "GET /v1/deals/?key=hsNvapEBSU863rZA&paid=1&radius=20&lat=43.3167&lon=-0.4&limit=50 HTTP/1.1" 200 115 "-" "-" 0.059 0.059 .
118.208.208.146 - - [24/Mar/2012:06:44:08 +0000]  "GET /?type=f HTTP/1.1" 200 5081 "http://yipit.com/?type=f" "Mozilla/5.0 (Macintosh; Intel Mac OS X 10_6_8) AppleWebKit/535.11 (KHTML, like Gecko) Chrome/17.0.963.83 Safari/535.11" 0.062 0.062 .
183.82.97.2 - - [24/Mar/2012:06:44:08 +0000]  "GET /ajax/done_calculating/ HTTP/1.1" 200 55 "http://yipit.com/nation/" "Mozilla/5.0 (Windows NT 6.1) AppleWebKit/535.11 (KHTML, like Gecko) Chrome/17.0.963.79 Safari/535.11" 0.029 0.029 .
91.217.58.50 - - [24/Mar/2012:06:44:08 +0000]  "GET /ajax/done_calculating/ HTTP/1.1" 200 55 "http://yipit.com/nation/categories/home/" "Mozilla/5.0 (Windows NT 6.1; WOW64) AppleWebKit/535.11 (KHTML, like Gecko) Chrome/17.0.963.83 Safari/535.11" 0.027 0.027 .
66.249.71.194 - - [24/Mar/2012:06:44:08 +0000]  "GET /san-diego/circle-buzz/62-for-a-week-of-camp-at-art-a-la-carte/ HTTP/1.1" 301 0 "-" "Mozilla/5.0 (compatible; Googlebot/2.1; +http://www.google.com/bot.html)" 0.046 0.046 .
50.57.147.166 - - [24/Mar/2012:06:44:08 +0000]  "HEAD /aff/click/?deal=J7ucgy7D&key=F38tgRdb HTTP/1.1" 302 0 "-" "-" 0.038 0.038 .
118.208.208.146 - - [24/Mar/2012:06:44:09 +0000]  "GET /?type=f HTTP/1.1" 200 5081 "http://yipit.com/?type=f" "Mozilla/5.0 (Macintosh; Intel Mac OS X 10_6_8) AppleWebKit/535.11 (KHTML, like Gecko) Chrome/17.0.963.83 Safari/535.11" 0.053 0.053 .
76.94.232.169 - - [24/Mar/2012:06:44:09 +0000]  "GET /ajax/done_calculating/ HTTP/1.1" 200 55 "http://yipit.com/los-angeles/categories/restaurants/" "Mozilla/5.0 (Windows NT 5.1) AppleWebKit/535.11 (KHTML, like Gecko) Chrome/17.0.963.83 Safari/535.11" 0.022 0.022 .
65.52.110.199 - - [24/Mar/2012:06:44:09 +0000]  "GET /san-diego/plum-district/5-for-10-worth-of-food-at-rubios-fresh-mexican-grill/ HTTP/1.1" 301 0 "-" "Mozilla/5.0 (compatible; bingbot/2.0; +http://www.bing.com/bingbot.htm)" 0.062 0.062 .
66.249.71.194 - - [24/Mar/2012:06:44:09 +0000]  "GET /aff/click/?subid1=web&key=F38tgRdb&deal=QwaB6VaY HTTP/1.1" 301 0 "-" "Mozilla/5.0 (compatible; Googlebot/2.1; +http://www.google.com/bot.html)" 0.042 0.042 .
65.52.110.199 - - [24/Mar/2012:06:44:09 +0000]  "GET /new-orleans/fetch-puppy/15-for-zumba-fitness-classes-passion-dance-center/ HTTP/1.1" 301 0 "-" "Mozilla/5.0 (compatible; bingbot/2.0; +http://www.bing.com/bingbot.htm)" 0.051 0.051 .
50.28.26.55 - - [24/Mar/2012:06:44:09 +0000]  "GET /v1/deals/?key=P5xxUChcwZuDvA7L&radius=50&lat=36.641299&lon=-81.181812 HTTP/1.1" 200 7000 "-" "-" 0.427 0.427 .
118.208.208.146 - - [24/Mar/2012:06:44:09 +0000]  "GET /?type=f HTTP/1.1" 200 5081 "http://yipit.com/?type=f" "Mozilla/5.0 (Macintosh; Intel Mac OS X 10_6_8) AppleWebKit/535.11 (KHTML, like Gecko) Chrome/17.0.963.83 Safari/535.11" 0.067 0.067 .
183.82.97.2 - - [24/Mar/2012:06:44:09 +0000]  "GET /ajax/done_calculating/ HTTP/1.1" 200 55 "http://yipit.com/nation/" "Mozilla/5.0 (Windows NT 6.1) AppleWebKit/535.11 (KHTML, like Gecko) Chrome/17.0.963.79 Safari/535.11" 0.025 0.025 .
50.57.121.254 - - [24/Mar/2012:06:44:09 +0000]  "GET /vancouver/indulge-living/indestructible-4-cup-capacity-dog-bowl-choice-of-4-colors/?bp_ad=1 HTTP/1.1" 200 8441 "http://yipit.com/" "Mozilla/5.0 (Windows NT 6.1; WOW64) AppleWebKit/535.1 (KHTML, like Gecko) Chrome/13.0.782.220 Safari/535.1" 0.866 0.866 .
91.217.58.50 - - [24/Mar/2012:06:44:09 +0000]  "GET /ajax/done_calculating/ HTTP/1.1" 200 55 "http://yipit.com/nation/categories/home/" "Mozilla/5.0 (Windows NT 6.1; WOW64) AppleWebKit/535.11 (KHTML, like Gecko) Chrome/17.0.963.83 Safari/535.11" 0.026 0.026 .
65.52.110.199 - - [24/Mar/2012:06:44:10 +0000]  "GET /houston/groupon/37-for-a-three-hour-digital-photography-class-from-pat-and-rays-studio-75-value/ HTTP/1.1" 301 0 "-" "Mozilla/5.0 (compatible; bingbot/2.0; +http://www.bing.com/bingbot.htm)" 0.056 0.056 .
207.46.13.115 - - [24/Mar/2012:06:44:10 +0000]  "GET /detroit/deals/hot-dogs/ HTTP/1.1" 301 0 "-" "Mozilla/5.0 (compatible; bingbot/2.0; +http://www.bing.com/bingbot.htm)" 0.037 0.037 .
50.57.121.254 - - [24/Mar/2012:06:44:10 +0000]  "GET /aff/click/?subid1=web&key=F38tgRdb&deal=6V7wDN6G HTTP/1.1" 302 0 "http://yipit.com/vancouver/indulge-living/indestructible-4-cup-capacity-dog-bowl-choice-of-4-colors/frame/?subid1=web" "Mozilla/5.0 (Windows NT 6.1; WOW64) AppleWebKit/535.1 (KHTML, like Gecko) Chrome/13.0.782.220 Safari/535.1" 0.082 0.082 .
207.86.141.10 - yipit [24/Mar/2012:06:44:10 +0000]  "GET /sentry/jsapi/?sort=date&level=40&logger=&op=poll HTTP/1.1" 200 2080 "http://admin.yipit.com/sentry/?sort=date&level=40&logger=" "Mozilla/5.0 (Macintosh; Intel Mac OS X 10.7; rv:11.0) Gecko/20100101 Firefox/11.0" 0.081 0.081 .
123.126.68.24 - - [24/Mar/2012:06:44:10 +0000]  "GET /montreal/jaunt-ca/tastes-for-all-palates-in-wine-country/frame/?subid1=web HTTP/1.1" 200 2680 "-" "Sogou web spider/4.0(+http://www.sogou.com/docs/help/webmasters.htm#07)" 0.051 0.051 .
180.76.5.182 - - [24/Mar/2012:06:44:10 +0000]  "GET /edmonton/wag-jag/73-off-carpet-cleaning/ HTTP/1.1" 301 0 "-" "Mozilla/5.0 (compatible; Baiduspider/2.0; +http://www.baidu.com/search/spider.html)" 0.050 0.050 .
157.55.17.147 - - [24/Mar/2012:06:44:10 +0000]  "GET /biz/240732/ny/new-york/brite-smile-2/deals HTTP/1.1" 301 0 "-" "Mozilla/5.0 (compatible; bingbot/2.0; +http://www.bing.com/bingbot.htm)" 0.025 0.025 .
65.52.110.199 - - [24/Mar/2012:06:44:10 +0000]  "GET /raleigh-durham/groupon/10-for-20-worth-of-olive-oil-vinegar-and-gourmet-gifts-at-green-gate-olive-oils-in-pinehurst/ HTTP/1.1" 301 0 "-" "Mozilla/5.0 (compatible; bingbot/2.0; +http://www.bing.com/bingbot.htm)" 0.057 0.057 .
59.177.141.194 - - [24/Mar/2012:06:44:10 +0000]  "GET / HTTP/1.1" 200 4801 "-" "Mozilla/5.0 (Windows NT 6.1) AppleWebKit/535.11 (KHTML, like Gecko) Chrome/17.0.963.83 Safari/535.11" 0.026 0.026 .
173.255.213.127 - - [24/Mar/2012:06:44:10 +0000]  "GET /greenville/living-social/20-to-spend-on-food-and-drink-2265/ HTTP/1.1" 200 42176 "-" "Mozilla/5.0 (Windows; U; Windows NT 5.1; en-US; rv:1.8.1.1) Gecko/2006120418 Firefox/2.0.0.1" 0.774 0.774 .
205.178.85.227 - - [24/Mar/2012:06:44:10 +0000]  "GET /aff/click/?subid1=web&key=F38tgRdb&deal=wXsBQrN5 HTTP/1.1" 302 0 "http://yipit.com/chicago/categories/fitness/" "Mozilla/5.0 (Windows NT 6.1; WOW64) AppleWebKit/535.11 (KHTML, like Gecko) Chrome/17.0.963.79 Safari/535.11" 0.084 0.084 .
119.92.130.210 - yipit [24/Mar/2012:06:44:11 +0000]  "GET /yipit_admin/view/7329985 HTTP/1.1" 200 3186 "http://admin.yipit.com/yipit_admin/to_review?page=4" "Mozilla/5.0 (Windows NT 6.1; rv:10.0.2) Gecko/20100101 Firefox/10.0.2" 0.101 0.101 .
183.82.97.2 - - [24/Mar/2012:06:44:11 +0000]  "GET /ajax/done_calculating/ HTTP/1.1" 200 55 "http://yipit.com/nation/" "Mozilla/5.0 (Windows NT 6.1) AppleWebKit/535.11 (KHTML, like Gecko) Chrome/17.0.963.79 Safari/535.11" 0.024 0.024 .
207.46.13.211 - - [24/Mar/2012:06:44:11 +0000]  "GET /miami/living-social/spa-treatment-with-hour-long-massage-and-facial-luncheon-with-champagne-tiki-hut-rental-on-the-beach-and-valet-parking/ HTTP/1.1" 301 0 "-" "Mozilla/5.0 (compatible; bingbot/2.0; +http://www.bing.com/bingbot.htm)" 0.054 0.054 .
180.76.5.175 - - [24/Mar/2012:06:44:12 +0000]  "GET /edmonton/ HTTP/1.1" 200 7843 "-" "Mozilla/5.0 (compatible; Baiduspider/2.0; +http://www.baidu.com/search/spider.html)" 1.158 1.158 .
66.249.71.194 - - [24/Mar/2012:06:44:12 +0000]  "GET /aff/click/?deal=JvNyHx8w&key=cFpZTv83 HTTP/1.1" 301 0 "-" "Mozilla/5.0 (compatible; Googlebot/2.1; +http://www.google.com/bot.html)" 0.039 0.039 .
173.255.213.127 - - [24/Mar/2012:06:44:12 +0000]  "GET /greenville/groupon/italian-and-mediterranean-dinner-with-wine-for-two-four-or-six-at-milano-kozani-restaurant-bar-up-to-58-off/ HTTP/1.1" 200 41140 "-" "Mozilla/5.0 (Windows; U; Windows NT 5.1; en-US; rv:1.8.1.1) Gecko/2006120418 Firefox/2.0.0.1" 0.801 0.801 .
50.57.147.166 - - [24/Mar/2012:06:44:12 +0000]  "HEAD /aff/click/?deal=fJFRpzZH&key=FaUfF9Pn HTTP/1.1" 302 0 "-" "-" 0.042 0.042 .
76.94.232.169 - - [24/Mar/2012:06:44:12 +0000]  "GET /ajax/done_calculating/ HTTP/1.1" 200 55 "http://yipit.com/los-angeles/categories/restaurants/" "Mozilla/5.0 (Windows NT 5.1) AppleWebKit/535.11 (KHTML, like Gecko) Chrome/17.0.963.83 Safari/535.11" 0.024 0.024 .
50.57.147.166 - - [24/Mar/2012:06:44:12 +0000]  "HEAD /aff/click/?deal=fJFRpzZH&key=F38tgRdb HTTP/1.1" 302 0 "-" "-" 0.040 0.040 .
50.28.26.55 - - [24/Mar/2012:06:44:12 +0000]  "GET /v1/deals/?key=P5xxUChcwZuDvA7L&radius=50&lat=38.384064&lon=-96.984996 HTTP/1.1" 200 200 "-" "-" 0.370 0.370 .
173.255.213.127 - - [24/Mar/2012:06:44:12 +0000]  "GET /aff/click/?subid1=web&amp;key=F38tgRdb&amp;deal=ReAjfGpD HTTP/1.1" 302 0 "-" "Mozilla/5.0 (Windows; U; Windows NT 5.1; en-US; rv:1.8.1.1) Gecko/2006120418 Firefox/2.0.0.1" 0.050 0.050 .
183.82.97.2 - - [24/Mar/2012:06:44:12 +0000]  "GET /ajax/done_calculating/ HTTP/1.1" 200 55 "http://yipit.com/nation/" "Mozilla/5.0 (Windows NT 6.1) AppleWebKit/535.11 (KHTML, like Gecko) Chrome/17.0.963.79 Safari/535.11" 0.025 0.025 .
59.177.141.194 - - [24/Mar/2012:06:44:12 +0000]  "GET /?type=f HTTP/1.1" 200 5082 "http://yipit.com/" "Mozilla/5.0 (Windows NT 6.1) AppleWebKit/535.11 (KHTML, like Gecko) Chrome/17.0.963.83 Safari/535.11" 0.089 0.089 .
91.217.58.50 - - [24/Mar/2012:06:44:12 +0000]  "GET /ajax/done_calculating/ HTTP/1.1" 200 55 "http://yipit.com/nation/categories/home/" "Mozilla/5.0 (Windows NT 6.1; WOW64) AppleWebKit/535.11 (KHTML, like Gecko) Chrome/17.0.963.83 Safari/535.11" 0.025 0.025 .
207.86.141.10 - yipit [24/Mar/2012:06:44:13 +0000]  "GET /sentry/jsapi/?sort=date&level=40&logger=&op=poll HTTP/1.1" 200 2080 "http://admin.yipit.com/sentry/?sort=date&level=40&logger=" "Mozilla/5.0 (Macintosh; Intel Mac OS X 10.7; rv:11.0) Gecko/20100101 Firefox/11.0" 0.052 0.052 .
209.200.43.85 - - [24/Mar/2012:06:44:13 +0000]  "GET /v1/deals/?key=hsNvapEBSU863rZA&paid=1&radius=20&lat=34.3021&lon=-118.721&limit=50 HTTP/1.1" 200 115 "-" "-" 0.015 0.015 .
50.28.26.55 - - [24/Mar/2012:06:44:14 +0000]  "GET /v1/deals/?key=P5xxUChcwZuDvA7L&radius=50&lat=39.463402&lon=-75.495698 HTTP/1.1" 200 37296 "-" "-" 1.290 1.290 .
59.177.141.194 - - [24/Mar/2012:06:44:14 +0000]  "GET /?type=f HTTP/1.1" 200 5082 "http://yipit.com/?type=f" "Mozilla/5.0 (Windows NT 6.1) AppleWebKit/535.11 (KHTML, like Gecko) Chrome/17.0.963.83 Safari/535.11" 0.055 0.055 .
66.249.71.194 - - [24/Mar/2012:06:44:14 +0000]  "GET /phoenix/living-social/three-man-hours-of-house-cleaning-20/ HTTP/1.1" 200 8093 "-" "Mozilla/5.0 (compatible; Googlebot/2.1; +http://www.google.com/bot.html)" 1.009 1.009 .
173.255.213.127 - - [24/Mar/2012:06:44:14 +0000]  "GET /greenville/groupon/69-for-one-day-rafting-two-night-camping-trip-on-the-new-river-from-river-expeditions-in-oak-hill-wv-a-132-value-2/ HTTP/1.1" 200 39887 "-" "Mozilla/5.0 (Windows; U; Windows NT 5.1; en-US; rv:1.8.1.1) Gecko/2006120418 Firefox/2.0.0.1" 0.733 0.733 .
50.18.114.219 - - [24/Mar/2012:06:44:14 +0000]  "GET /v1/deals/?key=PmQG4DPYgpYUuMWC&source=&division=los-angeles,san-francisco,new-york,chicago HTTP/1.1" 200 35419 "-" "-" 0.792 0.792 .
66.249.71.194 - - [24/Mar/2012:06:44:15 +0000]  "GET /aff/click/?subid1=web&key=F38tgRdb&deal=6tSs54DJ HTTP/1.1" 302 0 "-" "Mozilla/5.0 (compatible; Googlebot/2.1; +http://www.google.com/bot.html)" 0.046 0.046 .
76.94.232.169 - - [24/Mar/2012:06:44:15 +0000]  "GET /ajax/done_calculating/ HTTP/1.1" 200 55 "http://yipit.com/los-angeles/categories/restaurants/" "Mozilla/5.0 (Windows NT 5.1) AppleWebKit/535.11 (KHTML, like Gecko) Chrome/17.0.963.83 Safari/535.11" 0.026 0.026 .
50.57.121.254 - - [24/Mar/2012:06:44:15 +0000]  "GET /vancouver/indulge-living/authentic-german-cuisine-of-ploger-delikatessen/?bp_ad=1 HTTP/1.1" 200 8577 "http://yipit.com/" "Mozilla/5.0 (Windows NT 6.1; WOW64) AppleWebKit/535.1 (KHTML, like Gecko) Chrome/13.0.782.220 Safari/535.1" 1.102 1.102 .
50.57.147.166 - - [24/Mar/2012:06:44:15 +0000]  "HEAD /aff/click/?deal=7KsL4JKd&key=FaUfF9Pn HTTP/1.1" 302 0 "-" "-" 0.043 0.043 .
50.57.121.254 - - [24/Mar/2012:06:44:15 +0000]  "GET /vancouver/indulge-living/authentic-german-cuisine-of-ploger-delikatessen/frame/?subid1=web HTTP/1.1" 200 2605 "http://yipit.com/vancouver/indulge-living/authentic-german-cuisine-of-ploger-delikatessen/?bp_ad=1" "Mozilla/5.0 (Windows NT 6.1; WOW64) AppleWebKit/535.1 (KHTML, like Gecko) Chrome/13.0.782.220 Safari/535.1" 0.049 0.049 .
50.57.147.166 - - [24/Mar/2012:06:44:15 +0000]  "HEAD /aff/click/?deal=7KsL4JKd&key=F38tgRdb HTTP/1.1" 302 0 "-" "-" 0.056 0.056 .
50.57.121.254 - - [24/Mar/2012:06:44:15 +0000]  "GET /aff/click/?subid1=web&key=F38tgRdb&deal=TsuxzPTs HTTP/1.1" 302 0 "http://yipit.com/vancouver/indulge-living/authentic-german-cuisine-of-ploger-delikatessen/frame/?subid1=web" "Mozilla/5.0 (Windows NT 6.1; WOW64) AppleWebKit/535.1 (KHTML, like Gecko) Chrome/13.0.782.220 Safari/535.1" 0.081 0.081 .
59.177.141.194 - - [24/Mar/2012:06:44:15 +0000]  "GET /?type=f HTTP/1.1" 200 5081 "http://yipit.com/?type=f" "Mozilla/5.0 (Windows NT 6.1) AppleWebKit/535.11 (KHTML, like Gecko) Chrome/17.0.963.83 Safari/535.11" 0.063 0.063 .
91.217.58.50 - - [24/Mar/2012:06:44:15 +0000]  "GET /ajax/done_calculating/ HTTP/1.1" 200 55 "http://yipit.com/nation/categories/home/" "Mozilla/5.0 (Windows NT 6.1; WOW64) AppleWebKit/535.11 (KHTML, like Gecko) Chrome/17.0.963.83 Safari/535.11" 0.028 0.028 .
66.249.71.194 - - [24/Mar/2012:06:44:16 +0000]  "GET /aff/click/?deal=dFt5tMfj&key=AjvsEDEB HTTP/1.1" 301 0 "-" "Mozilla/5.0 (compatible; Googlebot/2.1; +http://www.google.com/bot.html)" 0.047 0.047 .
209.200.43.87 - - [24/Mar/2012:06:44:16 +0000]  "GET /v1/deals/?key=hsNvapEBSU863rZA&paid=1&radius=20&lat=38&lon=-97&limit=50 HTTP/1.1" 200 115 "-" "-" 0.014 0.014 .
207.86.141.10 - yipit [24/Mar/2012:06:44:16 +0000]  "GET /sentry/jsapi/?sort=date&level=40&logger=&op=poll HTTP/1.1" 200 2080 "http://admin.yipit.com/sentry/?sort=date&level=40&logger=" "Mozilla/5.0 (Macintosh; Intel Mac OS X 10.7; rv:11.0) Gecko/20100101 Firefox/11.0" 0.052 0.052 .
59.177.141.194 - - [24/Mar/2012:06:44:16 +0000]  "GET /?type=f HTTP/1.1" 200 5081 "http://yipit.com/?type=f" "Mozilla/5.0 (Windows NT 6.1) AppleWebKit/535.11 (KHTML, like Gecko) Chrome/17.0.963.83 Safari/535.11" 0.063 0.063 .
66.249.71.194 - - [24/Mar/2012:06:44:16 +0000]  "GET /aff/click/?deal=NVJJMGJp&key=AjvsEDEB HTTP/1.1" 301 0 "-" "Mozilla/5.0 (compatible; Googlebot/2.1; +http://www.google.com/bot.html)" 0.037 0.037 .
- - - [24/Mar/2012:06:44:16 +0000]  "-" 400 0 "-" "-" 0.000 - .
173.255.213.127 - - [24/Mar/2012:06:44:16 +0000]  "GET /aff/click/?subid1=web&amp;key=F38tgRdb&amp;deal=bV8bq7zM HTTP/1.1" 302 0 "-" "Mozilla/5.0 (Windows; U; Windows NT 5.1; en-US; rv:1.8.1.1) Gecko/2006120418 Firefox/2.0.0.1" 0.044 0.044 .
76.94.232.169 - - [24/Mar/2012:06:44:16 +0000]  "GET /ajax/done_calculating/ HTTP/1.1" 200 55 "http://yipit.com/los-angeles/categories/restaurants/" "Mozilla/5.0 (Windows NT 5.1) AppleWebKit/535.11 (KHTML, like Gecko) Chrome/17.0.963.83 Safari/535.11" 0.024 0.024 .
- - - [24/Mar/2012:06:44:17 +0000]  "-" 400 0 "-" "-" 0.000 - .
59.177.141.194 - - [24/Mar/2012:06:44:17 +0000]  "GET /?type=f HTTP/1.1" 200 5081 "http://yipit.com/?type=f" "Mozilla/5.0 (Windows NT 6.1) AppleWebKit/535.11 (KHTML, like Gecko) Chrome/17.0.963.83 Safari/535.11" 0.060 0.060 .
183.82.97.2 - - [24/Mar/2012:06:44:17 +0000]  "GET /ajax/done_calculating/ HTTP/1.1" 200 55 "http://yipit.com/nation/" "Mozilla/5.0 (Windows NT 6.1) AppleWebKit/535.11 (KHTML, like Gecko) Chrome/17.0.963.79 Safari/535.11" 0.026 0.026 .
66.249.71.194 - - [24/Mar/2012:06:44:17 +0000]  "GET /atlanta/living-social/three-hour-byob-painting-class-2/ HTTP/1.1" 301 0 "-" "Mozilla/5.0 (compatible; Googlebot/2.1; +http://www.google.com/bot.html)" 0.066 0.066 .
193.47.80.51 - - [24/Mar/2012:06:44:17 +0000]  "GET /san-diego/discover-sd/99-for-salon-services-at-ronk-hair-design/ HTTP/1.1" 301 0 "-" "Mozilla/5.0 (compatible; Exabot/3.0; +http://www.exabot.com/go/robot)" 0.052 0.052 .
59.177.141.194 - - [24/Mar/2012:06:44:18 +0000]  "GET /?type=f HTTP/1.1" 200 5083 "http://yipit.com/?type=f" "Mozilla/5.0 (Windows NT 6.1) AppleWebKit/535.11 (KHTML, like Gecko) Chrome/17.0.963.83 Safari/535.11" 0.171 0.171 .
98.246.46.125 - - [24/Mar/2012:06:44:18 +0000]  "GET /emailer/logo/17a70f95ddde4a80aafe8e0e9dba8d37/ HTTP/1.1" 200 4341 "-" "Mozilla/4.0 (compatible; MSIE 7.0; Windows NT 6.0; Trident/5.0; SLCC1; .NET CLR 2.0.50727; Media Center PC 5.0; .NET CLR 1.1.4322; .NET CLR 3.5.30729; .NET CLR 3.0.30729; .NET4.0C; BRI/1)" 0.123 0.123 .
173.255.213.127 - - [24/Mar/2012:06:44:18 +0000]  "GET /aff/click/?subid1=web&amp;key=F38tgRdb&amp;deal=MkSdx63L HTTP/1.1" 302 0 "-" "Mozilla/5.0 (Windows; U; Windows NT 5.1; en-US; rv:1.8.1.1) Gecko/2006120418 Firefox/2.0.0.1" 0.050 0.050 .
183.82.97.2 - - [24/Mar/2012:06:44:18 +0000]  "GET /ajax/done_calculating/ HTTP/1.1" 200 55 "http://yipit.com/nation/" "Mozilla/5.0 (Windows NT 6.1) AppleWebKit/535.11 (KHTML, like Gecko) Chrome/17.0.963.79 Safari/535.11" 0.026 0.026 .
205.178.85.227 - - [24/Mar/2012:06:44:18 +0000]  "GET /chicago/categories/dining-nightlife/?ajax=true HTTP/1.1" 200 5815 "http://yipit.com/chicago/categories/fitness/" "Mozilla/5.0 (Windows NT 6.1; WOW64) AppleWebKit/535.11 (KHTML, like Gecko) Chrome/17.0.963.79 Safari/535.11" 1.568 1.568 .
98.237.251.65 - - [24/Mar/2012:06:44:18 +0000]  "GET /business/bella-vita-medspa/ HTTP/1.1" 200 10868 "http://www.google.com/url?sa=t&rct=j&q=yipit%20los%20angeles%20bella%20vita&source=web&cd=1&ved=0CDYQFjAA&url=http%3A%2F%2Fyipit.com%2Fbusiness%2Fbella-vita-medspa%2F&ei=PG1tT4_gKeKIiALcmuTxCQ&usg=AFQjCNHdtYMkbB2CmJ1l1u_lswuDmaS_VA" "Mozilla/5.0 (Windows NT 6.1; WOW64; rv:10.0) Gecko/20100101 Firefox/10.0" 1.856 1.856 .
91.217.58.50 - - [24/Mar/2012:06:44:18 +0000]  "GET /ajax/done_calculating/ HTTP/1.1" 200 55 "http://yipit.com/nation/categories/home/" "Mozilla/5.0 (Windows NT 6.1; WOW64) AppleWebKit/535.11 (KHTML, like Gecko) Chrome/17.0.963.83 Safari/535.11" 0.023 0.023 .
- - - [24/Mar/2012:06:44:19 +0000]  "-" 400 0 "-" "-" 0.000 - .
50.57.147.166 - - [24/Mar/2012:06:44:19 +0000]  "HEAD /aff/click/?deal=xCFBtEnC&key=F38tgRdb HTTP/1.1" 302 0 "-" "-" 0.044 0.044 .
50.57.121.254 - - [24/Mar/2012:06:44:19 +0000]  "GET / HTTP/1.1" 200 4803 "-" "Mozilla/5.0 (Windows NT 6.1; WOW64) AppleWebKit/535.1 (KHTML, like Gecko) Chrome/13.0.782.220 Safari/535.1" 0.023 0.023 .
207.86.141.10 - yipit [24/Mar/2012:06:44:19 +0000]  "GET /sentry/jsapi/?sort=date&level=40&logger=&op=poll HTTP/1.1" 200 2080 "http://admin.yipit.com/sentry/?sort=date&level=40&logger=" "Mozilla/5.0 (Macintosh; Intel Mac OS X 10.7; rv:11.0) Gecko/20100101 Firefox/11.0" 0.052 0.052 .
59.177.141.194 - - [24/Mar/2012:06:44:19 +0000]  "GET /?type=f HTTP/1.1" 200 5081 "http://yipit.com/?type=f" "Mozilla/5.0 (Windows NT 6.1) AppleWebKit/535.11 (KHTML, like Gecko) Chrome/17.0.963.83 Safari/535.11" 0.065 0.065 .
119.92.130.210 - yipit [24/Mar/2012:06:44:19 +0000]  "GET /yipit_admin/deal/7329985 HTTP/1.1" 200 24248 "http://admin.yipit.com/yipit_admin/view/7329985" "Mozilla/5.0 (Windows NT 6.1; rv:10.0.2) Gecko/20100101 Firefox/10.0.2" 0.535 0.535 .
76.94.232.169 - - [24/Mar/2012:06:44:19 +0000]  "GET /ajax/done_calculating/ HTTP/1.1" 200 55 "http://yipit.com/los-angeles/categories/restaurants/" "Mozilla/5.0 (Windows NT 5.1) AppleWebKit/535.11 (KHTML, like Gecko) Chrome/17.0.963.83 Safari/535.11" 0.028 0.028 .
180.76.6.230 - - [24/Mar/2012:06:44:20 +0000]  "GET /el-paso/el-paso-times-daily-deal/mariscos-el-costeno-5-for-10-worth-of-delicious-seafood/ HTTP/1.1" 301 0 "-" "Mozilla/5.0 (compatible; Baiduspider/2.0; +http://www.baidu.com/search/spider.html)" 0.050 0.050 .
66.249.71.194 - - [24/Mar/2012:06:44:20 +0000]  "GET /portland/groupon/three-spray-tans-or-one-month-of-unlimited-uv-tanning-at-the-ultimate-tan-med-spa-up-to-71-off-1/ HTTP/1.1" 200 8596 "-" "Mozilla/5.0 (compatible; Googlebot/2.1; +http://www.google.com/bot.html)" 1.104 1.104 .
173.255.213.127 - - [24/Mar/2012:06:44:20 +0000]  "GET /halifax-nova-scotia/groupon/vertical-ice-wine-tasting-for-two-or-four-at-muir-murray-estate-winery-in-wolfville-up-to-52-off/ HTTP/1.1" 200 37171 "-" "Mozilla/5.0 (Windows; U; Windows NT 5.1; en-US; rv:1.8.1.1) Gecko/2006120418 Firefox/2.0.0.1" 0.691 0.691 .
183.82.97.2 - - [24/Mar/2012:06:44:20 +0000]  "GET /ajax/done_calculating/ HTTP/1.1" 200 55 "http://yipit.com/nation/" "Mozilla/5.0 (Windows NT 6.1) AppleWebKit/535.11 (KHTML, like Gecko) Chrome/17.0.963.79 Safari/535.11" 0.026 0.026 .
50.57.121.254 - - [24/Mar/2012:06:44:20 +0000]  "GET /vancouver/grooster/super-soft-bamboo-fingerless-gloves/frame/?subid1=web HTTP/1.1" 200 2585 "http://yipit.com/vancouver/grooster/super-soft-bamboo-fingerless-gloves/?bp_ad=1" "Mozilla/5.0 (Windows NT 6.1; WOW64) AppleWebKit/535.1 (KHTML, like Gecko) Chrome/13.0.782.220 Safari/535.1" 0.065 0.065 .
173.255.213.127 - - [24/Mar/2012:06:44:20 +0000]  "GET /aff/click/?subid1=web&amp;key=F38tgRdb&amp;deal=DmBaREYv HTTP/1.1" 302 0 "-" "Mozilla/5.0 (Windows; U; Windows NT 5.1; en-US; rv:1.8.1.1) Gecko/2006120418 Firefox/2.0.0.1" 0.047 0.047 .
50.57.121.254 - - [24/Mar/2012:06:44:20 +0000]  "GET /aff/click/?subid1=web&key=F38tgRdb&deal=PmVNDwnf HTTP/1.1" 302 0 "http://yipit.com/vancouver/grooster/super-soft-bamboo-fingerless-gloves/frame/?subid1=web" "Mozilla/5.0 (Windows NT 6.1; WOW64) AppleWebKit/535.1 (KHTML, like Gecko) Chrome/13.0.782.220 Safari/535.1" 0.096 0.096 .
66.249.71.194 - - [24/Mar/2012:06:44:21 +0000]  "GET /minneapolis/groupon/archery-outing-for-two-with-equipment-and-meal-or-open-shooting-at-average-joes-archery-up-to-67-off/ HTTP/1.1" 200 8906 "-" "Mozilla/5.0 (compatible; Googlebot/2.1; +http://www.google.com/bot.html)" 0.977 0.977 .
180.76.5.194 - - [24/Mar/2012:06:44:21 +0000]  "GET /business/mariscos-el-costeno/ HTTP/1.1" 200 8586 "-" "Mozilla/5.0 (compatible; Baiduspider/2.0; +http://www.baidu.com/search/spider.html)" 1.102 1.102 .
173.255.213.127 - - [24/Mar/2012:06:44:22 +0000]  "GET /halifax-nova-scotia/groupon/39-for-one-month-of-unlimited-classes-at-108-yoga-135-value-2/ HTTP/1.1" 200 43050 "-" "Mozilla/5.0 (Windows; U; Windows NT 5.1; en-US; rv:1.8.1.1) Gecko/2006120418 Firefox/2.0.0.1" 0.889 0.889 .
173.255.213.127 - - [24/Mar/2012:06:44:22 +0000]  "GET /aff/click/?subid1=web&amp;key=F38tgRdb&amp;deal=kgNXvHAX HTTP/1.1" 302 0 "-" "Mozilla/5.0 (Windows; U; Windows NT 5.1; en-US; rv:1.8.1.1) Gecko/2006120418 Firefox/2.0.0.1" 0.048 0.048 .
66.249.71.194 - - [24/Mar/2012:06:44:23 +0000]  "GET /business/art-a-la-carte/ HTTP/1.1" 200 10553 "-" "Mozilla/5.0 (compatible; Googlebot/2.1; +http://www.google.com/bot.html)" 1.459 1.459 .
183.82.97.2 - - [24/Mar/2012:06:44:23 +0000]  "GET /ajax/done_calculating/ HTTP/1.1" 200 55 "http://yipit.com/nation/" "Mozilla/5.0 (Windows NT 6.1) AppleWebKit/535.11 (KHTML, like Gecko) Chrome/17.0.963.79 Safari/535.11" 0.025 0.025 .
91.217.58.50 - - [24/Mar/2012:06:44:23 +0000]  "GET /ajax/done_calculating/ HTTP/1.1" 200 55 "http://yipit.com/nation/categories/home/" "Mozilla/5.0 (Windows NT 6.1; WOW64) AppleWebKit/535.11 (KHTML, like Gecko) Chrome/17.0.963.83 Safari/535.11" 0.025 0.025 .
207.46.13.148 - - [24/Mar/2012:06:44:23 +0000]  "GET /business/northside-facial-cosmetic-surgery/ HTTP/1.1" 301 0 "-" "Mozilla/5.0 (compatible; bingbot/2.0; +http://www.bing.com/bingbot.htm)" 0.052 0.052 .
50.28.26.55 - - [24/Mar/2012:06:44:23 +0000]  "GET /v1/deals/?key=P5xxUChcwZuDvA7L&radius=50&lat=42.293498&lon=-83.314834 HTTP/1.1" 200 34492 "-" "-" 0.364 0.364 .
66.249.71.194 - - [24/Mar/2012:06:44:24 +0000]  "GET /boise/tippr/98-for-4-teeth-whitening-sessions-from-smile-labs-of-boise-396-value/frame/?subid1=web HTTP/1.1" 301 0 "-" "Mozilla/5.0 (compatible; Googlebot/2.1; +http://www.google.com/bot.html)" 0.047 0.047 .
76.94.232.169 - - [24/Mar/2012:06:44:24 +0000]  "GET /ajax/done_calculating/ HTTP/1.1" 200 55 "http://yipit.com/los-angeles/categories/restaurants/" "Mozilla/5.0 (Windows NT 5.1) AppleWebKit/535.11 (KHTML, like Gecko) Chrome/17.0.963.83 Safari/535.11" 0.025 0.025 .
96.126.97.88 - - [24/Mar/2012:06:44:24 +0000]  "GET /v1/deals?key=4r9ZY65e5ZDX6CXe&limit=9&lat=38.5247919&lon=-90.3562793 HTTP/1.1" 200 15042 "-" "-" 0.749 0.749 .
209.200.43.84 - - [24/Mar/2012:06:44:24 +0000]  "GET /v1/deals/?key=hsNvapEBSU863rZA&paid=1&radius=20&lat=46&lon=2&limit=50 HTTP/1.1" 200 115 "-" "-" 0.015 0.015 .
68.183.55.100 - yipit [24/Mar/2012:06:44:24 +0000]  "GET /v1/divisions/?key=s5ynGuEDzz7msDkP&limit=200 HTTP/1.1" 200 4094 "-" "Yipit/2.4 CFNetwork/548.1.4 Darwin/11.0.0" 0.049 0.049 .
68.183.55.100 - yipit [24/Mar/2012:06:44:24 +0000]  "GET /v1/users/self?key=FhdqpTCkXk3tJRW3 HTTP/1.1" 200 626 "-" "Yipit/2.4 CFNetwork/548.1.4 Darwin/11.0.0" 0.132 0.132 .
91.217.58.50 - - [24/Mar/2012:06:44:24 +0000]  "GET /ajax/done_calculating/ HTTP/1.1" 200 55 "http://yipit.com/nation/categories/home/" "Mozilla/5.0 (Windows NT 6.1; WOW64) AppleWebKit/535.11 (KHTML, like Gecko) Chrome/17.0.963.83 Safari/535.11" 0.023 0.023 .
207.86.141.10 - yipit [24/Mar/2012:06:44:25 +0000]  "GET /sentry/jsapi/?sort=date&level=40&logger=&op=poll HTTP/1.1" 200 2080 "http://admin.yipit.com/sentry/?sort=date&level=40&logger=" "Mozilla/5.0 (Macintosh; Intel Mac OS X 10.7; rv:11.0) Gecko/20100101 Firefox/11.0" 0.050 0.050 .
50.57.147.166 - - [24/Mar/2012:06:44:25 +0000]  "HEAD /aff/click/?deal=SgKg2NLj&key=FaUfF9Pn HTTP/1.1" 302 0 "-" "-" 0.046 0.046 .
50.57.147.166 - - [24/Mar/2012:06:44:25 +0000]  "HEAD /aff/click/?deal=SgKg2NLj&key=F38tgRdb HTTP/1.1" 302 0 "-" "-" 0.060 0.060 .
66.249.71.194 - - [24/Mar/2012:06:44:25 +0000]  "GET /columbus/eversave/deals/fitness-classes/ HTTP/1.1" 301 0 "-" "Mozilla/5.0 (compatible; Googlebot/2.1; +http://www.google.com/bot.html)" 0.036 0.036 .
50.28.26.55 - - [24/Mar/2012:06:44:26 +0000]  "GET /v1/deals/?key=P5xxUChcwZuDvA7L&radius=50&lat=42.399446&lon=-83.291561 HTTP/1.1" 200 33344 "-" "-" 1.017 1.017 .
68.183.55.100 - yipit [24/Mar/2012:06:44:26 +0000]  "GET /v1/deals?key=s5ynGuEDzz7msDkP&lat=34.1621560950478&lon=-118.2530719028955&limit=50 HTTP/1.1" 200 12345 "-" "Yipit/2.4 CFNetwork/548.1.4 Darwin/11.0.0" 0.861 0.861 .
173.255.213.127 - - [24/Mar/2012:06:44:26 +0000]  "GET /halifax-nova-scotia/groupon/99-for-an-introductory-hang-gliding-lesson-from-maritime-hang-gliding-academy-in-cape-enrage-200-value-2/ HTTP/1.1" 200 43526 "-" "Mozilla/5.0 (Windows; U; Windows NT 5.1; en-US; rv:1.8.1.1) Gecko/2006120418 Firefox/2.0.0.1" 0.719 0.719 .
91.217.58.50 - - [24/Mar/2012:06:44:26 +0000]  "GET /ajax/done_calculating/ HTTP/1.1" 200 55 "http://yipit.com/nation/categories/home/" "Mozilla/5.0 (Windows NT 6.1; WOW64) AppleWebKit/535.11 (KHTML, like Gecko) Chrome/17.0.963.83 Safari/535.11" 0.024 0.024 .
66.249.71.194 - - [24/Mar/2012:06:44:26 +0000]  "GET /aff/click/?subid1=web&key=F38tgRdb&deal=jBHAwgkB HTTP/1.1" 302 0 "-" "Mozilla/5.0 (compatible; Googlebot/2.1; +http://www.google.com/bot.html)" 0.042 0.042 .
119.92.130.210 - yipit [24/Mar/2012:06:44:26 +0000]  "GET /ajax/deal_form/7329985?city__name=Tulsa&source__name=Groupon HTTP/1.1" 200 366 "http://admin.yipit.com/yipit_admin/deal/7329985" "Mozilla/5.0 (Windows NT 6.1; rv:10.0.2) Gecko/20100101 Firefox/10.0.2" 0.049 0.049 .
68.183.55.100 - yipit [24/Mar/2012:06:44:26 +0000]  "GET /v1/deals?key=s5ynGuEDzz7msDkP&lat=34.16233204292461&lon=-118.2528072026258&limit=50 HTTP/1.1" 200 12294 "-" "Yipit/2.4 CFNetwork/548.1.4 Darwin/11.0.0" 0.599 0.599 .
50.18.12.13 - - [24/Mar/2012:06:44:27 +0000]  "GET /v1/deals/?key=sR8Z9NF5j4Mv6mPt&tag=skiing%2Ctravel%2Cgolf%2Cconcerts%2Ctheater%2Csporting-events%2Cskydiving%2Cbowling&radius=30.0&lon=-122.4183333&lat=37.775&limit=50 HTTP/1.1" 200 18282 "" "Mozilla/5.0 (Windows NT 6.1; WOW64; rv:7.0.1) Gecko/20100101 Firefox/7.0.1" 0.535 0.535 .
76.94.232.169 - - [24/Mar/2012:06:44:27 +0000]  "GET /ajax/done_calculating/ HTTP/1.1" 200 55 "http://yipit.com/los-angeles/categories/restaurants/" "Mozilla/5.0 (Windows NT 5.1) AppleWebKit/535.11 (KHTML, like Gecko) Chrome/17.0.963.83 Safari/535.11" 0.118 0.118 .
118.208.208.146 - - [24/Mar/2012:06:44:28 +0000]  "GET /phoenix/ HTTP/1.1" 200 8234 "http://yipit.com/?type=f" "Mozilla/5.0 (Macintosh; Intel Mac OS X 10_6_8) AppleWebKit/535.11 (KHTML, like Gecko) Chrome/17.0.963.83 Safari/535.11" 0.609 0.609 .
- - - [24/Mar/2012:06:44:29 +0000]  "-" 400 0 "-" "-" 0.000 - .
76.93.146.57 - - [24/Mar/2012:06:44:29 +0000]  "GET /emailer/deal/576412863/7308555/ HTTP/1.1" 302 0 "-" "Mozilla/5.0 (iPad; CPU OS 5_1 like Mac OS X) AppleWebKit/534.46 (KHTML, like Gecko) Version/5.1 Mobile/9B176 Safari/7534.48.3" 0.251 0.250 .
- - - [24/Mar/2012:06:44:29 +0000]  "-" 400 0 "-" "-" 0.000 - .
50.57.147.166 - - [24/Mar/2012:06:44:29 +0000]  "HEAD /aff/click/?deal=uaf8RWkS&key=F38tgRdb HTTP/1.1" 302 0 "-" "-" 0.044 0.044 .
180.76.5.52 - - [24/Mar/2012:06:44:29 +0000]  "GET /el-paso/living-social/movie-package-including-two-tickets-two-large-drinks-and-one-large-popcorn/ HTTP/1.1" 301 0 "-" "Mozilla/5.0 (compatible; Baiduspider/2.0; +http://www.baidu.com/search/spider.html)" 0.054 0.054 .
173.255.213.127 - - [24/Mar/2012:06:44:29 +0000]  "GET /v1/deals/?key=rD3gbUagdMaYBmsD&limit=100&division=hampton-roads HTTP/1.1" 200 42872 "-" "Mozilla/5.0 (Windows; U; Windows NT 5.1; en-US; rv:1.8.1.1) Gecko/2006120418 Firefox/2.0.0.1" 1.650 1.650 .
207.46.13.100 - - [24/Mar/2012:06:44:30 +0000]  "GET /orlando/groupon/deluxe-pedicure-with-option-for-gel-polish-manicure-at-angela-nails-and-spa-up-to-52-off/ HTTP/1.1" 200 8637 "-" "Mozilla/5.0 (compatible; bingbot/2.0; +http://www.bing.com/bingbot.htm)" 1.008 1.008 .
76.94.232.169 - - [24/Mar/2012:06:44:30 +0000]  "GET /ajax/done_calculating/ HTTP/1.1" 200 55 "http://yipit.com/los-angeles/categories/restaurants/" "Mozilla/5.0 (Windows NT 5.1) AppleWebKit/535.11 (KHTML, like Gecko) Chrome/17.0.963.83 Safari/535.11" 0.034 0.034 .
50.57.121.254 - - [24/Mar/2012:06:44:30 +0000]  "GET /vancouver/bc-daily-deals/20-for-40-worth-of-food-and-drink-at-rustys-neighbourhood-pub-cloverdale/frame/?subid1=web HTTP/1.1" 200 2664 "http://yipit.com/vancouver/bc-daily-deals/20-for-40-worth-of-food-and-drink-at-rustys-neighbourhood-pub-cloverdale/?bp_ad=1" "Mozilla/5.0 (Windows NT 6.1; WOW64) AppleWebKit/535.1 (KHTML, like Gecko) Chrome/13.0.782.220 Safari/535.1" 0.052 0.052 .
50.57.121.254 - - [24/Mar/2012:06:44:30 +0000]  "GET /aff/click/?subid1=web&key=F38tgRdb&deal=Jgrxq5gG HTTP/1.1" 302 0 "http://yipit.com/vancouver/bc-daily-deals/20-for-40-worth-of-food-and-drink-at-rustys-neighbourhood-pub-cloverdale/frame/?subid1=web" "Mozilla/5.0 (Windows NT 6.1; WOW64) AppleWebKit/535.1 (KHTML, like Gecko) Chrome/13.0.782.220 Safari/535.1" 0.086 0.086 .
173.255.213.127 - - [24/Mar/2012:06:44:31 +0000]  "GET /hampton-roads/groupon/all-day-mini-golf-popcorn-and-drinks-for-two-four-or-six-at-jungle-golf-in-virginia-beach-up-to-60-off/ HTTP/1.1" 200 43785 "-" "Mozilla/5.0 (Windows; U; Windows NT 5.1; en-US; rv:1.8.1.1) Gecko/2006120418 Firefox/2.0.0.1" 0.966 0.966 .
173.255.213.127 - - [24/Mar/2012:06:44:31 +0000]  "GET /aff/click/?subid1=web&amp;key=F38tgRdb&amp;deal=fxgDm866 HTTP/1.1" 302 0 "-" "Mozilla/5.0 (Windows; U; Windows NT 5.1; en-US; rv:1.8.1.1) Gecko/2006120418 Firefox/2.0.0.1" 0.048 0.048 .
66.249.71.194 - - [24/Mar/2012:06:44:31 +0000]  "GET /austin/google-offers/18-for-oil-change-tire-check-inspection-36-value/ HTTP/1.1" 200 7931 "-" "Mozilla/5.0 (compatible; Googlebot/2.1; +http://www.google.com/bot.html)" 0.844 0.844 .
207.86.141.10 - yipit [24/Mar/2012:06:44:31 +0000]  "GET /sentry/jsapi/?sort=date&level=40&logger=&op=poll HTTP/1.1" 200 2080 "http://admin.yipit.com/sentry/?sort=date&level=40&logger=" "Mozilla/5.0 (Macintosh; Intel Mac OS X 10.7; rv:11.0) Gecko/20100101 Firefox/11.0" 0.065 0.065 .
76.94.232.169 - - [24/Mar/2012:06:44:31 +0000]  "GET /ajax/done_calculating/ HTTP/1.1" 200 55 "http://yipit.com/los-angeles/categories/restaurants/" "Mozilla/5.0 (Windows NT 5.1) AppleWebKit/535.11 (KHTML, like Gecko) Chrome/17.0.963.83 Safari/535.11" 0.024 0.024 .
118.208.208.146 - - [24/Mar/2012:06:44:32 +0000]  "GET /?type=f HTTP/1.1" 301 185 "http://yipit.com/?type=f" "Mozilla/5.0 (Macintosh; Intel Mac OS X 10_6_8) AppleWebKit/535.11 (KHTML, like Gecko) Chrome/17.0.963.83 Safari/535.11" 0.000 - .
183.82.97.2 - - [24/Mar/2012:06:44:32 +0000]  "GET /ajax/done_calculating/ HTTP/1.1" 200 55 "http://yipit.com/nation/" "Mozilla/5.0 (Windows NT 6.1) AppleWebKit/535.11 (KHTML, like Gecko) Chrome/17.0.963.79 Safari/535.11" 0.024 0.024 .
50.28.26.55 - - [24/Mar/2012:06:44:32 +0000]  "GET /v1/deals/?key=P5xxUChcwZuDvA7L&radius=50&lat=42.270866&lon=-83.131636 HTTP/1.1" 200 33343 "-" "-" 0.401 0.401 .
91.217.58.50 - - [24/Mar/2012:06:44:32 +0000]  "GET /ajax/done_calculating/ HTTP/1.1" 200 55 "http://yipit.com/nation/categories/home/" "Mozilla/5.0 (Windows NT 6.1; WOW64) AppleWebKit/535.11 (KHTML, like Gecko) Chrome/17.0.963.83 Safari/535.11" 0.023 0.023 .
174.129.61.152 - - [24/Mar/2012:06:44:32 +0000]  "GET /v1/deals/?key=ZL5Rqph4r3nCXJq9&radius=100&phone=801-572-5148&limit=100 HTTP/1.1" 200 924 "-" "Java/1.6.0_27" 0.061 0.061 .
66.249.71.194 - - [24/Mar/2012:06:44:32 +0000]  "GET /north-jersey/groupon/zoom-teeth-whitening-with-or-without-dental-exam-package-at-feiler-dental-associates-in-river-edge-up-to-80-off/ HTTP/1.1" 200 8874 "-" "Mozilla/5.0 (compatible; Googlebot/2.1; +http://www.google.com/bot.html)" 0.836 0.836 .
50.57.147.166 - - [24/Mar/2012:06:44:33 +0000]  "HEAD /aff/click/?deal=4WwNddxg&key=FaUfF9Pn HTTP/1.1" 302 0 "-" "-" 0.044 0.044 .
